<?xml version="1.0"?>
<link_info>
   <banner>MSP430 Linker Unix v16.9.4.LTS</banner>
   <copyright>Copyright (c) 2003-2017 Texas Instruments Incorporated</copyright>
   <link_time>0x5b3576e0</link_time>
   <link_errors>0x0</link_errors>
   <output_file>IONIS_env_sensor.out</output_file>
   <entry_point>
      <name>_c_int00_noargs_noexit</name>
      <address>0x402a</address>
   </entry_point>
   <input_file_list>
      <input_file id="fl-2">
         <path>./</path>
         <kind>object</kind>
         <file>bme280.obj</file>
         <name>bme280.obj</name>
      </input_file>
      <input_file id="fl-3">
         <path>./</path>
         <kind>object</kind>
         <file>clock_system.obj</file>
         <name>clock_system.obj</name>
      </input_file>
      <input_file id="fl-4">
         <path>./</path>
         <kind>object</kind>
         <file>main.obj</file>
         <name>main.obj</name>
      </input_file>
      <input_file id="fl-5">
         <path>./</path>
         <kind>object</kind>
         <file>mic.obj</file>
         <name>mic.obj</name>
      </input_file>
      <input_file id="fl-6">
         <path>./</path>
         <kind>object</kind>
         <file>peripherals.obj</file>
         <name>peripherals.obj</name>
      </input_file>
      <input_file id="fl-7">
         <path>./driverlib/MSP430F5xx_6xx/</path>
         <kind>object</kind>
         <file>adc10_a.obj</file>
         <name>adc10_a.obj</name>
      </input_file>
      <input_file id="fl-8">
         <path>./driverlib/MSP430F5xx_6xx/</path>
         <kind>object</kind>
         <file>adc12_a.obj</file>
         <name>adc12_a.obj</name>
      </input_file>
      <input_file id="fl-9">
         <path>./driverlib/MSP430F5xx_6xx/</path>
         <kind>object</kind>
         <file>aes.obj</file>
         <name>aes.obj</name>
      </input_file>
      <input_file id="fl-a">
         <path>./driverlib/MSP430F5xx_6xx/</path>
         <kind>object</kind>
         <file>battbak.obj</file>
         <name>battbak.obj</name>
      </input_file>
      <input_file id="fl-b">
         <path>./driverlib/MSP430F5xx_6xx/</path>
         <kind>object</kind>
         <file>comp_b.obj</file>
         <name>comp_b.obj</name>
      </input_file>
      <input_file id="fl-c">
         <path>./driverlib/MSP430F5xx_6xx/</path>
         <kind>object</kind>
         <file>crc.obj</file>
         <name>crc.obj</name>
      </input_file>
      <input_file id="fl-d">
         <path>./driverlib/MSP430F5xx_6xx/</path>
         <kind>object</kind>
         <file>ctsd16.obj</file>
         <name>ctsd16.obj</name>
      </input_file>
      <input_file id="fl-e">
         <path>./driverlib/MSP430F5xx_6xx/</path>
         <kind>object</kind>
         <file>dac12_a.obj</file>
         <name>dac12_a.obj</name>
      </input_file>
      <input_file id="fl-f">
         <path>./driverlib/MSP430F5xx_6xx/</path>
         <kind>object</kind>
         <file>dma.obj</file>
         <name>dma.obj</name>
      </input_file>
      <input_file id="fl-10">
         <path>./driverlib/MSP430F5xx_6xx/</path>
         <kind>object</kind>
         <file>eusci_a_spi.obj</file>
         <name>eusci_a_spi.obj</name>
      </input_file>
      <input_file id="fl-11">
         <path>./driverlib/MSP430F5xx_6xx/</path>
         <kind>object</kind>
         <file>eusci_a_uart.obj</file>
         <name>eusci_a_uart.obj</name>
      </input_file>
      <input_file id="fl-12">
         <path>./driverlib/MSP430F5xx_6xx/</path>
         <kind>object</kind>
         <file>eusci_b_i2c.obj</file>
         <name>eusci_b_i2c.obj</name>
      </input_file>
      <input_file id="fl-13">
         <path>./driverlib/MSP430F5xx_6xx/</path>
         <kind>object</kind>
         <file>eusci_b_spi.obj</file>
         <name>eusci_b_spi.obj</name>
      </input_file>
      <input_file id="fl-14">
         <path>./driverlib/MSP430F5xx_6xx/</path>
         <kind>object</kind>
         <file>flashctl.obj</file>
         <name>flashctl.obj</name>
      </input_file>
      <input_file id="fl-15">
         <path>./driverlib/MSP430F5xx_6xx/</path>
         <kind>object</kind>
         <file>gpio.obj</file>
         <name>gpio.obj</name>
      </input_file>
      <input_file id="fl-16">
         <path>./driverlib/MSP430F5xx_6xx/</path>
         <kind>object</kind>
         <file>lcd_b.obj</file>
         <name>lcd_b.obj</name>
      </input_file>
      <input_file id="fl-17">
         <path>./driverlib/MSP430F5xx_6xx/</path>
         <kind>object</kind>
         <file>lcd_c.obj</file>
         <name>lcd_c.obj</name>
      </input_file>
      <input_file id="fl-18">
         <path>./driverlib/MSP430F5xx_6xx/</path>
         <kind>object</kind>
         <file>ldopwr.obj</file>
         <name>ldopwr.obj</name>
      </input_file>
      <input_file id="fl-19">
         <path>./driverlib/MSP430F5xx_6xx/</path>
         <kind>object</kind>
         <file>mpy32.obj</file>
         <name>mpy32.obj</name>
      </input_file>
      <input_file id="fl-1a">
         <path>./driverlib/MSP430F5xx_6xx/</path>
         <kind>object</kind>
         <file>oa.obj</file>
         <name>oa.obj</name>
      </input_file>
      <input_file id="fl-1b">
         <path>./driverlib/MSP430F5xx_6xx/</path>
         <kind>object</kind>
         <file>pmap.obj</file>
         <name>pmap.obj</name>
      </input_file>
      <input_file id="fl-1c">
         <path>./driverlib/MSP430F5xx_6xx/</path>
         <kind>object</kind>
         <file>pmm.obj</file>
         <name>pmm.obj</name>
      </input_file>
      <input_file id="fl-1d">
         <path>./driverlib/MSP430F5xx_6xx/</path>
         <kind>object</kind>
         <file>ram.obj</file>
         <name>ram.obj</name>
      </input_file>
      <input_file id="fl-1e">
         <path>./driverlib/MSP430F5xx_6xx/</path>
         <kind>object</kind>
         <file>ref.obj</file>
         <name>ref.obj</name>
      </input_file>
      <input_file id="fl-1f">
         <path>./driverlib/MSP430F5xx_6xx/</path>
         <kind>object</kind>
         <file>rtc_a.obj</file>
         <name>rtc_a.obj</name>
      </input_file>
      <input_file id="fl-20">
         <path>./driverlib/MSP430F5xx_6xx/</path>
         <kind>object</kind>
         <file>rtc_b.obj</file>
         <name>rtc_b.obj</name>
      </input_file>
      <input_file id="fl-21">
         <path>./driverlib/MSP430F5xx_6xx/</path>
         <kind>object</kind>
         <file>rtc_c.obj</file>
         <name>rtc_c.obj</name>
      </input_file>
      <input_file id="fl-22">
         <path>./driverlib/MSP430F5xx_6xx/</path>
         <kind>object</kind>
         <file>sd24_b.obj</file>
         <name>sd24_b.obj</name>
      </input_file>
      <input_file id="fl-23">
         <path>./driverlib/MSP430F5xx_6xx/</path>
         <kind>object</kind>
         <file>sfr.obj</file>
         <name>sfr.obj</name>
      </input_file>
      <input_file id="fl-24">
         <path>./driverlib/MSP430F5xx_6xx/</path>
         <kind>object</kind>
         <file>sysctl.obj</file>
         <name>sysctl.obj</name>
      </input_file>
      <input_file id="fl-25">
         <path>./driverlib/MSP430F5xx_6xx/</path>
         <kind>object</kind>
         <file>tec.obj</file>
         <name>tec.obj</name>
      </input_file>
      <input_file id="fl-26">
         <path>./driverlib/MSP430F5xx_6xx/</path>
         <kind>object</kind>
         <file>timer_a.obj</file>
         <name>timer_a.obj</name>
      </input_file>
      <input_file id="fl-27">
         <path>./driverlib/MSP430F5xx_6xx/</path>
         <kind>object</kind>
         <file>timer_b.obj</file>
         <name>timer_b.obj</name>
      </input_file>
      <input_file id="fl-28">
         <path>./driverlib/MSP430F5xx_6xx/</path>
         <kind>object</kind>
         <file>timer_d.obj</file>
         <name>timer_d.obj</name>
      </input_file>
      <input_file id="fl-29">
         <path>./driverlib/MSP430F5xx_6xx/</path>
         <kind>object</kind>
         <file>tlv.obj</file>
         <name>tlv.obj</name>
      </input_file>
      <input_file id="fl-2a">
         <path>./driverlib/MSP430F5xx_6xx/</path>
         <kind>object</kind>
         <file>ucs.obj</file>
         <name>ucs.obj</name>
      </input_file>
      <input_file id="fl-2b">
         <path>./driverlib/MSP430F5xx_6xx/</path>
         <kind>object</kind>
         <file>usci_a_spi.obj</file>
         <name>usci_a_spi.obj</name>
      </input_file>
      <input_file id="fl-2c">
         <path>./driverlib/MSP430F5xx_6xx/</path>
         <kind>object</kind>
         <file>usci_a_uart.obj</file>
         <name>usci_a_uart.obj</name>
      </input_file>
      <input_file id="fl-2d">
         <path>./driverlib/MSP430F5xx_6xx/</path>
         <kind>object</kind>
         <file>usci_b_i2c.obj</file>
         <name>usci_b_i2c.obj</name>
      </input_file>
      <input_file id="fl-2e">
         <path>./driverlib/MSP430F5xx_6xx/</path>
         <kind>object</kind>
         <file>usci_b_spi.obj</file>
         <name>usci_b_spi.obj</name>
      </input_file>
      <input_file id="fl-2f">
         <path>./driverlib/MSP430F5xx_6xx/</path>
         <kind>object</kind>
         <file>wdt_a.obj</file>
         <name>wdt_a.obj</name>
      </input_file>
      <input_file id="fl-35">
         <kind>object</kind>
         <file>&lt;internal&gt;</file>
         <name>&lt;internal&gt;</name>
      </input_file>
      <input_file id="fl-50">
         <path>/Applications/ti/ccsv7/tools/compiler/ti-cgt-msp430_16.9.4.LTS/lib/</path>
         <kind>archive</kind>
         <file>rts430x_lc_rd_eabi.lib</file>
         <name>asr32.obj</name>
      </input_file>
      <input_file id="fl-51">
         <path>/Applications/ti/ccsv7/tools/compiler/ti-cgt-msp430_16.9.4.LTS/lib/</path>
         <kind>archive</kind>
         <file>rts430x_lc_rd_eabi.lib</file>
         <name>boot.obj</name>
      </input_file>
      <input_file id="fl-52">
         <path>/Applications/ti/ccsv7/tools/compiler/ti-cgt-msp430_16.9.4.LTS/lib/</path>
         <kind>archive</kind>
         <file>rts430x_lc_rd_eabi.lib</file>
         <name>boot_special.obj</name>
      </input_file>
      <input_file id="fl-53">
         <path>/Applications/ti/ccsv7/tools/compiler/ti-cgt-msp430_16.9.4.LTS/lib/</path>
         <kind>archive</kind>
         <file>rts430x_lc_rd_eabi.lib</file>
         <name>copy_decompress_lzss.obj</name>
      </input_file>
      <input_file id="fl-54">
         <path>/Applications/ti/ccsv7/tools/compiler/ti-cgt-msp430_16.9.4.LTS/lib/</path>
         <kind>archive</kind>
         <file>rts430x_lc_rd_eabi.lib</file>
         <name>copy_decompress_none.obj</name>
      </input_file>
      <input_file id="fl-55">
         <path>/Applications/ti/ccsv7/tools/compiler/ti-cgt-msp430_16.9.4.LTS/lib/</path>
         <kind>archive</kind>
         <file>rts430x_lc_rd_eabi.lib</file>
         <name>copy_zero_init.obj</name>
      </input_file>
      <input_file id="fl-56">
         <path>/Applications/ti/ccsv7/tools/compiler/ti-cgt-msp430_16.9.4.LTS/lib/</path>
         <kind>archive</kind>
         <file>rts430x_lc_rd_eabi.lib</file>
         <name>div16s.obj</name>
      </input_file>
      <input_file id="fl-57">
         <path>/Applications/ti/ccsv7/tools/compiler/ti-cgt-msp430_16.9.4.LTS/lib/</path>
         <kind>archive</kind>
         <file>rts430x_lc_rd_eabi.lib</file>
         <name>div16u.obj</name>
      </input_file>
      <input_file id="fl-58">
         <path>/Applications/ti/ccsv7/tools/compiler/ti-cgt-msp430_16.9.4.LTS/lib/</path>
         <kind>archive</kind>
         <file>rts430x_lc_rd_eabi.lib</file>
         <name>div32s.obj</name>
      </input_file>
      <input_file id="fl-59">
         <path>/Applications/ti/ccsv7/tools/compiler/ti-cgt-msp430_16.9.4.LTS/lib/</path>
         <kind>archive</kind>
         <file>rts430x_lc_rd_eabi.lib</file>
         <name>div32u.obj</name>
      </input_file>
      <input_file id="fl-5a">
         <path>/Applications/ti/ccsv7/tools/compiler/ti-cgt-msp430_16.9.4.LTS/lib/</path>
         <kind>archive</kind>
         <file>rts430x_lc_rd_eabi.lib</file>
         <name>div64s.obj</name>
      </input_file>
      <input_file id="fl-5b">
         <path>/Applications/ti/ccsv7/tools/compiler/ti-cgt-msp430_16.9.4.LTS/lib/</path>
         <kind>archive</kind>
         <file>rts430x_lc_rd_eabi.lib</file>
         <name>div64u.obj</name>
      </input_file>
      <input_file id="fl-5c">
         <path>/Applications/ti/ccsv7/tools/compiler/ti-cgt-msp430_16.9.4.LTS/lib/</path>
         <kind>archive</kind>
         <file>rts430x_lc_rd_eabi.lib</file>
         <name>exit.obj</name>
      </input_file>
      <input_file id="fl-5d">
         <path>/Applications/ti/ccsv7/tools/compiler/ti-cgt-msp430_16.9.4.LTS/lib/</path>
         <kind>archive</kind>
         <file>rts430x_lc_rd_eabi.lib</file>
         <name>exit_gvars.obj</name>
      </input_file>
      <input_file id="fl-5e">
         <path>/Applications/ti/ccsv7/tools/compiler/ti-cgt-msp430_16.9.4.LTS/lib/</path>
         <kind>archive</kind>
         <file>rts430x_lc_rd_eabi.lib</file>
         <name>int40.obj</name>
      </input_file>
      <input_file id="fl-5f">
         <path>/Applications/ti/ccsv7/tools/compiler/ti-cgt-msp430_16.9.4.LTS/lib/</path>
         <kind>archive</kind>
         <file>rts430x_lc_rd_eabi.lib</file>
         <name>int41.obj</name>
      </input_file>
      <input_file id="fl-60">
         <path>/Applications/ti/ccsv7/tools/compiler/ti-cgt-msp430_16.9.4.LTS/lib/</path>
         <kind>archive</kind>
         <file>rts430x_lc_rd_eabi.lib</file>
         <name>int42.obj</name>
      </input_file>
      <input_file id="fl-61">
         <path>/Applications/ti/ccsv7/tools/compiler/ti-cgt-msp430_16.9.4.LTS/lib/</path>
         <kind>archive</kind>
         <file>rts430x_lc_rd_eabi.lib</file>
         <name>int43.obj</name>
      </input_file>
      <input_file id="fl-62">
         <path>/Applications/ti/ccsv7/tools/compiler/ti-cgt-msp430_16.9.4.LTS/lib/</path>
         <kind>archive</kind>
         <file>rts430x_lc_rd_eabi.lib</file>
         <name>int44.obj</name>
      </input_file>
      <input_file id="fl-63">
         <path>/Applications/ti/ccsv7/tools/compiler/ti-cgt-msp430_16.9.4.LTS/lib/</path>
         <kind>archive</kind>
         <file>rts430x_lc_rd_eabi.lib</file>
         <name>int45.obj</name>
      </input_file>
      <input_file id="fl-64">
         <path>/Applications/ti/ccsv7/tools/compiler/ti-cgt-msp430_16.9.4.LTS/lib/</path>
         <kind>archive</kind>
         <file>rts430x_lc_rd_eabi.lib</file>
         <name>int46.obj</name>
      </input_file>
      <input_file id="fl-65">
         <path>/Applications/ti/ccsv7/tools/compiler/ti-cgt-msp430_16.9.4.LTS/lib/</path>
         <kind>archive</kind>
         <file>rts430x_lc_rd_eabi.lib</file>
         <name>int47.obj</name>
      </input_file>
      <input_file id="fl-66">
         <path>/Applications/ti/ccsv7/tools/compiler/ti-cgt-msp430_16.9.4.LTS/lib/</path>
         <kind>archive</kind>
         <file>rts430x_lc_rd_eabi.lib</file>
         <name>int49.obj</name>
      </input_file>
      <input_file id="fl-67">
         <path>/Applications/ti/ccsv7/tools/compiler/ti-cgt-msp430_16.9.4.LTS/lib/</path>
         <kind>archive</kind>
         <file>rts430x_lc_rd_eabi.lib</file>
         <name>int50.obj</name>
      </input_file>
      <input_file id="fl-68">
         <path>/Applications/ti/ccsv7/tools/compiler/ti-cgt-msp430_16.9.4.LTS/lib/</path>
         <kind>archive</kind>
         <file>rts430x_lc_rd_eabi.lib</file>
         <name>int51.obj</name>
      </input_file>
      <input_file id="fl-69">
         <path>/Applications/ti/ccsv7/tools/compiler/ti-cgt-msp430_16.9.4.LTS/lib/</path>
         <kind>archive</kind>
         <file>rts430x_lc_rd_eabi.lib</file>
         <name>int52.obj</name>
      </input_file>
      <input_file id="fl-6a">
         <path>/Applications/ti/ccsv7/tools/compiler/ti-cgt-msp430_16.9.4.LTS/lib/</path>
         <kind>archive</kind>
         <file>rts430x_lc_rd_eabi.lib</file>
         <name>int54.obj</name>
      </input_file>
      <input_file id="fl-6b">
         <path>/Applications/ti/ccsv7/tools/compiler/ti-cgt-msp430_16.9.4.LTS/lib/</path>
         <kind>archive</kind>
         <file>rts430x_lc_rd_eabi.lib</file>
         <name>int55.obj</name>
      </input_file>
      <input_file id="fl-6c">
         <path>/Applications/ti/ccsv7/tools/compiler/ti-cgt-msp430_16.9.4.LTS/lib/</path>
         <kind>archive</kind>
         <file>rts430x_lc_rd_eabi.lib</file>
         <name>int56.obj</name>
      </input_file>
      <input_file id="fl-6d">
         <path>/Applications/ti/ccsv7/tools/compiler/ti-cgt-msp430_16.9.4.LTS/lib/</path>
         <kind>archive</kind>
         <file>rts430x_lc_rd_eabi.lib</file>
         <name>int57.obj</name>
      </input_file>
      <input_file id="fl-6e">
         <path>/Applications/ti/ccsv7/tools/compiler/ti-cgt-msp430_16.9.4.LTS/lib/</path>
         <kind>archive</kind>
         <file>rts430x_lc_rd_eabi.lib</file>
         <name>int58.obj</name>
      </input_file>
      <input_file id="fl-6f">
         <path>/Applications/ti/ccsv7/tools/compiler/ti-cgt-msp430_16.9.4.LTS/lib/</path>
         <kind>archive</kind>
         <file>rts430x_lc_rd_eabi.lib</file>
         <name>int59.obj</name>
      </input_file>
      <input_file id="fl-70">
         <path>/Applications/ti/ccsv7/tools/compiler/ti-cgt-msp430_16.9.4.LTS/lib/</path>
         <kind>archive</kind>
         <file>rts430x_lc_rd_eabi.lib</file>
         <name>int60.obj</name>
      </input_file>
      <input_file id="fl-71">
         <path>/Applications/ti/ccsv7/tools/compiler/ti-cgt-msp430_16.9.4.LTS/lib/</path>
         <kind>archive</kind>
         <file>rts430x_lc_rd_eabi.lib</file>
         <name>int61.obj</name>
      </input_file>
      <input_file id="fl-72">
         <path>/Applications/ti/ccsv7/tools/compiler/ti-cgt-msp430_16.9.4.LTS/lib/</path>
         <kind>archive</kind>
         <file>rts430x_lc_rd_eabi.lib</file>
         <name>int62.obj</name>
      </input_file>
      <input_file id="fl-73">
         <path>/Applications/ti/ccsv7/tools/compiler/ti-cgt-msp430_16.9.4.LTS/lib/</path>
         <kind>archive</kind>
         <file>rts430x_lc_rd_eabi.lib</file>
         <name>isr_trap.obj</name>
      </input_file>
      <input_file id="fl-74">
         <path>/Applications/ti/ccsv7/tools/compiler/ti-cgt-msp430_16.9.4.LTS/lib/</path>
         <kind>archive</kind>
         <file>rts430x_lc_rd_eabi.lib</file>
         <name>llabs.obj</name>
      </input_file>
      <input_file id="fl-75">
         <path>/Applications/ti/ccsv7/tools/compiler/ti-cgt-msp430_16.9.4.LTS/lib/</path>
         <kind>archive</kind>
         <file>rts430x_lc_rd_eabi.lib</file>
         <name>lsl16.obj</name>
      </input_file>
      <input_file id="fl-76">
         <path>/Applications/ti/ccsv7/tools/compiler/ti-cgt-msp430_16.9.4.LTS/lib/</path>
         <kind>archive</kind>
         <file>rts430x_lc_rd_eabi.lib</file>
         <name>lsl32.obj</name>
      </input_file>
      <input_file id="fl-77">
         <path>/Applications/ti/ccsv7/tools/compiler/ti-cgt-msp430_16.9.4.LTS/lib/</path>
         <kind>archive</kind>
         <file>rts430x_lc_rd_eabi.lib</file>
         <name>lsl64.obj</name>
      </input_file>
      <input_file id="fl-78">
         <path>/Applications/ti/ccsv7/tools/compiler/ti-cgt-msp430_16.9.4.LTS/lib/</path>
         <kind>archive</kind>
         <file>rts430x_lc_rd_eabi.lib</file>
         <name>lsr16.obj</name>
      </input_file>
      <input_file id="fl-79">
         <path>/Applications/ti/ccsv7/tools/compiler/ti-cgt-msp430_16.9.4.LTS/lib/</path>
         <kind>archive</kind>
         <file>rts430x_lc_rd_eabi.lib</file>
         <name>lsr32.obj</name>
      </input_file>
      <input_file id="fl-7a">
         <path>/Applications/ti/ccsv7/tools/compiler/ti-cgt-msp430_16.9.4.LTS/lib/</path>
         <kind>archive</kind>
         <file>rts430x_lc_rd_eabi.lib</file>
         <name>lsr64.obj</name>
      </input_file>
      <input_file id="fl-7b">
         <path>/Applications/ti/ccsv7/tools/compiler/ti-cgt-msp430_16.9.4.LTS/lib/</path>
         <kind>archive</kind>
         <file>rts430x_lc_rd_eabi.lib</file>
         <name>ltoa.obj</name>
      </input_file>
      <input_file id="fl-7c">
         <path>/Applications/ti/ccsv7/tools/compiler/ti-cgt-msp430_16.9.4.LTS/lib/</path>
         <kind>archive</kind>
         <file>rts430x_lc_rd_eabi.lib</file>
         <name>memcpy.obj</name>
      </input_file>
      <input_file id="fl-7d">
         <path>/Applications/ti/ccsv7/tools/compiler/ti-cgt-msp430_16.9.4.LTS/lib/</path>
         <kind>archive</kind>
         <file>rts430x_lc_rd_eabi.lib</file>
         <name>memset.obj</name>
      </input_file>
      <input_file id="fl-7e">
         <path>/Applications/ti/ccsv7/tools/compiler/ti-cgt-msp430_16.9.4.LTS/lib/</path>
         <kind>archive</kind>
         <file>rts430x_lc_rd_eabi.lib</file>
         <name>mpu_init.obj</name>
      </input_file>
      <input_file id="fl-7f">
         <path>/Applications/ti/ccsv7/tools/compiler/ti-cgt-msp430_16.9.4.LTS/lib/</path>
         <kind>archive</kind>
         <file>rts430x_lc_rd_eabi.lib</file>
         <name>mult1632_f5hw.obj</name>
      </input_file>
      <input_file id="fl-80">
         <path>/Applications/ti/ccsv7/tools/compiler/ti-cgt-msp430_16.9.4.LTS/lib/</path>
         <kind>archive</kind>
         <file>rts430x_lc_rd_eabi.lib</file>
         <name>mult16_f5hw.obj</name>
      </input_file>
      <input_file id="fl-81">
         <path>/Applications/ti/ccsv7/tools/compiler/ti-cgt-msp430_16.9.4.LTS/lib/</path>
         <kind>archive</kind>
         <file>rts430x_lc_rd_eabi.lib</file>
         <name>mult32.obj</name>
      </input_file>
      <input_file id="fl-82">
         <path>/Applications/ti/ccsv7/tools/compiler/ti-cgt-msp430_16.9.4.LTS/lib/</path>
         <kind>archive</kind>
         <file>rts430x_lc_rd_eabi.lib</file>
         <name>mult3264_f5hw.obj</name>
      </input_file>
      <input_file id="fl-83">
         <path>/Applications/ti/ccsv7/tools/compiler/ti-cgt-msp430_16.9.4.LTS/lib/</path>
         <kind>archive</kind>
         <file>rts430x_lc_rd_eabi.lib</file>
         <name>mult32_f5hw.obj</name>
      </input_file>
      <input_file id="fl-84">
         <path>/Applications/ti/ccsv7/tools/compiler/ti-cgt-msp430_16.9.4.LTS/lib/</path>
         <kind>archive</kind>
         <file>rts430x_lc_rd_eabi.lib</file>
         <name>mult64.obj</name>
      </input_file>
      <input_file id="fl-85">
         <path>/Applications/ti/ccsv7/tools/compiler/ti-cgt-msp430_16.9.4.LTS/lib/</path>
         <kind>archive</kind>
         <file>rts430x_lc_rd_eabi.lib</file>
         <name>mult64_f5hw.obj</name>
      </input_file>
      <input_file id="fl-86">
         <path>/Applications/ti/ccsv7/tools/compiler/ti-cgt-msp430_16.9.4.LTS/lib/</path>
         <kind>archive</kind>
         <file>rts430x_lc_rd_eabi.lib</file>
         <name>pre_init.obj</name>
      </input_file>
      <input_file id="fl-87">
         <path>/Applications/ti/ccsv7/tools/compiler/ti-cgt-msp430_16.9.4.LTS/lib/</path>
         <kind>archive</kind>
         <file>rts430x_lc_rd_eabi.lib</file>
         <name>_lock.obj</name>
      </input_file>
      <input_file id="fl-88">
         <path>/Applications/ti/ccsv7/tools/compiler/ti-cgt-msp430_16.9.4.LTS/lib/</path>
         <kind>archive</kind>
         <file>rts430x_lc_rd_eabi.lib</file>
         <name>abs.obj</name>
      </input_file>
      <input_file id="fl-89">
         <path>/Applications/ti/ccsv7/tools/compiler/ti-cgt-msp430_16.9.4.LTS/lib/</path>
         <kind>archive</kind>
         <file>rts430x_lc_rd_eabi.lib</file>
         <name>args_main.obj</name>
      </input_file>
      <input_file id="fl-8a">
         <path>/Applications/ti/ccsv7/tools/compiler/ti-cgt-msp430_16.9.4.LTS/lib/</path>
         <kind>archive</kind>
         <file>rts430x_lc_rd_eabi.lib</file>
         <name>asr64.obj</name>
      </input_file>
      <input_file id="fl-8b">
         <path>/Applications/ti/ccsv7/tools/compiler/ti-cgt-msp430_16.9.4.LTS/lib/</path>
         <kind>archive</kind>
         <file>rts430x_lc_rd_eabi.lib</file>
         <name>autoinit_wdt.obj</name>
      </input_file>
      <input_file id="fl-8c">
         <path>/Applications/ti/ccsv7/tools/compiler/ti-cgt-msp430_16.9.4.LTS/lib/</path>
         <kind>archive</kind>
         <file>rts430x_lc_rd_eabi.lib</file>
         <name>cpy_tbl.obj</name>
      </input_file>
      <input_file id="fl-8d">
         <path>/Applications/ti/ccsv7/tools/compiler/ti-cgt-msp430_16.9.4.LTS/lib/</path>
         <kind>archive</kind>
         <file>rts430x_lc_rd_eabi.lib</file>
         <name>mult16.obj</name>
      </input_file>
      <input_file id="fl-8e">
         <path>/Applications/ti/ccsv7/tools/compiler/ti-cgt-msp430_16.9.4.LTS/lib/</path>
         <kind>archive</kind>
         <file>rts430x_lc_rd_eabi.lib</file>
         <name>mult1632.obj</name>
      </input_file>
      <input_file id="fl-8f">
         <path>/Applications/ti/ccsv7/tools/compiler/ti-cgt-msp430_16.9.4.LTS/lib/</path>
         <kind>archive</kind>
         <file>rts430x_lc_rd_eabi.lib</file>
         <name>startup.obj</name>
      </input_file>
   </input_file_list>
   <object_component_list>
      <object_component id="oc-4fe">
         <name>.common:currResult</name>
         <uninitialized>true</uninitialized>
         <run_address>0x1c08</run_address>
         <size>0x4</size>
      </object_component>
      <object_component id="oc-501">
         <name>.common:maxResult</name>
         <uninitialized>true</uninitialized>
         <run_address>0x1c0c</run_address>
         <size>0x4</size>
      </object_component>
      <object_component id="oc-502">
         <name>.common:resultString</name>
         <uninitialized>true</uninitialized>
         <run_address>0x1c00</run_address>
         <size>0x8</size>
      </object_component>
      <object_component id="oc-509">
         <name>.common:i</name>
         <uninitialized>true</uninitialized>
         <run_address>0x1c10</run_address>
         <size>0x2</size>
      </object_component>
      <object_component id="oc-49c">
         <name>.data</name>
         <load_address>0x1c12</load_address>
         <run_address>0x1c12</run_address>
         <size>0x6</size>
         <input_file_ref idref="fl-4"/>
      </object_component>
      <object_component id="oc-41d">
         <name>.stack</name>
         <uninitialized>true</uninitialized>
         <run_address>0x3bb0</run_address>
         <size>0x4</size>
         <input_file_ref idref="fl-51"/>
      </object_component>
      <object_component id="oc-6b4">
         <name>.stack</name>
         <uninitialized>true</uninitialized>
         <run_address>0x3bb0</run_address>
         <size>0x0</size>
      </object_component>
      <object_component id="oc-471">
         <name>.text:main</name>
         <load_address>0x10000</load_address>
         <run_address>0x10000</run_address>
         <size>0xfa</size>
         <input_file_ref idref="fl-4"/>
      </object_component>
      <object_component id="oc-608">
         <name>.text:UCS_initFLL</name>
         <load_address>0x100fa</load_address>
         <run_address>0x100fa</run_address>
         <size>0xe2</size>
         <input_file_ref idref="fl-2a"/>
      </object_component>
      <object_component id="oc-5fa">
         <name>.text:PMM_setVCoreUp</name>
         <load_address>0x101dc</load_address>
         <run_address>0x101dc</run_address>
         <size>0xe0</size>
         <input_file_ref idref="fl-1c"/>
      </object_component>
      <object_component id="oc-570">
         <name>.text:UCS_initClockSignal</name>
         <load_address>0x102bc</load_address>
         <run_address>0x102bc</run_address>
         <size>0xa6</size>
         <input_file_ref idref="fl-2a"/>
      </object_component>
      <object_component id="oc-600">
         <name>.text:PMM_setVCoreDown</name>
         <load_address>0x10362</load_address>
         <run_address>0x10362</run_address>
         <size>0xa2</size>
         <input_file_ref idref="fl-1c"/>
      </object_component>
      <object_component id="oc-586">
         <name>.text:EUSCI_A_UART_init</name>
         <load_address>0x10404</load_address>
         <run_address>0x10404</run_address>
         <size>0x9a</size>
         <input_file_ref idref="fl-11"/>
      </object_component>
      <object_component id="oc-4e3">
         <name>.text:init_sdc</name>
         <load_address>0x1049e</load_address>
         <run_address>0x1049e</run_address>
         <size>0x96</size>
         <input_file_ref idref="fl-6"/>
      </object_component>
      <object_component id="oc-457">
         <name>.text:_auto_init_hold_wdt</name>
         <load_address>0x10534</load_address>
         <run_address>0x10534</run_address>
         <size>0x82</size>
         <input_file_ref idref="fl-8b"/>
      </object_component>
      <object_component id="oc-503">
         <name>.text:ltoa</name>
         <load_address>0x105b6</load_address>
         <run_address>0x105b6</run_address>
         <size>0x80</size>
         <input_file_ref idref="fl-7b"/>
      </object_component>
      <object_component id="oc-4dd">
         <name>.text:init_UART</name>
         <load_address>0x10636</load_address>
         <run_address>0x10636</run_address>
         <size>0x7a</size>
         <input_file_ref idref="fl-6"/>
      </object_component>
      <object_component id="oc-6e">
         <name>.text:decompress:lzss:__TI_decompress_lzss</name>
         <load_address>0x106b0</load_address>
         <run_address>0x106b0</run_address>
         <size>0x78</size>
         <input_file_ref idref="fl-53"/>
      </object_component>
      <object_component id="oc-4aa">
         <name>.text:copy_in</name>
         <load_address>0x10728</load_address>
         <run_address>0x10728</run_address>
         <size>0x66</size>
         <input_file_ref idref="fl-8c"/>
      </object_component>
      <object_component id="oc-62e">
         <name>.text</name>
         <load_address>0x1078e</load_address>
         <run_address>0x1078e</run_address>
         <size>0x58</size>
         <input_file_ref idref="fl-59"/>
      </object_component>
      <object_component id="oc-56a">
         <name>.text:PMM_setVCore</name>
         <load_address>0x107e6</load_address>
         <run_address>0x107e6</run_address>
         <size>0x52</size>
         <input_file_ref idref="fl-1c"/>
      </object_component>
      <object_component id="oc-5a7">
         <name>.text:SD24_B_init</name>
         <load_address>0x10838</load_address>
         <run_address>0x10838</run_address>
         <size>0x50</size>
         <input_file_ref idref="fl-22"/>
      </object_component>
      <object_component id="oc-4f2">
         <name>.text:Timer_A_initContinuousMode</name>
         <load_address>0x10888</load_address>
         <run_address>0x10888</run_address>
         <size>0x50</size>
         <input_file_ref idref="fl-26"/>
      </object_component>
      <object_component id="oc-5dc">
         <name>.text</name>
         <load_address>0x108d8</load_address>
         <run_address>0x108d8</run_address>
         <size>0x40</size>
         <input_file_ref idref="fl-58"/>
      </object_component>
      <object_component id="oc-576">
         <name>.text:UCS_initFLLSettle</name>
         <load_address>0x10918</load_address>
         <run_address>0x10918</run_address>
         <size>0x36</size>
         <input_file_ref idref="fl-2a"/>
      </object_component>
      <object_component id="oc-5b0">
         <name>.text:SD24_B_initConverter</name>
         <load_address>0x1094e</load_address>
         <run_address>0x1094e</run_address>
         <size>0x2c</size>
         <input_file_ref idref="fl-22"/>
      </object_component>
      <object_component id="oc-4f8">
         <name>.text:mic_convert_once</name>
         <load_address>0x1097a</load_address>
         <run_address>0x1097a</run_address>
         <size>0x2c</size>
         <input_file_ref idref="fl-5"/>
      </object_component>
      <object_component id="oc-57d">
         <name>.text:GPIO_setAsPeripheralModuleFunctionInputPin</name>
         <load_address>0x109a6</load_address>
         <run_address>0x109a6</run_address>
         <size>0x28</size>
         <input_file_ref idref="fl-15"/>
      </object_component>
      <object_component id="oc-516">
         <name>.text:ext_uart_crlf</name>
         <load_address>0x109ce</load_address>
         <run_address>0x109ce</run_address>
         <size>0x28</size>
         <input_file_ref idref="fl-6"/>
      </object_component>
      <object_component id="oc-91">
         <name>.text:decompress:ZI:__TI_zero_init</name>
         <load_address>0x109f6</load_address>
         <run_address>0x109f6</run_address>
         <size>0x24</size>
         <input_file_ref idref="fl-55"/>
      </object_component>
      <object_component id="oc-598">
         <name>.text:EUSCI_A_UART_enableInterrupt</name>
         <load_address>0x10a1a</load_address>
         <run_address>0x10a1a</run_address>
         <size>0x22</size>
         <input_file_ref idref="fl-11"/>
      </object_component>
      <object_component id="oc-50a">
         <name>.text:EUSCI_A_UART_transmitData</name>
         <load_address>0x10a3c</load_address>
         <run_address>0x10a3c</run_address>
         <size>0x22</size>
         <input_file_ref idref="fl-11"/>
      </object_component>
      <object_component id="oc-4d1">
         <name>.text:WDT_A_hold</name>
         <load_address>0x10a5e</load_address>
         <run_address>0x10a5e</run_address>
         <size>0x20</size>
         <input_file_ref idref="fl-2f"/>
      </object_component>
      <object_component id="oc-4d7">
         <name>.text:set_clock_signals</name>
         <load_address>0x10a7e</load_address>
         <run_address>0x10a7e</run_address>
         <size>0x1e</size>
         <input_file_ref idref="fl-3"/>
      </object_component>
      <object_component id="oc-5d3">
         <name>.text:SD24_B_getResults</name>
         <load_address>0x10a9c</load_address>
         <run_address>0x10a9c</run_address>
         <size>0x18</size>
         <input_file_ref idref="fl-22"/>
      </object_component>
      <object_component id="oc-5b6">
         <name>.text:SD24_B_setOversampling</name>
         <load_address>0x10ab4</load_address>
         <run_address>0x10ab4</run_address>
         <size>0x18</size>
         <input_file_ref idref="fl-22"/>
      </object_component>
      <object_component id="oc-5c7">
         <name>.text:SD24_B_startConverterConversion</name>
         <load_address>0x10acc</load_address>
         <run_address>0x10acc</run_address>
         <size>0x18</size>
         <input_file_ref idref="fl-22"/>
      </object_component>
      <object_component id="oc-53a">
         <name>.text</name>
         <load_address>0x10ae4</load_address>
         <run_address>0x10ae4</run_address>
         <size>0x18</size>
         <input_file_ref idref="fl-80"/>
      </object_component>
      <object_component id="oc-42c">
         <name>.text:memcpy</name>
         <load_address>0x10afc</load_address>
         <run_address>0x10afc</run_address>
         <size>0x14</size>
         <input_file_ref idref="fl-7c"/>
      </object_component>
      <object_component id="oc-5cd">
         <name>.text:SD24_B_getInterruptStatus</name>
         <load_address>0x10b10</load_address>
         <run_address>0x10b10</run_address>
         <size>0x12</size>
         <input_file_ref idref="fl-22"/>
      </object_component>
      <object_component id="oc-74">
         <name>.text:decompress:none:__TI_decompress_none</name>
         <load_address>0x10b22</load_address>
         <run_address>0x10b22</run_address>
         <size>0x12</size>
         <input_file_ref idref="fl-54"/>
      </object_component>
      <object_component id="oc-592">
         <name>.text:EUSCI_A_UART_clearInterrupt</name>
         <load_address>0x10b34</load_address>
         <run_address>0x10b34</run_address>
         <size>0xe</size>
         <input_file_ref idref="fl-11"/>
      </object_component>
      <object_component id="oc-51c">
         <name>.text:Timer_A_startCounter</name>
         <load_address>0x10b42</load_address>
         <run_address>0x10b42</run_address>
         <size>0xc</size>
         <input_file_ref idref="fl-26"/>
      </object_component>
      <object_component id="oc-510">
         <name>.text:EUSCI_A_UART_queryStatusFlags</name>
         <load_address>0x10b4e</load_address>
         <run_address>0x10b4e</run_address>
         <size>0xa</size>
         <input_file_ref idref="fl-11"/>
      </object_component>
      <object_component id="oc-5e1">
         <name>.text:abs</name>
         <load_address>0x10b58</load_address>
         <run_address>0x10b58</run_address>
         <size>0xa</size>
         <input_file_ref idref="fl-88"/>
      </object_component>
      <object_component id="oc-627">
         <name>.text</name>
         <load_address>0x10b62</load_address>
         <run_address>0x10b62</run_address>
         <size>0xa</size>
         <input_file_ref idref="fl-75"/>
      </object_component>
      <object_component id="oc-49f">
         <name>.text:Timer_A_stop</name>
         <load_address>0x10b6c</load_address>
         <run_address>0x10b6c</run_address>
         <size>0x8</size>
         <input_file_ref idref="fl-26"/>
      </object_component>
      <object_component id="oc-58c">
         <name>.text:EUSCI_A_UART_enable</name>
         <load_address>0x10b74</load_address>
         <run_address>0x10b74</run_address>
         <size>0x6</size>
         <input_file_ref idref="fl-11"/>
      </object_component>
      <object_component id="oc-4e9">
         <name>.text:Timer_A_clearTimerInterrupt</name>
         <load_address>0x10b7a</load_address>
         <run_address>0x10b7a</run_address>
         <size>0x6</size>
         <input_file_ref idref="fl-26"/>
      </object_component>
      <object_component id="oc-479">
         <name>.text:abort</name>
         <load_address>0x10b80</load_address>
         <run_address>0x10b80</run_address>
         <size>0x6</size>
         <input_file_ref idref="fl-5c"/>
      </object_component>
      <object_component id="oc-451">
         <name>.text:_system_pre_init</name>
         <load_address>0x10b86</load_address>
         <run_address>0x10b86</run_address>
         <size>0x4</size>
         <input_file_ref idref="fl-86"/>
      </object_component>
      <object_component id="oc-4b0">
         <name>.text:_system_post_cinit</name>
         <load_address>0x10b8a</load_address>
         <run_address>0x10b8a</run_address>
         <size>0x2</size>
         <input_file_ref idref="fl-8f"/>
      </object_component>
      <object_component id="oc-43e">
         <name>.text:_isr:TIMER1_A1_ISR</name>
         <load_address>0x4000</load_address>
         <run_address>0x4000</run_address>
         <size>0x2a</size>
         <input_file_ref idref="fl-4"/>
      </object_component>
      <object_component id="oc-af">
         <name>.text:_isr:_c_int00_noargs_noexit</name>
         <load_address>0x402a</load_address>
         <run_address>0x402a</run_address>
         <size>0x1a</size>
         <input_file_ref idref="fl-52"/>
      </object_component>
      <object_component id="oc-444">
         <name>.text:_isr:EUSCI_A1_ISR</name>
         <load_address>0x4044</load_address>
         <run_address>0x4044</run_address>
         <size>0xa</size>
         <input_file_ref idref="fl-4"/>
      </object_component>
      <object_component id="oc-439">
         <name>.text:_isr:__TI_ISR_TRAP</name>
         <load_address>0x404e</load_address>
         <run_address>0x404e</run_address>
         <size>0x8</size>
         <input_file_ref idref="fl-73"/>
      </object_component>
      <object_component id="oc-6b0">
         <name>__TI_handler_table</name>
         <load_address>0x4098</load_address>
         <run_address>0x4098</run_address>
         <size>0xc</size>
      </object_component>
      <object_component id="oc-6b3">
         <name>.cinit..data.load</name>
         <load_address>0x40a4</load_address>
         <run_address>0x40a4</run_address>
         <size>0xa</size>
      </object_component>
      <object_component id="oc-6b2">
         <name>.cinit..bss.load</name>
         <load_address>0x40ae</load_address>
         <run_address>0x40ae</run_address>
         <size>0x6</size>
      </object_component>
      <object_component id="oc-6b1">
         <name>__TI_cinit_table</name>
         <load_address>0x40b4</load_address>
         <run_address>0x40b4</run_address>
         <size>0x10</size>
      </object_component>
      <object_component id="oc-610">
         <name>.const:GPIO_PORT_TO_BASE</name>
         <load_address>0x4056</load_address>
         <run_address>0x4056</run_address>
         <size>0x1c</size>
         <input_file_ref idref="fl-15"/>
      </object_component>
      <object_component id="oc-583">
         <name>.const:$P$T0$1</name>
         <load_address>0x4072</load_address>
         <run_address>0x4072</run_address>
         <size>0x10</size>
         <input_file_ref idref="fl-6"/>
      </object_component>
      <object_component id="oc-4ef">
         <name>.const:$P$T0$1</name>
         <load_address>0x4082</load_address>
         <run_address>0x4082</run_address>
         <size>0xa</size>
         <input_file_ref idref="fl-4"/>
      </object_component>
      <object_component id="oc-5a4">
         <name>.const:$P$T1$2</name>
         <load_address>0x408c</load_address>
         <run_address>0x408c</run_address>
         <size>0x8</size>
         <input_file_ref idref="fl-6"/>
      </object_component>
      <object_component id="oc-5ad">
         <name>.const:$P$T2$3</name>
         <load_address>0x4094</load_address>
         <run_address>0x4094</run_address>
         <size>0x4</size>
         <input_file_ref idref="fl-6"/>
      </object_component>
      <object_component id="oc-64a">
         <name>.binit</name>
         <load_address>0x4000</load_address>
         <run_address>0x4000</run_address>
         <size>0x0</size>
      </object_component>
      <object_component id="oc-7a">
         <name>.int40</name>
         <load_address>0xffd0</load_address>
         <run_address>0xffd0</run_address>
         <size>0x2</size>
         <input_file_ref idref="fl-5e"/>
      </object_component>
      <object_component id="oc-7b">
         <name>.int41</name>
         <load_address>0xffd2</load_address>
         <run_address>0xffd2</run_address>
         <size>0x2</size>
         <input_file_ref idref="fl-5f"/>
      </object_component>
      <object_component id="oc-7c">
         <name>.int42</name>
         <load_address>0xffd4</load_address>
         <run_address>0xffd4</run_address>
         <size>0x2</size>
         <input_file_ref idref="fl-60"/>
      </object_component>
      <object_component id="oc-7d">
         <name>.int43</name>
         <load_address>0xffd6</load_address>
         <run_address>0xffd6</run_address>
         <size>0x2</size>
         <input_file_ref idref="fl-61"/>
      </object_component>
      <object_component id="oc-7e">
         <name>.int44</name>
         <load_address>0xffd8</load_address>
         <run_address>0xffd8</run_address>
         <size>0x2</size>
         <input_file_ref idref="fl-62"/>
      </object_component>
      <object_component id="oc-7f">
         <name>.int45</name>
         <load_address>0xffda</load_address>
         <run_address>0xffda</run_address>
         <size>0x2</size>
         <input_file_ref idref="fl-63"/>
      </object_component>
      <object_component id="oc-80">
         <name>.int46</name>
         <load_address>0xffdc</load_address>
         <run_address>0xffdc</run_address>
         <size>0x2</size>
         <input_file_ref idref="fl-64"/>
      </object_component>
      <object_component id="oc-81">
         <name>.int47</name>
         <load_address>0xffde</load_address>
         <run_address>0xffde</run_address>
         <size>0x2</size>
         <input_file_ref idref="fl-65"/>
      </object_component>
      <object_component id="oc-82">
         <name>.int48</name>
         <load_address>0xffe0</load_address>
         <run_address>0xffe0</run_address>
         <size>0x2</size>
         <input_file_ref idref="fl-4"/>
      </object_component>
      <object_component id="oc-83">
         <name>.int49</name>
         <load_address>0xffe2</load_address>
         <run_address>0xffe2</run_address>
         <size>0x2</size>
         <input_file_ref idref="fl-66"/>
      </object_component>
      <object_component id="oc-84">
         <name>.int50</name>
         <load_address>0xffe4</load_address>
         <run_address>0xffe4</run_address>
         <size>0x2</size>
         <input_file_ref idref="fl-67"/>
      </object_component>
      <object_component id="oc-85">
         <name>.int51</name>
         <load_address>0xffe6</load_address>
         <run_address>0xffe6</run_address>
         <size>0x2</size>
         <input_file_ref idref="fl-68"/>
      </object_component>
      <object_component id="oc-86">
         <name>.int52</name>
         <load_address>0xffe8</load_address>
         <run_address>0xffe8</run_address>
         <size>0x2</size>
         <input_file_ref idref="fl-69"/>
      </object_component>
      <object_component id="oc-87">
         <name>.int53</name>
         <load_address>0xffea</load_address>
         <run_address>0xffea</run_address>
         <size>0x2</size>
         <input_file_ref idref="fl-4"/>
      </object_component>
      <object_component id="oc-88">
         <name>.int54</name>
         <load_address>0xffec</load_address>
         <run_address>0xffec</run_address>
         <size>0x2</size>
         <input_file_ref idref="fl-6a"/>
      </object_component>
      <object_component id="oc-89">
         <name>.int55</name>
         <load_address>0xffee</load_address>
         <run_address>0xffee</run_address>
         <size>0x2</size>
         <input_file_ref idref="fl-6b"/>
      </object_component>
      <object_component id="oc-8a">
         <name>.int56</name>
         <load_address>0xfff0</load_address>
         <run_address>0xfff0</run_address>
         <size>0x2</size>
         <input_file_ref idref="fl-6c"/>
      </object_component>
      <object_component id="oc-8b">
         <name>.int57</name>
         <load_address>0xfff2</load_address>
         <run_address>0xfff2</run_address>
         <size>0x2</size>
         <input_file_ref idref="fl-6d"/>
      </object_component>
      <object_component id="oc-8c">
         <name>.int58</name>
         <load_address>0xfff4</load_address>
         <run_address>0xfff4</run_address>
         <size>0x2</size>
         <input_file_ref idref="fl-6e"/>
      </object_component>
      <object_component id="oc-8d">
         <name>.int59</name>
         <load_address>0xfff6</load_address>
         <run_address>0xfff6</run_address>
         <size>0x2</size>
         <input_file_ref idref="fl-6f"/>
      </object_component>
      <object_component id="oc-8e">
         <name>.int60</name>
         <load_address>0xfff8</load_address>
         <run_address>0xfff8</run_address>
         <size>0x2</size>
         <input_file_ref idref="fl-70"/>
      </object_component>
      <object_component id="oc-8f">
         <name>.int61</name>
         <load_address>0xfffa</load_address>
         <run_address>0xfffa</run_address>
         <size>0x2</size>
         <input_file_ref idref="fl-71"/>
      </object_component>
      <object_component id="oc-90">
         <name>.int62</name>
         <load_address>0xfffc</load_address>
         <run_address>0xfffc</run_address>
         <size>0x2</size>
         <input_file_ref idref="fl-72"/>
      </object_component>
      <object_component id="oc-420">
         <name>.reset</name>
         <load_address>0xfffe</load_address>
         <run_address>0xfffe</run_address>
         <size>0x2</size>
         <input_file_ref idref="fl-51"/>
      </object_component>
      <object_component id="oc-427">
         <name>.debug_info</name>
         <load_address>0x0</load_address>
         <run_address>0x0</run_address>
         <size>0x84</size>
         <input_file_ref idref="fl-2"/>
      </object_component>
      <object_component id="oc-534">
         <name>.debug_info</name>
         <load_address>0x84</load_address>
         <run_address>0x84</run_address>
         <size>0x18b</size>
         <input_file_ref idref="fl-2"/>
      </object_component>
      <object_component id="oc-4d8">
         <name>.debug_info</name>
         <load_address>0x20f</load_address>
         <run_address>0x20f</run_address>
         <size>0x18d</size>
         <input_file_ref idref="fl-3"/>
      </object_component>
      <object_component id="oc-59f">
         <name>.debug_info</name>
         <load_address>0x39c</load_address>
         <run_address>0x39c</run_address>
         <size>0xee</size>
         <input_file_ref idref="fl-3"/>
      </object_component>
      <object_component id="oc-5bd">
         <name>.debug_info</name>
         <load_address>0x48a</load_address>
         <run_address>0x48a</run_address>
         <size>0x1b0</size>
         <input_file_ref idref="fl-3"/>
      </object_component>
      <object_component id="oc-523">
         <name>.debug_info</name>
         <load_address>0x63a</load_address>
         <run_address>0x63a</run_address>
         <size>0x392</size>
         <input_file_ref idref="fl-3"/>
      </object_component>
      <object_component id="oc-52f">
         <name>.debug_info</name>
         <load_address>0x9cc</load_address>
         <run_address>0x9cc</run_address>
         <size>0x8b</size>
         <input_file_ref idref="fl-3"/>
      </object_component>
      <object_component id="oc-4ff">
         <name>.debug_info</name>
         <load_address>0xa57</load_address>
         <run_address>0xa57</run_address>
         <size>0x572</size>
         <input_file_ref idref="fl-4"/>
      </object_component>
      <object_component id="oc-49d">
         <name>.debug_info</name>
         <load_address>0xfc9</load_address>
         <run_address>0xfc9</run_address>
         <size>0x15e</size>
         <input_file_ref idref="fl-4"/>
      </object_component>
      <object_component id="oc-4f0">
         <name>.debug_info</name>
         <load_address>0x1127</load_address>
         <run_address>0x1127</run_address>
         <size>0xf1</size>
         <input_file_ref idref="fl-4"/>
      </object_component>
      <object_component id="oc-472">
         <name>.debug_info</name>
         <load_address>0x1218</load_address>
         <run_address>0x1218</run_address>
         <size>0x251</size>
         <input_file_ref idref="fl-4"/>
      </object_component>
      <object_component id="oc-445">
         <name>.debug_info</name>
         <load_address>0x1469</load_address>
         <run_address>0x1469</run_address>
         <size>0x127</size>
         <input_file_ref idref="fl-4"/>
      </object_component>
      <object_component id="oc-43f">
         <name>.debug_info</name>
         <load_address>0x1590</load_address>
         <run_address>0x1590</run_address>
         <size>0x13c</size>
         <input_file_ref idref="fl-4"/>
      </object_component>
      <object_component id="oc-4f9">
         <name>.debug_info</name>
         <load_address>0x16cc</load_address>
         <run_address>0x16cc</run_address>
         <size>0x18d</size>
         <input_file_ref idref="fl-5"/>
      </object_component>
      <object_component id="oc-616">
         <name>.debug_info</name>
         <load_address>0x1859</load_address>
         <run_address>0x1859</run_address>
         <size>0x4d2</size>
         <input_file_ref idref="fl-6"/>
      </object_component>
      <object_component id="oc-584">
         <name>.debug_info</name>
         <load_address>0x1d2b</load_address>
         <run_address>0x1d2b</run_address>
         <size>0xf8</size>
         <input_file_ref idref="fl-6"/>
      </object_component>
      <object_component id="oc-5a5">
         <name>.debug_info</name>
         <load_address>0x1e23</load_address>
         <run_address>0x1e23</run_address>
         <size>0xf8</size>
         <input_file_ref idref="fl-6"/>
      </object_component>
      <object_component id="oc-5ae">
         <name>.debug_info</name>
         <load_address>0x1f1b</load_address>
         <run_address>0x1f1b</run_address>
         <size>0xf8</size>
         <input_file_ref idref="fl-6"/>
      </object_component>
      <object_component id="oc-4de">
         <name>.debug_info</name>
         <load_address>0x2013</load_address>
         <run_address>0x2013</run_address>
         <size>0x1fe</size>
         <input_file_ref idref="fl-6"/>
      </object_component>
      <object_component id="oc-4e4">
         <name>.debug_info</name>
         <load_address>0x2211</load_address>
         <run_address>0x2211</run_address>
         <size>0x1c7</size>
         <input_file_ref idref="fl-6"/>
      </object_component>
      <object_component id="oc-517">
         <name>.debug_info</name>
         <load_address>0x23d8</load_address>
         <run_address>0x23d8</run_address>
         <size>0x1a1</size>
         <input_file_ref idref="fl-6"/>
      </object_component>
      <object_component id="oc-618">
         <name>.debug_info</name>
         <load_address>0x2579</load_address>
         <run_address>0x2579</run_address>
         <size>0x174</size>
         <input_file_ref idref="fl-11"/>
      </object_component>
      <object_component id="oc-587">
         <name>.debug_info</name>
         <load_address>0x26ed</load_address>
         <run_address>0x26ed</run_address>
         <size>0x210</size>
         <input_file_ref idref="fl-11"/>
      </object_component>
      <object_component id="oc-50b">
         <name>.debug_info</name>
         <load_address>0x28fd</load_address>
         <run_address>0x28fd</run_address>
         <size>0x223</size>
         <input_file_ref idref="fl-11"/>
      </object_component>
      <object_component id="oc-599">
         <name>.debug_info</name>
         <load_address>0x2b20</load_address>
         <run_address>0x2b20</run_address>
         <size>0x220</size>
         <input_file_ref idref="fl-11"/>
      </object_component>
      <object_component id="oc-593">
         <name>.debug_info</name>
         <load_address>0x2d40</load_address>
         <run_address>0x2d40</run_address>
         <size>0x1e8</size>
         <input_file_ref idref="fl-11"/>
      </object_component>
      <object_component id="oc-58d">
         <name>.debug_info</name>
         <load_address>0x2f28</load_address>
         <run_address>0x2f28</run_address>
         <size>0x1d5</size>
         <input_file_ref idref="fl-11"/>
      </object_component>
      <object_component id="oc-511">
         <name>.debug_info</name>
         <load_address>0x30fd</load_address>
         <run_address>0x30fd</run_address>
         <size>0x1f0</size>
         <input_file_ref idref="fl-11"/>
      </object_component>
      <object_component id="oc-63e">
         <name>.debug_info</name>
         <load_address>0x32ed</load_address>
         <run_address>0x32ed</run_address>
         <size>0x17e</size>
         <input_file_ref idref="fl-15"/>
      </object_component>
      <object_component id="oc-611">
         <name>.debug_info</name>
         <load_address>0x346b</load_address>
         <run_address>0x346b</run_address>
         <size>0x11e</size>
         <input_file_ref idref="fl-15"/>
      </object_component>
      <object_component id="oc-581">
         <name>.debug_info</name>
         <load_address>0x3589</load_address>
         <run_address>0x3589</run_address>
         <size>0x250</size>
         <input_file_ref idref="fl-15"/>
      </object_component>
      <object_component id="oc-5fb">
         <name>.debug_info</name>
         <load_address>0x37d9</load_address>
         <run_address>0x37d9</run_address>
         <size>0x21a</size>
         <input_file_ref idref="fl-1c"/>
      </object_component>
      <object_component id="oc-601">
         <name>.debug_info</name>
         <load_address>0x39f3</load_address>
         <run_address>0x39f3</run_address>
         <size>0x21e</size>
         <input_file_ref idref="fl-1c"/>
      </object_component>
      <object_component id="oc-56b">
         <name>.debug_info</name>
         <load_address>0x3c11</load_address>
         <run_address>0x3c11</run_address>
         <size>0x21a</size>
         <input_file_ref idref="fl-1c"/>
      </object_component>
      <object_component id="oc-61f">
         <name>.debug_info</name>
         <load_address>0x3e2b</load_address>
         <run_address>0x3e2b</run_address>
         <size>0x17a</size>
         <input_file_ref idref="fl-22"/>
      </object_component>
      <object_component id="oc-5a8">
         <name>.debug_info</name>
         <load_address>0x3fa5</load_address>
         <run_address>0x3fa5</run_address>
         <size>0x1d9</size>
         <input_file_ref idref="fl-22"/>
      </object_component>
      <object_component id="oc-5b1">
         <name>.debug_info</name>
         <load_address>0x417e</load_address>
         <run_address>0x417e</run_address>
         <size>0x202</size>
         <input_file_ref idref="fl-22"/>
      </object_component>
      <object_component id="oc-5c8">
         <name>.debug_info</name>
         <load_address>0x4380</load_address>
         <run_address>0x4380</run_address>
         <size>0x228</size>
         <input_file_ref idref="fl-22"/>
      </object_component>
      <object_component id="oc-5b7">
         <name>.debug_info</name>
         <load_address>0x45a8</load_address>
         <run_address>0x45a8</run_address>
         <size>0x264</size>
         <input_file_ref idref="fl-22"/>
      </object_component>
      <object_component id="oc-5d4">
         <name>.debug_info</name>
         <load_address>0x480c</load_address>
         <run_address>0x480c</run_address>
         <size>0x245</size>
         <input_file_ref idref="fl-22"/>
      </object_component>
      <object_component id="oc-5ce">
         <name>.debug_info</name>
         <load_address>0x4a51</load_address>
         <run_address>0x4a51</run_address>
         <size>0x223</size>
         <input_file_ref idref="fl-22"/>
      </object_component>
      <object_component id="oc-5c6">
         <name>.debug_info</name>
         <load_address>0x4c74</load_address>
         <run_address>0x4c74</run_address>
         <size>0x18d</size>
         <input_file_ref idref="fl-26"/>
      </object_component>
      <object_component id="oc-51d">
         <name>.debug_info</name>
         <load_address>0x4e01</load_address>
         <run_address>0x4e01</run_address>
         <size>0x1fe</size>
         <input_file_ref idref="fl-26"/>
      </object_component>
      <object_component id="oc-4f3">
         <name>.debug_info</name>
         <load_address>0x4fff</load_address>
         <run_address>0x4fff</run_address>
         <size>0x1fa</size>
         <input_file_ref idref="fl-26"/>
      </object_component>
      <object_component id="oc-4a0">
         <name>.debug_info</name>
         <load_address>0x51f9</load_address>
         <run_address>0x51f9</run_address>
         <size>0x1bb</size>
         <input_file_ref idref="fl-26"/>
      </object_component>
      <object_component id="oc-4ea">
         <name>.debug_info</name>
         <load_address>0x53b4</load_address>
         <run_address>0x53b4</run_address>
         <size>0x1d9</size>
         <input_file_ref idref="fl-26"/>
      </object_component>
      <object_component id="oc-60f">
         <name>.debug_info</name>
         <load_address>0x558d</load_address>
         <run_address>0x558d</run_address>
         <size>0x23b</size>
         <input_file_ref idref="fl-2a"/>
      </object_component>
      <object_component id="oc-574">
         <name>.debug_info</name>
         <load_address>0x57c8</load_address>
         <run_address>0x57c8</run_address>
         <size>0x286</size>
         <input_file_ref idref="fl-2a"/>
      </object_component>
      <object_component id="oc-57a">
         <name>.debug_info</name>
         <load_address>0x5a4e</load_address>
         <run_address>0x5a4e</run_address>
         <size>0x1d6</size>
         <input_file_ref idref="fl-2a"/>
      </object_component>
      <object_component id="oc-60c">
         <name>.debug_info</name>
         <load_address>0x5c24</load_address>
         <run_address>0x5c24</run_address>
         <size>0x214</size>
         <input_file_ref idref="fl-2a"/>
      </object_component>
      <object_component id="oc-4d5">
         <name>.debug_info</name>
         <load_address>0x5e38</load_address>
         <run_address>0x5e38</run_address>
         <size>0x1cf</size>
         <input_file_ref idref="fl-2f"/>
      </object_component>
      <object_component id="oc-41e">
         <name>.debug_info</name>
         <load_address>0x6007</load_address>
         <run_address>0x6007</run_address>
         <size>0xf5</size>
         <input_file_ref idref="fl-51"/>
      </object_component>
      <object_component id="oc-b0">
         <name>.debug_info</name>
         <load_address>0x60fc</load_address>
         <run_address>0x60fc</run_address>
         <size>0x196</size>
         <input_file_ref idref="fl-52"/>
      </object_component>
      <object_component id="oc-48c">
         <name>.debug_info</name>
         <load_address>0x6292</load_address>
         <run_address>0x6292</run_address>
         <size>0x170</size>
         <input_file_ref idref="fl-53"/>
      </object_component>
      <object_component id="oc-6f">
         <name>.debug_info</name>
         <load_address>0x6402</load_address>
         <run_address>0x6402</run_address>
         <size>0x245</size>
         <input_file_ref idref="fl-53"/>
      </object_component>
      <object_component id="oc-422">
         <name>.debug_info</name>
         <load_address>0x6647</load_address>
         <run_address>0x6647</run_address>
         <size>0x60</size>
         <input_file_ref idref="fl-53"/>
      </object_component>
      <object_component id="oc-487">
         <name>.debug_info</name>
         <load_address>0x66a7</load_address>
         <run_address>0x66a7</run_address>
         <size>0x46</size>
         <input_file_ref idref="fl-53"/>
      </object_component>
      <object_component id="oc-438">
         <name>.debug_info</name>
         <load_address>0x66ed</load_address>
         <run_address>0x66ed</run_address>
         <size>0x1c6</size>
         <input_file_ref idref="fl-54"/>
      </object_component>
      <object_component id="oc-75">
         <name>.debug_info</name>
         <load_address>0x68b3</load_address>
         <run_address>0x68b3</run_address>
         <size>0x1c8</size>
         <input_file_ref idref="fl-54"/>
      </object_component>
      <object_component id="oc-433">
         <name>.debug_info</name>
         <load_address>0x6a7b</load_address>
         <run_address>0x6a7b</run_address>
         <size>0x46</size>
         <input_file_ref idref="fl-54"/>
      </object_component>
      <object_component id="oc-496">
         <name>.debug_info</name>
         <load_address>0x6ac1</load_address>
         <run_address>0x6ac1</run_address>
         <size>0x2c</size>
         <input_file_ref idref="fl-54"/>
      </object_component>
      <object_component id="oc-450">
         <name>.debug_info</name>
         <load_address>0x6aed</load_address>
         <run_address>0x6aed</run_address>
         <size>0x174</size>
         <input_file_ref idref="fl-55"/>
      </object_component>
      <object_component id="oc-92">
         <name>.debug_info</name>
         <load_address>0x6c61</load_address>
         <run_address>0x6c61</run_address>
         <size>0x1ba</size>
         <input_file_ref idref="fl-55"/>
      </object_component>
      <object_component id="oc-44b">
         <name>.debug_info</name>
         <load_address>0x6e1b</load_address>
         <run_address>0x6e1b</run_address>
         <size>0x46</size>
         <input_file_ref idref="fl-55"/>
      </object_component>
      <object_component id="oc-5dd">
         <name>.debug_info</name>
         <load_address>0x6e61</load_address>
         <run_address>0x6e61</run_address>
         <size>0x130</size>
         <input_file_ref idref="fl-58"/>
      </object_component>
      <object_component id="oc-62f">
         <name>.debug_info</name>
         <load_address>0x6f91</load_address>
         <run_address>0x6f91</run_address>
         <size>0x11b</size>
         <input_file_ref idref="fl-59"/>
      </object_component>
      <object_component id="oc-47a">
         <name>.debug_info</name>
         <load_address>0x70ac</load_address>
         <run_address>0x70ac</run_address>
         <size>0x117</size>
         <input_file_ref idref="fl-5c"/>
      </object_component>
      <object_component id="oc-43a">
         <name>.debug_info</name>
         <load_address>0x71c3</load_address>
         <run_address>0x71c3</run_address>
         <size>0x107</size>
         <input_file_ref idref="fl-73"/>
      </object_component>
      <object_component id="oc-628">
         <name>.debug_info</name>
         <load_address>0x72ca</load_address>
         <run_address>0x72ca</run_address>
         <size>0x118</size>
         <input_file_ref idref="fl-75"/>
      </object_component>
      <object_component id="oc-5e8">
         <name>.debug_info</name>
         <load_address>0x73e2</load_address>
         <run_address>0x73e2</run_address>
         <size>0x1cd</size>
         <input_file_ref idref="fl-7b"/>
      </object_component>
      <object_component id="oc-504">
         <name>.debug_info</name>
         <load_address>0x75af</load_address>
         <run_address>0x75af</run_address>
         <size>0x205</size>
         <input_file_ref idref="fl-7b"/>
      </object_component>
      <object_component id="oc-48f">
         <name>.debug_info</name>
         <load_address>0x77b4</load_address>
         <run_address>0x77b4</run_address>
         <size>0x2c</size>
         <input_file_ref idref="fl-7b"/>
      </object_component>
      <object_component id="oc-48e">
         <name>.debug_info</name>
         <load_address>0x77e0</load_address>
         <run_address>0x77e0</run_address>
         <size>0x17c</size>
         <input_file_ref idref="fl-7c"/>
      </object_component>
      <object_component id="oc-42d">
         <name>.debug_info</name>
         <load_address>0x795c</load_address>
         <run_address>0x795c</run_address>
         <size>0x191</size>
         <input_file_ref idref="fl-7c"/>
      </object_component>
      <object_component id="oc-53b">
         <name>.debug_info</name>
         <load_address>0x7aed</load_address>
         <run_address>0x7aed</run_address>
         <size>0x128</size>
         <input_file_ref idref="fl-80"/>
      </object_component>
      <object_component id="oc-452">
         <name>.debug_info</name>
         <load_address>0x7c15</load_address>
         <run_address>0x7c15</run_address>
         <size>0x148</size>
         <input_file_ref idref="fl-86"/>
      </object_component>
      <object_component id="oc-5e2">
         <name>.debug_info</name>
         <load_address>0x7d5d</load_address>
         <run_address>0x7d5d</run_address>
         <size>0x135</size>
         <input_file_ref idref="fl-88"/>
      </object_component>
      <object_component id="oc-4bc">
         <name>.debug_info</name>
         <load_address>0x7e92</load_address>
         <run_address>0x7e92</run_address>
         <size>0x3f5</size>
         <input_file_ref idref="fl-8b"/>
      </object_component>
      <object_component id="oc-458">
         <name>.debug_info</name>
         <load_address>0x8287</load_address>
         <run_address>0x8287</run_address>
         <size>0x21e</size>
         <input_file_ref idref="fl-8b"/>
      </object_component>
      <object_component id="oc-544">
         <name>.debug_info</name>
         <load_address>0x84a5</load_address>
         <run_address>0x84a5</run_address>
         <size>0x39</size>
         <input_file_ref idref="fl-8b"/>
      </object_component>
      <object_component id="oc-4b7">
         <name>.debug_info</name>
         <load_address>0x84de</load_address>
         <run_address>0x84de</run_address>
         <size>0x2c</size>
         <input_file_ref idref="fl-8b"/>
      </object_component>
      <object_component id="oc-549">
         <name>.debug_info</name>
         <load_address>0x850a</load_address>
         <run_address>0x850a</run_address>
         <size>0xcd</size>
         <input_file_ref idref="fl-8b"/>
      </object_component>
      <object_component id="oc-540">
         <name>.debug_info</name>
         <load_address>0x85d7</load_address>
         <run_address>0x85d7</run_address>
         <size>0x266</size>
         <input_file_ref idref="fl-8c"/>
      </object_component>
      <object_component id="oc-4ab">
         <name>.debug_info</name>
         <load_address>0x883d</load_address>
         <run_address>0x883d</run_address>
         <size>0x1b0</size>
         <input_file_ref idref="fl-8c"/>
      </object_component>
      <object_component id="oc-5f0">
         <name>.debug_info</name>
         <load_address>0x89ed</load_address>
         <run_address>0x89ed</run_address>
         <size>0x2c</size>
         <input_file_ref idref="fl-8c"/>
      </object_component>
      <object_component id="oc-4b1">
         <name>.debug_info</name>
         <load_address>0x8a19</load_address>
         <run_address>0x8a19</run_address>
         <size>0x145</size>
         <input_file_ref idref="fl-8f"/>
      </object_component>
      <object_component id="oc-6b7">
         <name>.debug_info</name>
         <load_address>0x8b5e</load_address>
         <run_address>0x8b5e</run_address>
         <size>0xc6</size>
      </object_component>
      <object_component id="oc-42a">
         <name>.debug_line</name>
         <load_address>0x0</load_address>
         <run_address>0x0</run_address>
         <size>0x20</size>
         <input_file_ref idref="fl-2"/>
      </object_component>
      <object_component id="oc-537">
         <name>.debug_line</name>
         <load_address>0x20</load_address>
         <run_address>0x20</run_address>
         <size>0x73</size>
         <input_file_ref idref="fl-2"/>
      </object_component>
      <object_component id="oc-4db">
         <name>.debug_line</name>
         <load_address>0x93</load_address>
         <run_address>0x93</run_address>
         <size>0x4a</size>
         <input_file_ref idref="fl-3"/>
      </object_component>
      <object_component id="oc-5a2">
         <name>.debug_line</name>
         <load_address>0xdd</load_address>
         <run_address>0xdd</run_address>
         <size>0x9d</size>
         <input_file_ref idref="fl-3"/>
      </object_component>
      <object_component id="oc-5c0">
         <name>.debug_line</name>
         <load_address>0x17a</load_address>
         <run_address>0x17a</run_address>
         <size>0x97</size>
         <input_file_ref idref="fl-3"/>
      </object_component>
      <object_component id="oc-526">
         <name>.debug_line</name>
         <load_address>0x211</load_address>
         <run_address>0x211</run_address>
         <size>0x98</size>
         <input_file_ref idref="fl-3"/>
      </object_component>
      <object_component id="oc-532">
         <name>.debug_line</name>
         <load_address>0x2a9</load_address>
         <run_address>0x2a9</run_address>
         <size>0x20</size>
         <input_file_ref idref="fl-3"/>
      </object_component>
      <object_component id="oc-5db">
         <name>.debug_line</name>
         <load_address>0x2c9</load_address>
         <run_address>0x2c9</run_address>
         <size>0x2b7</size>
         <input_file_ref idref="fl-4"/>
      </object_component>
      <object_component id="oc-52e">
         <name>.debug_line</name>
         <load_address>0x580</load_address>
         <run_address>0x580</run_address>
         <size>0x2d</size>
         <input_file_ref idref="fl-4"/>
      </object_component>
      <object_component id="oc-5c4">
         <name>.debug_line</name>
         <load_address>0x5ad</load_address>
         <run_address>0x5ad</run_address>
         <size>0x2d</size>
         <input_file_ref idref="fl-4"/>
      </object_component>
      <object_component id="oc-475">
         <name>.debug_line</name>
         <load_address>0x5da</load_address>
         <run_address>0x5da</run_address>
         <size>0x86</size>
         <input_file_ref idref="fl-4"/>
      </object_component>
      <object_component id="oc-448">
         <name>.debug_line</name>
         <load_address>0x660</load_address>
         <run_address>0x660</run_address>
         <size>0x40</size>
         <input_file_ref idref="fl-4"/>
      </object_component>
      <object_component id="oc-442">
         <name>.debug_line</name>
         <load_address>0x6a0</load_address>
         <run_address>0x6a0</run_address>
         <size>0x4c</size>
         <input_file_ref idref="fl-4"/>
      </object_component>
      <object_component id="oc-4fc">
         <name>.debug_line</name>
         <load_address>0x6ec</load_address>
         <run_address>0x6ec</run_address>
         <size>0x45</size>
         <input_file_ref idref="fl-5"/>
      </object_component>
      <object_component id="oc-640">
         <name>.debug_line</name>
         <load_address>0x731</load_address>
         <run_address>0x731</run_address>
         <size>0x1e0</size>
         <input_file_ref idref="fl-6"/>
      </object_component>
      <object_component id="oc-615">
         <name>.debug_line</name>
         <load_address>0x911</load_address>
         <run_address>0x911</run_address>
         <size>0x34</size>
         <input_file_ref idref="fl-6"/>
      </object_component>
      <object_component id="oc-61d">
         <name>.debug_line</name>
         <load_address>0x945</load_address>
         <run_address>0x945</run_address>
         <size>0x34</size>
         <input_file_ref idref="fl-6"/>
      </object_component>
      <object_component id="oc-621">
         <name>.debug_line</name>
         <load_address>0x979</load_address>
         <run_address>0x979</run_address>
         <size>0x34</size>
         <input_file_ref idref="fl-6"/>
      </object_component>
      <object_component id="oc-4e1">
         <name>.debug_line</name>
         <load_address>0x9ad</load_address>
         <run_address>0x9ad</run_address>
         <size>0x5a</size>
         <input_file_ref idref="fl-6"/>
      </object_component>
      <object_component id="oc-4e7">
         <name>.debug_line</name>
         <load_address>0xa07</load_address>
         <run_address>0xa07</run_address>
         <size>0x5c</size>
         <input_file_ref idref="fl-6"/>
      </object_component>
      <object_component id="oc-51a">
         <name>.debug_line</name>
         <load_address>0xa63</load_address>
         <run_address>0xa63</run_address>
         <size>0x4b</size>
         <input_file_ref idref="fl-6"/>
      </object_component>
      <object_component id="oc-642">
         <name>.debug_line</name>
         <load_address>0xaae</load_address>
         <run_address>0xaae</run_address>
         <size>0x20</size>
         <input_file_ref idref="fl-11"/>
      </object_component>
      <object_component id="oc-58a">
         <name>.debug_line</name>
         <load_address>0xace</load_address>
         <run_address>0xace</run_address>
         <size>0x84</size>
         <input_file_ref idref="fl-11"/>
      </object_component>
      <object_component id="oc-50e">
         <name>.debug_line</name>
         <load_address>0xb52</load_address>
         <run_address>0xb52</run_address>
         <size>0x6a</size>
         <input_file_ref idref="fl-11"/>
      </object_component>
      <object_component id="oc-59c">
         <name>.debug_line</name>
         <load_address>0xbbc</load_address>
         <run_address>0xbbc</run_address>
         <size>0x67</size>
         <input_file_ref idref="fl-11"/>
      </object_component>
      <object_component id="oc-596">
         <name>.debug_line</name>
         <load_address>0xc23</load_address>
         <run_address>0xc23</run_address>
         <size>0x64</size>
         <input_file_ref idref="fl-11"/>
      </object_component>
      <object_component id="oc-590">
         <name>.debug_line</name>
         <load_address>0xc87</load_address>
         <run_address>0xc87</run_address>
         <size>0x64</size>
         <input_file_ref idref="fl-11"/>
      </object_component>
      <object_component id="oc-514">
         <name>.debug_line</name>
         <load_address>0xceb</load_address>
         <run_address>0xceb</run_address>
         <size>0x64</size>
         <input_file_ref idref="fl-11"/>
      </object_component>
      <object_component id="oc-648">
         <name>.debug_line</name>
         <load_address>0xd4f</load_address>
         <run_address>0xd4f</run_address>
         <size>0x20</size>
         <input_file_ref idref="fl-15"/>
      </object_component>
      <object_component id="oc-63d">
         <name>.debug_line</name>
         <load_address>0xd6f</load_address>
         <run_address>0xd6f</run_address>
         <size>0x46</size>
         <input_file_ref idref="fl-15"/>
      </object_component>
      <object_component id="oc-580">
         <name>.debug_line</name>
         <load_address>0xdb5</load_address>
         <run_address>0xdb5</run_address>
         <size>0x66</size>
         <input_file_ref idref="fl-15"/>
      </object_component>
      <object_component id="oc-5fe">
         <name>.debug_line</name>
         <load_address>0xe1b</load_address>
         <run_address>0xe1b</run_address>
         <size>0xc0</size>
         <input_file_ref idref="fl-1c"/>
      </object_component>
      <object_component id="oc-604">
         <name>.debug_line</name>
         <load_address>0xedb</load_address>
         <run_address>0xedb</run_address>
         <size>0x76</size>
         <input_file_ref idref="fl-1c"/>
      </object_component>
      <object_component id="oc-56e">
         <name>.debug_line</name>
         <load_address>0xf51</load_address>
         <run_address>0xf51</run_address>
         <size>0x74</size>
         <input_file_ref idref="fl-1c"/>
      </object_component>
      <object_component id="oc-644">
         <name>.debug_line</name>
         <load_address>0xfc5</load_address>
         <run_address>0xfc5</run_address>
         <size>0x20</size>
         <input_file_ref idref="fl-22"/>
      </object_component>
      <object_component id="oc-5ab">
         <name>.debug_line</name>
         <load_address>0xfe5</load_address>
         <run_address>0xfe5</run_address>
         <size>0x62</size>
         <input_file_ref idref="fl-22"/>
      </object_component>
      <object_component id="oc-5b4">
         <name>.debug_line</name>
         <load_address>0x1047</load_address>
         <run_address>0x1047</run_address>
         <size>0x62</size>
         <input_file_ref idref="fl-22"/>
      </object_component>
      <object_component id="oc-5cb">
         <name>.debug_line</name>
         <load_address>0x10a9</load_address>
         <run_address>0x10a9</run_address>
         <size>0x62</size>
         <input_file_ref idref="fl-22"/>
      </object_component>
      <object_component id="oc-5ba">
         <name>.debug_line</name>
         <load_address>0x110b</load_address>
         <run_address>0x110b</run_address>
         <size>0x62</size>
         <input_file_ref idref="fl-22"/>
[...]
         <name>UCA1RXBUF_L</name>
         <value>0x5ec</value>
      </symbol>
      <symbol id="sm-31b">
         <name>UCA1RXBUF_H</name>
         <value>0x5ed</value>
      </symbol>
      <symbol id="sm-31c">
         <name>UCA1TXBUF</name>
         <value>0x5ee</value>
      </symbol>
      <symbol id="sm-31d">
         <name>UCA1TXBUF_L</name>
         <value>0x5ee</value>
      </symbol>
      <symbol id="sm-31e">
         <name>UCA1TXBUF_H</name>
         <value>0x5ef</value>
      </symbol>
      <symbol id="sm-31f">
         <name>UCA1ABCTL</name>
         <value>0x5f0</value>
      </symbol>
      <symbol id="sm-320">
         <name>UCA1IRCTL</name>
         <value>0x5f2</value>
      </symbol>
      <symbol id="sm-321">
         <name>UCA1IRCTL_L</name>
         <value>0x5f2</value>
      </symbol>
      <symbol id="sm-322">
         <name>UCA1IRCTL_H</name>
         <value>0x5f3</value>
      </symbol>
      <symbol id="sm-323">
         <name>UCA1IE</name>
         <value>0x5fa</value>
      </symbol>
      <symbol id="sm-324">
         <name>UCA1IE_L</name>
         <value>0x5fa</value>
      </symbol>
      <symbol id="sm-325">
         <name>UCA1IE_H</name>
         <value>0x5fb</value>
      </symbol>
      <symbol id="sm-326">
         <name>UCA1IFG</name>
         <value>0x5fc</value>
      </symbol>
      <symbol id="sm-327">
         <name>UCA1IFG_L</name>
         <value>0x5fc</value>
      </symbol>
      <symbol id="sm-328">
         <name>UCA1IFG_H</name>
         <value>0x5fd</value>
      </symbol>
      <symbol id="sm-329">
         <name>UCA1IV</name>
         <value>0x5fe</value>
      </symbol>
      <symbol id="sm-32a">
         <name>UCA2CTLW0</name>
         <value>0x600</value>
      </symbol>
      <symbol id="sm-32b">
         <name>UCA2CTLW0_L</name>
         <value>0x600</value>
      </symbol>
      <symbol id="sm-32c">
         <name>UCA2CTLW0_H</name>
         <value>0x601</value>
      </symbol>
      <symbol id="sm-32d">
         <name>UCA2CTLW1</name>
         <value>0x602</value>
      </symbol>
      <symbol id="sm-32e">
         <name>UCA2CTLW1_L</name>
         <value>0x602</value>
      </symbol>
      <symbol id="sm-32f">
         <name>UCA2CTLW1_H</name>
         <value>0x603</value>
      </symbol>
      <symbol id="sm-330">
         <name>UCA2BRW</name>
         <value>0x606</value>
      </symbol>
      <symbol id="sm-331">
         <name>UCA2BRW_L</name>
         <value>0x606</value>
      </symbol>
      <symbol id="sm-332">
         <name>UCA2BRW_H</name>
         <value>0x607</value>
      </symbol>
      <symbol id="sm-333">
         <name>UCA2MCTLW</name>
         <value>0x608</value>
      </symbol>
      <symbol id="sm-334">
         <name>UCA2MCTLW_L</name>
         <value>0x608</value>
      </symbol>
      <symbol id="sm-335">
         <name>UCA2MCTLW_H</name>
         <value>0x609</value>
      </symbol>
      <symbol id="sm-336">
         <name>UCA2STATW</name>
         <value>0x60a</value>
      </symbol>
      <symbol id="sm-337">
         <name>UCA2RXBUF</name>
         <value>0x60c</value>
      </symbol>
      <symbol id="sm-338">
         <name>UCA2RXBUF_L</name>
         <value>0x60c</value>
      </symbol>
      <symbol id="sm-339">
         <name>UCA2RXBUF_H</name>
         <value>0x60d</value>
      </symbol>
      <symbol id="sm-33a">
         <name>UCA2TXBUF</name>
         <value>0x60e</value>
      </symbol>
      <symbol id="sm-33b">
         <name>UCA2TXBUF_L</name>
         <value>0x60e</value>
      </symbol>
      <symbol id="sm-33c">
         <name>UCA2TXBUF_H</name>
         <value>0x60f</value>
      </symbol>
      <symbol id="sm-33d">
         <name>UCA2ABCTL</name>
         <value>0x610</value>
      </symbol>
      <symbol id="sm-33e">
         <name>UCA2IRCTL</name>
         <value>0x612</value>
      </symbol>
      <symbol id="sm-33f">
         <name>UCA2IRCTL_L</name>
         <value>0x612</value>
      </symbol>
      <symbol id="sm-340">
         <name>UCA2IRCTL_H</name>
         <value>0x613</value>
      </symbol>
      <symbol id="sm-341">
         <name>UCA2IE</name>
         <value>0x61a</value>
      </symbol>
      <symbol id="sm-342">
         <name>UCA2IE_L</name>
         <value>0x61a</value>
      </symbol>
      <symbol id="sm-343">
         <name>UCA2IE_H</name>
         <value>0x61b</value>
      </symbol>
      <symbol id="sm-344">
         <name>UCA2IFG</name>
         <value>0x61c</value>
      </symbol>
      <symbol id="sm-345">
         <name>UCA2IFG_L</name>
         <value>0x61c</value>
      </symbol>
      <symbol id="sm-346">
         <name>UCA2IFG_H</name>
         <value>0x61d</value>
      </symbol>
      <symbol id="sm-347">
         <name>UCA2IV</name>
         <value>0x61e</value>
      </symbol>
      <symbol id="sm-348">
         <name>WDTCTL</name>
         <value>0x15c</value>
      </symbol>
      <symbol id="sm-349">
         <name>WDTCTL_L</name>
         <value>0x15c</value>
      </symbol>
      <symbol id="sm-34a">
         <name>WDTCTL_H</name>
         <value>0x15d</value>
      </symbol>
      <symbol id="sm-34b">
         <name>__TI_CINIT_Base</name>
         <value>0x40b4</value>
      </symbol>
      <symbol id="sm-34c">
         <name>__TI_CINIT_Limit</name>
         <value>0x40c4</value>
      </symbol>
      <symbol id="sm-34d">
         <name>__TI_Handler_Table_Base</name>
         <value>0x4098</value>
      </symbol>
      <symbol id="sm-34e">
         <name>__TI_Handler_Table_Limit</name>
         <value>0x40a4</value>
      </symbol>
      <symbol id="sm-34f">
         <name>__STACK_SIZE</name>
         <value>0x50</value>
      </symbol>
      <symbol id="sm-350">
         <name>__STACK_END</name>
         <value>0x3c00</value>
      </symbol>
      <symbol id="sm-351">
         <name>__c_args__</name>
         <value>0xffffffff</value>
      </symbol>
      <symbol id="sm-352">
         <name>__TI_pprof_out_hndl</name>
         <value>0xffffffff</value>
      </symbol>
      <symbol id="sm-353">
         <name>__TI_prof_data_start</name>
         <value>0xffffffff</value>
      </symbol>
      <symbol id="sm-354">
         <name>__TI_prof_data_size</name>
         <value>0xffffffff</value>
      </symbol>
      <symbol id="sm-3d9">
         <name>set_clock_signals</name>
         <value>0x10a7e</value>
         <object_component_ref idref="oc-4d7"/>
      </symbol>
      <symbol id="sm-40c">
         <name>currResult</name>
         <value>0x1c08</value>
      </symbol>
      <symbol id="sm-40d">
         <name>maxResult</name>
         <value>0x1c0c</value>
      </symbol>
      <symbol id="sm-40e">
         <name>resultString</name>
         <value>0x1c00</value>
      </symbol>
      <symbol id="sm-40f">
         <name>i</name>
         <value>0x1c10</value>
      </symbol>
      <symbol id="sm-410">
         <name>timerOverflowCounter</name>
         <value>0x1c14</value>
         <object_component_ref idref="oc-49c"/>
      </symbol>
      <symbol id="sm-411">
         <name>TIMER1_A1_ISR</name>
         <value>0x4000</value>
         <object_component_ref idref="oc-43e"/>
      </symbol>
      <symbol id="sm-412">
         <name>__TI_int48</name>
         <value>0xffe0</value>
         <object_component_ref idref="oc-82"/>
      </symbol>
      <symbol id="sm-413">
         <name>__TI_int53</name>
         <value>0xffea</value>
         <object_component_ref idref="oc-87"/>
      </symbol>
      <symbol id="sm-414">
         <name>EUSCI_A1_ISR</name>
         <value>0x4044</value>
         <object_component_ref idref="oc-444"/>
      </symbol>
      <symbol id="sm-415">
         <name>main</name>
         <value>0x10000</value>
         <object_component_ref idref="oc-471"/>
      </symbol>
      <symbol id="sm-416">
         <name>micFlag</name>
         <value>0x1c12</value>
         <object_component_ref idref="oc-49c"/>
      </symbol>
      <symbol id="sm-417">
         <name>maxTimerOverflows</name>
         <value>0x1c16</value>
         <object_component_ref idref="oc-49c"/>
      </symbol>
      <symbol id="sm-421">
         <name>mic_convert_once</name>
         <value>0x1097a</value>
         <object_component_ref idref="oc-4f8"/>
      </symbol>
      <symbol id="sm-450">
         <name>init_UART</name>
         <value>0x10636</value>
         <object_component_ref idref="oc-4dd"/>
      </symbol>
      <symbol id="sm-451">
         <name>init_sdc</name>
         <value>0x1049e</value>
         <object_component_ref idref="oc-4e3"/>
      </symbol>
      <symbol id="sm-452">
         <name>ext_uart_crlf</name>
         <value>0x109ce</value>
         <object_component_ref idref="oc-516"/>
      </symbol>
      <symbol id="sm-490">
         <name>EUSCI_A_UART_enableInterrupt</name>
         <value>0x10a1a</value>
         <object_component_ref idref="oc-598"/>
      </symbol>
      <symbol id="sm-491">
         <name>EUSCI_A_UART_queryStatusFlags</name>
         <value>0x10b4e</value>
         <object_component_ref idref="oc-510"/>
      </symbol>
      <symbol id="sm-492">
         <name>EUSCI_A_UART_init</name>
         <value>0x10404</value>
         <object_component_ref idref="oc-586"/>
      </symbol>
      <symbol id="sm-493">
         <name>EUSCI_A_UART_enable</name>
         <value>0x10b74</value>
         <object_component_ref idref="oc-58c"/>
      </symbol>
      <symbol id="sm-494">
         <name>EUSCI_A_UART_clearInterrupt</name>
         <value>0x10b34</value>
         <object_component_ref idref="oc-592"/>
      </symbol>
      <symbol id="sm-495">
         <name>EUSCI_A_UART_transmitData</name>
         <value>0x10a3c</value>
         <object_component_ref idref="oc-50a"/>
      </symbol>
      <symbol id="sm-4ab">
         <name>GPIO_setAsPeripheralModuleFunctionInputPin</name>
         <value>0x109a6</value>
         <object_component_ref idref="oc-57d"/>
      </symbol>
      <symbol id="sm-4d8">
         <name>PMM_setVCore</name>
         <value>0x107e6</value>
         <object_component_ref idref="oc-56a"/>
      </symbol>
      <symbol id="sm-4d9">
         <name>PMM_setVCoreDown</name>
         <value>0x10362</value>
         <object_component_ref idref="oc-600"/>
      </symbol>
      <symbol id="sm-4da">
         <name>PMM_setVCoreUp</name>
         <value>0x101dc</value>
         <object_component_ref idref="oc-5fa"/>
      </symbol>
      <symbol id="sm-50e">
         <name>SD24_B_setOversampling</name>
         <value>0x10ab4</value>
         <object_component_ref idref="oc-5b6"/>
      </symbol>
      <symbol id="sm-50f">
         <name>SD24_B_getResults</name>
         <value>0x10a9c</value>
         <object_component_ref idref="oc-5d3"/>
      </symbol>
      <symbol id="sm-510">
         <name>SD24_B_initConverter</name>
         <value>0x1094e</value>
         <object_component_ref idref="oc-5b0"/>
      </symbol>
      <symbol id="sm-511">
         <name>SD24_B_getInterruptStatus</name>
         <value>0x10b10</value>
         <object_component_ref idref="oc-5cd"/>
      </symbol>
      <symbol id="sm-512">
         <name>SD24_B_init</name>
         <value>0x10838</value>
         <object_component_ref idref="oc-5a7"/>
      </symbol>
      <symbol id="sm-513">
         <name>SD24_B_startConverterConversion</name>
         <value>0x10acc</value>
         <object_component_ref idref="oc-5c7"/>
      </symbol>
      <symbol id="sm-538">
         <name>Timer_A_initContinuousMode</name>
         <value>0x10888</value>
         <object_component_ref idref="oc-4f2"/>
      </symbol>
      <symbol id="sm-539">
         <name>Timer_A_startCounter</name>
         <value>0x10b42</value>
         <object_component_ref idref="oc-51c"/>
      </symbol>
      <symbol id="sm-53a">
         <name>Timer_A_stop</name>
         <value>0x10b6c</value>
         <object_component_ref idref="oc-49f"/>
      </symbol>
      <symbol id="sm-53b">
         <name>Timer_A_clearTimerInterrupt</name>
         <value>0x10b7a</value>
         <object_component_ref idref="oc-4e9"/>
      </symbol>
      <symbol id="sm-571">
         <name>UCS_initClockSignal</name>
         <value>0x102bc</value>
         <object_component_ref idref="oc-570"/>
      </symbol>
      <symbol id="sm-572">
         <name>UCS_initFLLSettle</name>
         <value>0x10918</value>
         <object_component_ref idref="oc-576"/>
      </symbol>
      <symbol id="sm-573">
         <name>UCS_initFLL</name>
         <value>0x100fa</value>
         <object_component_ref idref="oc-608"/>
      </symbol>
      <symbol id="sm-580">
         <name>WDT_A_hold</name>
         <value>0x10a5e</value>
         <object_component_ref idref="oc-4d1"/>
      </symbol>
      <symbol id="sm-589">
         <name>_stack</name>
         <value>0x3bb0</value>
         <object_component_ref idref="oc-41d"/>
      </symbol>
      <symbol id="sm-58a">
         <name>_reset_vector</name>
         <value>0xfffe</value>
         <object_component_ref idref="oc-420"/>
      </symbol>
      <symbol id="sm-594">
         <name>_c_int00_noargs_noexit</name>
         <value>0x402a</value>
         <object_component_ref idref="oc-af"/>
      </symbol>
      <symbol id="sm-5b2">
         <name>__TI_decompress_lzss</name>
         <value>0x106b0</value>
         <object_component_ref idref="oc-6e"/>
      </symbol>
      <symbol id="sm-5c8">
         <name>__TI_decompress_none</name>
         <value>0x10b22</value>
         <object_component_ref idref="oc-74"/>
      </symbol>
      <symbol id="sm-5db">
         <name>__TI_zero_init</name>
         <value>0x109f6</value>
         <object_component_ref idref="oc-91"/>
      </symbol>
      <symbol id="sm-5e9">
         <name>__mspabi_remli</name>
         <value>0x108d8</value>
         <object_component_ref idref="oc-5dc"/>
      </symbol>
      <symbol id="sm-5ea">
         <name>__mspabi_divli</name>
         <value>0x108d8</value>
         <object_component_ref idref="oc-5dc"/>
      </symbol>
      <symbol id="sm-5f8">
         <name>__mspabi_remul</name>
         <value>0x1078e</value>
         <object_component_ref idref="oc-62e"/>
      </symbol>
      <symbol id="sm-5f9">
         <name>__mspabi_divul</name>
         <value>0x1078e</value>
         <object_component_ref idref="oc-62e"/>
      </symbol>
      <symbol id="sm-605">
         <name>C$$EXIT</name>
         <value>0x10b80</value>
         <object_component_ref idref="oc-479"/>
      </symbol>
      <symbol id="sm-606">
         <name>abort</name>
         <value>0x10b80</value>
         <object_component_ref idref="oc-479"/>
      </symbol>
      <symbol id="sm-60a">
         <name>__TI_int40</name>
         <value>0xffd0</value>
         <object_component_ref idref="oc-7a"/>
      </symbol>
      <symbol id="sm-60d">
         <name>__TI_int41</name>
         <value>0xffd2</value>
         <object_component_ref idref="oc-7b"/>
      </symbol>
      <symbol id="sm-610">
         <name>__TI_int42</name>
         <value>0xffd4</value>
         <object_component_ref idref="oc-7c"/>
      </symbol>
      <symbol id="sm-613">
         <name>__TI_int43</name>
         <value>0xffd6</value>
         <object_component_ref idref="oc-7d"/>
      </symbol>
      <symbol id="sm-616">
         <name>__TI_int44</name>
         <value>0xffd8</value>
         <object_component_ref idref="oc-7e"/>
      </symbol>
      <symbol id="sm-619">
         <name>__TI_int45</name>
         <value>0xffda</value>
         <object_component_ref idref="oc-7f"/>
      </symbol>
      <symbol id="sm-61c">
         <name>__TI_int46</name>
         <value>0xffdc</value>
         <object_component_ref idref="oc-80"/>
      </symbol>
      <symbol id="sm-61f">
         <name>__TI_int47</name>
         <value>0xffde</value>
         <object_component_ref idref="oc-81"/>
      </symbol>
      <symbol id="sm-622">
         <name>__TI_int49</name>
         <value>0xffe2</value>
         <object_component_ref idref="oc-83"/>
      </symbol>
      <symbol id="sm-625">
         <name>__TI_int50</name>
         <value>0xffe4</value>
         <object_component_ref idref="oc-84"/>
      </symbol>
      <symbol id="sm-628">
         <name>__TI_int51</name>
         <value>0xffe6</value>
         <object_component_ref idref="oc-85"/>
      </symbol>
      <symbol id="sm-62b">
         <name>__TI_int52</name>
         <value>0xffe8</value>
         <object_component_ref idref="oc-86"/>
      </symbol>
      <symbol id="sm-62e">
         <name>__TI_int54</name>
         <value>0xffec</value>
         <object_component_ref idref="oc-88"/>
      </symbol>
      <symbol id="sm-631">
         <name>__TI_int55</name>
         <value>0xffee</value>
         <object_component_ref idref="oc-89"/>
      </symbol>
      <symbol id="sm-634">
         <name>__TI_int56</name>
         <value>0xfff0</value>
         <object_component_ref idref="oc-8a"/>
      </symbol>
      <symbol id="sm-637">
         <name>__TI_int57</name>
         <value>0xfff2</value>
         <object_component_ref idref="oc-8b"/>
      </symbol>
      <symbol id="sm-63a">
         <name>__TI_int58</name>
         <value>0xfff4</value>
         <object_component_ref idref="oc-8c"/>
      </symbol>
      <symbol id="sm-63d">
         <name>__TI_int59</name>
         <value>0xfff6</value>
         <object_component_ref idref="oc-8d"/>
      </symbol>
      <symbol id="sm-640">
         <name>__TI_int60</name>
         <value>0xfff8</value>
         <object_component_ref idref="oc-8e"/>
      </symbol>
      <symbol id="sm-643">
         <name>__TI_int61</name>
         <value>0xfffa</value>
         <object_component_ref idref="oc-8f"/>
      </symbol>
      <symbol id="sm-646">
         <name>__TI_int62</name>
         <value>0xfffc</value>
         <object_component_ref idref="oc-90"/>
      </symbol>
      <symbol id="sm-64e">
         <name>__TI_ISR_TRAP</name>
         <value>0x404e</value>
         <object_component_ref idref="oc-439"/>
      </symbol>
      <symbol id="sm-658">
         <name>__mspabi_slli</name>
         <value>0x10b62</value>
         <object_component_ref idref="oc-627"/>
      </symbol>
      <symbol id="sm-671">
         <name>ltoa</name>
         <value>0x105b6</value>
         <object_component_ref idref="oc-503"/>
      </symbol>
      <symbol id="sm-67f">
         <name>memcpy</name>
         <value>0x10afc</value>
         <object_component_ref idref="oc-42c"/>
      </symbol>
      <symbol id="sm-68a">
         <name>__mspabi_mpyi_f5hw</name>
         <value>0x10ae4</value>
         <object_component_ref idref="oc-53a"/>
      </symbol>
      <symbol id="sm-698">
         <name>_system_pre_init</name>
         <value>0x10b86</value>
         <object_component_ref idref="oc-451"/>
      </symbol>
      <symbol id="sm-6a3">
         <name>abs</name>
         <value>0x10b58</value>
         <object_component_ref idref="oc-5e1"/>
      </symbol>
      <symbol id="sm-6c7">
         <name>_auto_init_hold_wdt</name>
         <value>0x10534</value>
         <object_component_ref idref="oc-457"/>
      </symbol>
      <symbol id="sm-6dd">
         <name>copy_in</name>
         <value>0x10728</value>
         <object_component_ref idref="oc-4aa"/>
      </symbol>
      <symbol id="sm-6e8">
         <name>_system_post_cinit</name>
         <value>0x10b8a</value>
         <object_component_ref idref="oc-4b0"/>
      </symbol>
      <symbol id="sm-6ea">
         <name>__TI_BINIT_Base</name>
         <value>0x0</value>
      </symbol>
      <symbol id="sm-6eb">
         <name>__TI_BINIT_Limit</name>
         <value>0x0</value>
      </symbol>
      <symbol id="sm-6ec">
         <name>__TI_INITARRAY_Base</name>
         <value>0x0</value>
      </symbol>
      <symbol id="sm-6ed">
         <name>__TI_INITARRAY_Limit</name>
         <value>0x0</value>
      </symbol>
   </symbol_table>
   <title>Link successful</title>
</link_info>
