<?xml version="1.0"?>
<link_info>
   <banner>MSP430 Linker Unix v16.9.4.LTS</banner>
   <copyright>Copyright (c) 2003-2017 Texas Instruments Incorporated</copyright>
   <link_time>0x5b670667</link_time>
   <link_errors>0x0</link_errors>
   <output_file>IONIS_env_sensor.out</output_file>
   <entry_point>
      <name>_c_int00_noargs_noexit</name>
      <address>0x4090</address>
   </entry_point>
   <input_file_list>
      <input_file id="fl-2">
         <path>./</path>
         <kind>object</kind>
         <file>clock_system.obj</file>
         <name>clock_system.obj</name>
      </input_file>
      <input_file id="fl-3">
         <path>./</path>
         <kind>object</kind>
         <file>main.obj</file>
         <name>main.obj</name>
      </input_file>
      <input_file id="fl-4">
         <path>./</path>
         <kind>object</kind>
         <file>mic.obj</file>
         <name>mic.obj</name>
      </input_file>
      <input_file id="fl-5">
         <path>./</path>
         <kind>object</kind>
         <file>peripherals.obj</file>
         <name>peripherals.obj</name>
      </input_file>
      <input_file id="fl-6">
         <path>./driverlib/MSP430F5xx_6xx/</path>
         <kind>object</kind>
         <file>adc10_a.obj</file>
         <name>adc10_a.obj</name>
      </input_file>
      <input_file id="fl-7">
         <path>./driverlib/MSP430F5xx_6xx/</path>
         <kind>object</kind>
         <file>adc12_a.obj</file>
         <name>adc12_a.obj</name>
      </input_file>
      <input_file id="fl-8">
         <path>./driverlib/MSP430F5xx_6xx/</path>
         <kind>object</kind>
         <file>aes.obj</file>
         <name>aes.obj</name>
      </input_file>
      <input_file id="fl-9">
         <path>./driverlib/MSP430F5xx_6xx/</path>
         <kind>object</kind>
         <file>battbak.obj</file>
         <name>battbak.obj</name>
      </input_file>
      <input_file id="fl-a">
         <path>./driverlib/MSP430F5xx_6xx/</path>
         <kind>object</kind>
         <file>comp_b.obj</file>
         <name>comp_b.obj</name>
      </input_file>
      <input_file id="fl-b">
         <path>./driverlib/MSP430F5xx_6xx/</path>
         <kind>object</kind>
         <file>crc.obj</file>
         <name>crc.obj</name>
      </input_file>
      <input_file id="fl-c">
         <path>./driverlib/MSP430F5xx_6xx/</path>
         <kind>object</kind>
         <file>ctsd16.obj</file>
         <name>ctsd16.obj</name>
      </input_file>
      <input_file id="fl-d">
         <path>./driverlib/MSP430F5xx_6xx/</path>
         <kind>object</kind>
         <file>dac12_a.obj</file>
         <name>dac12_a.obj</name>
      </input_file>
      <input_file id="fl-e">
         <path>./driverlib/MSP430F5xx_6xx/</path>
         <kind>object</kind>
         <file>dma.obj</file>
         <name>dma.obj</name>
      </input_file>
      <input_file id="fl-f">
         <path>./driverlib/MSP430F5xx_6xx/</path>
         <kind>object</kind>
         <file>eusci_a_spi.obj</file>
         <name>eusci_a_spi.obj</name>
      </input_file>
      <input_file id="fl-10">
         <path>./driverlib/MSP430F5xx_6xx/</path>
         <kind>object</kind>
         <file>eusci_a_uart.obj</file>
         <name>eusci_a_uart.obj</name>
      </input_file>
      <input_file id="fl-11">
         <path>./driverlib/MSP430F5xx_6xx/</path>
         <kind>object</kind>
         <file>eusci_b_i2c.obj</file>
         <name>eusci_b_i2c.obj</name>
      </input_file>
      <input_file id="fl-12">
         <path>./driverlib/MSP430F5xx_6xx/</path>
         <kind>object</kind>
         <file>eusci_b_spi.obj</file>
         <name>eusci_b_spi.obj</name>
      </input_file>
      <input_file id="fl-13">
         <path>./driverlib/MSP430F5xx_6xx/</path>
         <kind>object</kind>
         <file>flashctl.obj</file>
         <name>flashctl.obj</name>
      </input_file>
      <input_file id="fl-14">
         <path>./driverlib/MSP430F5xx_6xx/</path>
         <kind>object</kind>
         <file>gpio.obj</file>
         <name>gpio.obj</name>
      </input_file>
      <input_file id="fl-15">
         <path>./driverlib/MSP430F5xx_6xx/</path>
         <kind>object</kind>
         <file>lcd_b.obj</file>
         <name>lcd_b.obj</name>
      </input_file>
      <input_file id="fl-16">
         <path>./driverlib/MSP430F5xx_6xx/</path>
         <kind>object</kind>
         <file>lcd_c.obj</file>
         <name>lcd_c.obj</name>
      </input_file>
      <input_file id="fl-17">
         <path>./driverlib/MSP430F5xx_6xx/</path>
         <kind>object</kind>
         <file>ldopwr.obj</file>
         <name>ldopwr.obj</name>
      </input_file>
      <input_file id="fl-18">
         <path>./driverlib/MSP430F5xx_6xx/</path>
         <kind>object</kind>
         <file>mpy32.obj</file>
         <name>mpy32.obj</name>
      </input_file>
      <input_file id="fl-19">
         <path>./driverlib/MSP430F5xx_6xx/</path>
         <kind>object</kind>
         <file>oa.obj</file>
         <name>oa.obj</name>
      </input_file>
      <input_file id="fl-1a">
         <path>./driverlib/MSP430F5xx_6xx/</path>
         <kind>object</kind>
         <file>pmap.obj</file>
         <name>pmap.obj</name>
      </input_file>
      <input_file id="fl-1b">
         <path>./driverlib/MSP430F5xx_6xx/</path>
         <kind>object</kind>
         <file>pmm.obj</file>
         <name>pmm.obj</name>
      </input_file>
      <input_file id="fl-1c">
         <path>./driverlib/MSP430F5xx_6xx/</path>
         <kind>object</kind>
         <file>ram.obj</file>
         <name>ram.obj</name>
      </input_file>
      <input_file id="fl-1d">
         <path>./driverlib/MSP430F5xx_6xx/</path>
         <kind>object</kind>
         <file>ref.obj</file>
         <name>ref.obj</name>
      </input_file>
      <input_file id="fl-1e">
         <path>./driverlib/MSP430F5xx_6xx/</path>
         <kind>object</kind>
         <file>rtc_a.obj</file>
         <name>rtc_a.obj</name>
      </input_file>
      <input_file id="fl-1f">
         <path>./driverlib/MSP430F5xx_6xx/</path>
         <kind>object</kind>
         <file>rtc_b.obj</file>
         <name>rtc_b.obj</name>
      </input_file>
      <input_file id="fl-20">
         <path>./driverlib/MSP430F5xx_6xx/</path>
         <kind>object</kind>
         <file>rtc_c.obj</file>
         <name>rtc_c.obj</name>
      </input_file>
      <input_file id="fl-21">
         <path>./driverlib/MSP430F5xx_6xx/</path>
         <kind>object</kind>
         <file>sd24_b.obj</file>
         <name>sd24_b.obj</name>
      </input_file>
      <input_file id="fl-22">
         <path>./driverlib/MSP430F5xx_6xx/</path>
         <kind>object</kind>
         <file>sfr.obj</file>
         <name>sfr.obj</name>
      </input_file>
      <input_file id="fl-23">
         <path>./driverlib/MSP430F5xx_6xx/</path>
         <kind>object</kind>
         <file>sysctl.obj</file>
         <name>sysctl.obj</name>
      </input_file>
      <input_file id="fl-24">
         <path>./driverlib/MSP430F5xx_6xx/</path>
         <kind>object</kind>
         <file>tec.obj</file>
         <name>tec.obj</name>
      </input_file>
      <input_file id="fl-25">
         <path>./driverlib/MSP430F5xx_6xx/</path>
         <kind>object</kind>
         <file>timer_a.obj</file>
         <name>timer_a.obj</name>
      </input_file>
      <input_file id="fl-26">
         <path>./driverlib/MSP430F5xx_6xx/</path>
         <kind>object</kind>
         <file>timer_b.obj</file>
         <name>timer_b.obj</name>
      </input_file>
      <input_file id="fl-27">
         <path>./driverlib/MSP430F5xx_6xx/</path>
         <kind>object</kind>
         <file>timer_d.obj</file>
         <name>timer_d.obj</name>
      </input_file>
      <input_file id="fl-28">
         <path>./driverlib/MSP430F5xx_6xx/</path>
         <kind>object</kind>
         <file>tlv.obj</file>
         <name>tlv.obj</name>
      </input_file>
      <input_file id="fl-29">
         <path>./driverlib/MSP430F5xx_6xx/</path>
         <kind>object</kind>
         <file>ucs.obj</file>
         <name>ucs.obj</name>
      </input_file>
      <input_file id="fl-2a">
         <path>./driverlib/MSP430F5xx_6xx/</path>
         <kind>object</kind>
         <file>usci_a_spi.obj</file>
         <name>usci_a_spi.obj</name>
      </input_file>
      <input_file id="fl-2b">
         <path>./driverlib/MSP430F5xx_6xx/</path>
         <kind>object</kind>
         <file>usci_a_uart.obj</file>
         <name>usci_a_uart.obj</name>
      </input_file>
      <input_file id="fl-2c">
         <path>./driverlib/MSP430F5xx_6xx/</path>
         <kind>object</kind>
         <file>usci_b_i2c.obj</file>
         <name>usci_b_i2c.obj</name>
      </input_file>
      <input_file id="fl-2d">
         <path>./driverlib/MSP430F5xx_6xx/</path>
         <kind>object</kind>
         <file>usci_b_spi.obj</file>
         <name>usci_b_spi.obj</name>
      </input_file>
      <input_file id="fl-2e">
         <path>./driverlib/MSP430F5xx_6xx/</path>
         <kind>object</kind>
         <file>wdt_a.obj</file>
         <name>wdt_a.obj</name>
      </input_file>
      <input_file id="fl-34">
         <kind>object</kind>
         <file>&lt;internal&gt;</file>
         <name>&lt;internal&gt;</name>
      </input_file>
      <input_file id="fl-4f">
         <path>/Applications/ti/ccsv7/tools/compiler/ti-cgt-msp430_16.9.4.LTS/lib/</path>
         <kind>archive</kind>
         <file>rts430x_lc_rd_eabi.lib</file>
         <name>boot.obj</name>
      </input_file>
      <input_file id="fl-50">
         <path>/Applications/ti/ccsv7/tools/compiler/ti-cgt-msp430_16.9.4.LTS/lib/</path>
         <kind>archive</kind>
         <file>rts430x_lc_rd_eabi.lib</file>
         <name>boot_special.obj</name>
      </input_file>
      <input_file id="fl-51">
         <path>/Applications/ti/ccsv7/tools/compiler/ti-cgt-msp430_16.9.4.LTS/lib/</path>
         <kind>archive</kind>
         <file>rts430x_lc_rd_eabi.lib</file>
         <name>copy_decompress_lzss.obj</name>
      </input_file>
      <input_file id="fl-52">
         <path>/Applications/ti/ccsv7/tools/compiler/ti-cgt-msp430_16.9.4.LTS/lib/</path>
         <kind>archive</kind>
         <file>rts430x_lc_rd_eabi.lib</file>
         <name>copy_decompress_none.obj</name>
      </input_file>
      <input_file id="fl-53">
         <path>/Applications/ti/ccsv7/tools/compiler/ti-cgt-msp430_16.9.4.LTS/lib/</path>
         <kind>archive</kind>
         <file>rts430x_lc_rd_eabi.lib</file>
         <name>copy_zero_init.obj</name>
      </input_file>
      <input_file id="fl-54">
         <path>/Applications/ti/ccsv7/tools/compiler/ti-cgt-msp430_16.9.4.LTS/lib/</path>
         <kind>archive</kind>
         <file>rts430x_lc_rd_eabi.lib</file>
         <name>div16s.obj</name>
      </input_file>
      <input_file id="fl-55">
         <path>/Applications/ti/ccsv7/tools/compiler/ti-cgt-msp430_16.9.4.LTS/lib/</path>
         <kind>archive</kind>
         <file>rts430x_lc_rd_eabi.lib</file>
         <name>div16u.obj</name>
      </input_file>
      <input_file id="fl-56">
         <path>/Applications/ti/ccsv7/tools/compiler/ti-cgt-msp430_16.9.4.LTS/lib/</path>
         <kind>archive</kind>
         <file>rts430x_lc_rd_eabi.lib</file>
         <name>div32s.obj</name>
      </input_file>
      <input_file id="fl-57">
         <path>/Applications/ti/ccsv7/tools/compiler/ti-cgt-msp430_16.9.4.LTS/lib/</path>
         <kind>archive</kind>
         <file>rts430x_lc_rd_eabi.lib</file>
         <name>div32u.obj</name>
      </input_file>
      <input_file id="fl-58">
         <path>/Applications/ti/ccsv7/tools/compiler/ti-cgt-msp430_16.9.4.LTS/lib/</path>
         <kind>archive</kind>
         <file>rts430x_lc_rd_eabi.lib</file>
         <name>exit.obj</name>
      </input_file>
      <input_file id="fl-59">
         <path>/Applications/ti/ccsv7/tools/compiler/ti-cgt-msp430_16.9.4.LTS/lib/</path>
         <kind>archive</kind>
         <file>rts430x_lc_rd_eabi.lib</file>
         <name>exit_gvars.obj</name>
      </input_file>
      <input_file id="fl-5a">
         <path>/Applications/ti/ccsv7/tools/compiler/ti-cgt-msp430_16.9.4.LTS/lib/</path>
         <kind>archive</kind>
         <file>rts430x_lc_rd_eabi.lib</file>
         <name>int40.obj</name>
      </input_file>
      <input_file id="fl-5b">
         <path>/Applications/ti/ccsv7/tools/compiler/ti-cgt-msp430_16.9.4.LTS/lib/</path>
         <kind>archive</kind>
         <file>rts430x_lc_rd_eabi.lib</file>
         <name>int41.obj</name>
      </input_file>
      <input_file id="fl-5c">
         <path>/Applications/ti/ccsv7/tools/compiler/ti-cgt-msp430_16.9.4.LTS/lib/</path>
         <kind>archive</kind>
         <file>rts430x_lc_rd_eabi.lib</file>
         <name>int42.obj</name>
      </input_file>
      <input_file id="fl-5d">
         <path>/Applications/ti/ccsv7/tools/compiler/ti-cgt-msp430_16.9.4.LTS/lib/</path>
         <kind>archive</kind>
         <file>rts430x_lc_rd_eabi.lib</file>
         <name>int43.obj</name>
      </input_file>
      <input_file id="fl-5e">
         <path>/Applications/ti/ccsv7/tools/compiler/ti-cgt-msp430_16.9.4.LTS/lib/</path>
         <kind>archive</kind>
         <file>rts430x_lc_rd_eabi.lib</file>
         <name>int44.obj</name>
      </input_file>
      <input_file id="fl-5f">
         <path>/Applications/ti/ccsv7/tools/compiler/ti-cgt-msp430_16.9.4.LTS/lib/</path>
         <kind>archive</kind>
         <file>rts430x_lc_rd_eabi.lib</file>
         <name>int45.obj</name>
      </input_file>
      <input_file id="fl-60">
         <path>/Applications/ti/ccsv7/tools/compiler/ti-cgt-msp430_16.9.4.LTS/lib/</path>
         <kind>archive</kind>
         <file>rts430x_lc_rd_eabi.lib</file>
         <name>int46.obj</name>
      </input_file>
      <input_file id="fl-61">
         <path>/Applications/ti/ccsv7/tools/compiler/ti-cgt-msp430_16.9.4.LTS/lib/</path>
         <kind>archive</kind>
         <file>rts430x_lc_rd_eabi.lib</file>
         <name>int47.obj</name>
      </input_file>
      <input_file id="fl-62">
         <path>/Applications/ti/ccsv7/tools/compiler/ti-cgt-msp430_16.9.4.LTS/lib/</path>
         <kind>archive</kind>
         <file>rts430x_lc_rd_eabi.lib</file>
         <name>int49.obj</name>
      </input_file>
      <input_file id="fl-63">
         <path>/Applications/ti/ccsv7/tools/compiler/ti-cgt-msp430_16.9.4.LTS/lib/</path>
         <kind>archive</kind>
         <file>rts430x_lc_rd_eabi.lib</file>
         <name>int50.obj</name>
      </input_file>
      <input_file id="fl-64">
         <path>/Applications/ti/ccsv7/tools/compiler/ti-cgt-msp430_16.9.4.LTS/lib/</path>
         <kind>archive</kind>
         <file>rts430x_lc_rd_eabi.lib</file>
         <name>int51.obj</name>
      </input_file>
      <input_file id="fl-65">
         <path>/Applications/ti/ccsv7/tools/compiler/ti-cgt-msp430_16.9.4.LTS/lib/</path>
         <kind>archive</kind>
         <file>rts430x_lc_rd_eabi.lib</file>
         <name>int52.obj</name>
      </input_file>
      <input_file id="fl-66">
         <path>/Applications/ti/ccsv7/tools/compiler/ti-cgt-msp430_16.9.4.LTS/lib/</path>
         <kind>archive</kind>
         <file>rts430x_lc_rd_eabi.lib</file>
         <name>int54.obj</name>
      </input_file>
      <input_file id="fl-67">
         <path>/Applications/ti/ccsv7/tools/compiler/ti-cgt-msp430_16.9.4.LTS/lib/</path>
         <kind>archive</kind>
         <file>rts430x_lc_rd_eabi.lib</file>
         <name>int55.obj</name>
      </input_file>
      <input_file id="fl-68">
         <path>/Applications/ti/ccsv7/tools/compiler/ti-cgt-msp430_16.9.4.LTS/lib/</path>
         <kind>archive</kind>
         <file>rts430x_lc_rd_eabi.lib</file>
         <name>int57.obj</name>
      </input_file>
      <input_file id="fl-69">
         <path>/Applications/ti/ccsv7/tools/compiler/ti-cgt-msp430_16.9.4.LTS/lib/</path>
         <kind>archive</kind>
         <file>rts430x_lc_rd_eabi.lib</file>
         <name>int58.obj</name>
      </input_file>
      <input_file id="fl-6a">
         <path>/Applications/ti/ccsv7/tools/compiler/ti-cgt-msp430_16.9.4.LTS/lib/</path>
         <kind>archive</kind>
         <file>rts430x_lc_rd_eabi.lib</file>
         <name>int60.obj</name>
      </input_file>
      <input_file id="fl-6b">
         <path>/Applications/ti/ccsv7/tools/compiler/ti-cgt-msp430_16.9.4.LTS/lib/</path>
         <kind>archive</kind>
         <file>rts430x_lc_rd_eabi.lib</file>
         <name>int61.obj</name>
      </input_file>
      <input_file id="fl-6c">
         <path>/Applications/ti/ccsv7/tools/compiler/ti-cgt-msp430_16.9.4.LTS/lib/</path>
         <kind>archive</kind>
         <file>rts430x_lc_rd_eabi.lib</file>
         <name>int62.obj</name>
      </input_file>
      <input_file id="fl-6d">
         <path>/Applications/ti/ccsv7/tools/compiler/ti-cgt-msp430_16.9.4.LTS/lib/</path>
         <kind>archive</kind>
         <file>rts430x_lc_rd_eabi.lib</file>
         <name>isr_trap.obj</name>
      </input_file>
      <input_file id="fl-6e">
         <path>/Applications/ti/ccsv7/tools/compiler/ti-cgt-msp430_16.9.4.LTS/lib/</path>
         <kind>archive</kind>
         <file>rts430x_lc_rd_eabi.lib</file>
         <name>lsl16.obj</name>
      </input_file>
      <input_file id="fl-6f">
         <path>/Applications/ti/ccsv7/tools/compiler/ti-cgt-msp430_16.9.4.LTS/lib/</path>
         <kind>archive</kind>
         <file>rts430x_lc_rd_eabi.lib</file>
         <name>lsr16.obj</name>
      </input_file>
      <input_file id="fl-70">
         <path>/Applications/ti/ccsv7/tools/compiler/ti-cgt-msp430_16.9.4.LTS/lib/</path>
         <kind>archive</kind>
         <file>rts430x_lc_rd_eabi.lib</file>
         <name>ltoa.obj</name>
      </input_file>
      <input_file id="fl-71">
         <path>/Applications/ti/ccsv7/tools/compiler/ti-cgt-msp430_16.9.4.LTS/lib/</path>
         <kind>archive</kind>
         <file>rts430x_lc_rd_eabi.lib</file>
         <name>memcpy.obj</name>
      </input_file>
      <input_file id="fl-72">
         <path>/Applications/ti/ccsv7/tools/compiler/ti-cgt-msp430_16.9.4.LTS/lib/</path>
         <kind>archive</kind>
         <file>rts430x_lc_rd_eabi.lib</file>
         <name>mpu_init.obj</name>
      </input_file>
      <input_file id="fl-73">
         <path>/Applications/ti/ccsv7/tools/compiler/ti-cgt-msp430_16.9.4.LTS/lib/</path>
         <kind>archive</kind>
         <file>rts430x_lc_rd_eabi.lib</file>
         <name>mult1632_f5hw.obj</name>
      </input_file>
      <input_file id="fl-74">
         <path>/Applications/ti/ccsv7/tools/compiler/ti-cgt-msp430_16.9.4.LTS/lib/</path>
         <kind>archive</kind>
         <file>rts430x_lc_rd_eabi.lib</file>
         <name>mult16_f5hw.obj</name>
      </input_file>
      <input_file id="fl-75">
         <path>/Applications/ti/ccsv7/tools/compiler/ti-cgt-msp430_16.9.4.LTS/lib/</path>
         <kind>archive</kind>
         <file>rts430x_lc_rd_eabi.lib</file>
         <name>mult32.obj</name>
      </input_file>
      <input_file id="fl-76">
         <path>/Applications/ti/ccsv7/tools/compiler/ti-cgt-msp430_16.9.4.LTS/lib/</path>
         <kind>archive</kind>
         <file>rts430x_lc_rd_eabi.lib</file>
         <name>mult3264_f5hw.obj</name>
      </input_file>
      <input_file id="fl-77">
         <path>/Applications/ti/ccsv7/tools/compiler/ti-cgt-msp430_16.9.4.LTS/lib/</path>
         <kind>archive</kind>
         <file>rts430x_lc_rd_eabi.lib</file>
         <name>mult32_f5hw.obj</name>
      </input_file>
      <input_file id="fl-78">
         <path>/Applications/ti/ccsv7/tools/compiler/ti-cgt-msp430_16.9.4.LTS/lib/</path>
         <kind>archive</kind>
         <file>rts430x_lc_rd_eabi.lib</file>
         <name>mult64_f5hw.obj</name>
      </input_file>
      <input_file id="fl-79">
         <path>/Applications/ti/ccsv7/tools/compiler/ti-cgt-msp430_16.9.4.LTS/lib/</path>
         <kind>archive</kind>
         <file>rts430x_lc_rd_eabi.lib</file>
         <name>pre_init.obj</name>
      </input_file>
      <input_file id="fl-7a">
         <path>/Applications/ti/ccsv7/tools/compiler/ti-cgt-msp430_16.9.4.LTS/lib/</path>
         <kind>archive</kind>
         <file>rts430x_lc_rd_eabi.lib</file>
         <name>_lock.obj</name>
      </input_file>
      <input_file id="fl-7b">
         <path>/Applications/ti/ccsv7/tools/compiler/ti-cgt-msp430_16.9.4.LTS/lib/</path>
         <kind>archive</kind>
         <file>rts430x_lc_rd_eabi.lib</file>
         <name>abs.obj</name>
      </input_file>
      <input_file id="fl-7c">
         <path>/Applications/ti/ccsv7/tools/compiler/ti-cgt-msp430_16.9.4.LTS/lib/</path>
         <kind>archive</kind>
         <file>rts430x_lc_rd_eabi.lib</file>
         <name>args_main.obj</name>
      </input_file>
      <input_file id="fl-7d">
         <path>/Applications/ti/ccsv7/tools/compiler/ti-cgt-msp430_16.9.4.LTS/lib/</path>
         <kind>archive</kind>
         <file>rts430x_lc_rd_eabi.lib</file>
         <name>autoinit_wdt.obj</name>
      </input_file>
      <input_file id="fl-7e">
         <path>/Applications/ti/ccsv7/tools/compiler/ti-cgt-msp430_16.9.4.LTS/lib/</path>
         <kind>archive</kind>
         <file>rts430x_lc_rd_eabi.lib</file>
         <name>cpy_tbl.obj</name>
      </input_file>
      <input_file id="fl-7f">
         <path>/Applications/ti/ccsv7/tools/compiler/ti-cgt-msp430_16.9.4.LTS/lib/</path>
         <kind>archive</kind>
         <file>rts430x_lc_rd_eabi.lib</file>
         <name>mult16.obj</name>
      </input_file>
      <input_file id="fl-80">
         <path>/Applications/ti/ccsv7/tools/compiler/ti-cgt-msp430_16.9.4.LTS/lib/</path>
         <kind>archive</kind>
         <file>rts430x_lc_rd_eabi.lib</file>
         <name>startup.obj</name>
      </input_file>
   </input_file_list>
   <object_component_list>
      <object_component id="oc-4bf">
         <name>.common:currResult</name>
         <uninitialized>true</uninitialized>
         <run_address>0x1c08</run_address>
         <size>0x4</size>
      </object_component>
      <object_component id="oc-521">
         <name>.common:resultText</name>
         <uninitialized>true</uninitialized>
         <run_address>0x1c00</run_address>
         <size>0x8</size>
      </object_component>
      <object_component id="oc-611">
         <name>.common:i</name>
         <uninitialized>true</uninitialized>
         <run_address>0x1c0c</run_address>
         <size>0x2</size>
      </object_component>
      <object_component id="oc-4a8">
         <name>.data</name>
         <load_address>0x1c0e</load_address>
         <run_address>0x1c0e</run_address>
         <size>0xe</size>
         <input_file_ref idref="fl-3"/>
      </object_component>
      <object_component id="oc-41d">
         <name>.stack</name>
         <uninitialized>true</uninitialized>
         <run_address>0x3bb0</run_address>
         <size>0x4</size>
         <input_file_ref idref="fl-4f"/>
      </object_component>
      <object_component id="oc-6dd">
         <name>.stack</name>
         <uninitialized>true</uninitialized>
         <run_address>0x3bb0</run_address>
         <size>0x0</size>
      </object_component>
      <object_component id="oc-62f">
         <name>.text:UCS_initFLL</name>
         <load_address>0x10000</load_address>
         <run_address>0x10000</run_address>
         <size>0xe2</size>
         <input_file_ref idref="fl-29"/>
      </object_component>
      <object_component id="oc-621">
         <name>.text:PMM_setVCoreUp</name>
         <load_address>0x100e2</load_address>
         <run_address>0x100e2</run_address>
         <size>0xe0</size>
         <input_file_ref idref="fl-1b"/>
      </object_component>
      <object_component id="oc-47d">
         <name>.text:main</name>
         <load_address>0x101c2</load_address>
         <run_address>0x101c2</run_address>
         <size>0xca</size>
         <input_file_ref idref="fl-3"/>
      </object_component>
      <object_component id="oc-500">
         <name>.text:init_sdc</name>
         <load_address>0x1028c</load_address>
         <run_address>0x1028c</run_address>
         <size>0xbc</size>
         <input_file_ref idref="fl-5"/>
      </object_component>
      <object_component id="oc-58c">
         <name>.text:UCS_initClockSignal</name>
         <load_address>0x10348</load_address>
         <run_address>0x10348</run_address>
         <size>0xa6</size>
         <input_file_ref idref="fl-29"/>
      </object_component>
      <object_component id="oc-627">
         <name>.text:PMM_setVCoreDown</name>
         <load_address>0x103ee</load_address>
         <run_address>0x103ee</run_address>
         <size>0xa2</size>
         <input_file_ref idref="fl-1b"/>
      </object_component>
      <object_component id="oc-5a2">
         <name>.text:EUSCI_A_UART_init</name>
         <load_address>0x10490</load_address>
         <run_address>0x10490</run_address>
         <size>0x9a</size>
         <input_file_ref idref="fl-10"/>
      </object_component>
      <object_component id="oc-463">
         <name>.text:_auto_init_hold_wdt</name>
         <load_address>0x1052a</load_address>
         <run_address>0x1052a</run_address>
         <size>0x82</size>
         <input_file_ref idref="fl-7d"/>
      </object_component>
      <object_component id="oc-522">
         <name>.text:ltoa</name>
         <load_address>0x105ac</load_address>
         <run_address>0x105ac</run_address>
         <size>0x80</size>
         <input_file_ref idref="fl-70"/>
      </object_component>
      <object_component id="oc-4fa">
         <name>.text:init_uart</name>
         <load_address>0x1062c</load_address>
         <run_address>0x1062c</run_address>
         <size>0x7a</size>
         <input_file_ref idref="fl-5"/>
      </object_component>
      <object_component id="oc-6e">
         <name>.text:decompress:lzss:__TI_decompress_lzss</name>
         <load_address>0x106a6</load_address>
         <run_address>0x106a6</run_address>
         <size>0x78</size>
         <input_file_ref idref="fl-51"/>
      </object_component>
      <object_component id="oc-4c7">
         <name>.text:copy_in</name>
         <load_address>0x1071e</load_address>
         <run_address>0x1071e</run_address>
         <size>0x66</size>
         <input_file_ref idref="fl-7e"/>
      </object_component>
      <object_component id="oc-528">
         <name>.text:ext_uart_transmit_resultText</name>
         <load_address>0x10784</load_address>
         <run_address>0x10784</run_address>
         <size>0x58</size>
         <input_file_ref idref="fl-5"/>
      </object_component>
      <object_component id="oc-655">
         <name>.text</name>
         <load_address>0x107dc</load_address>
         <run_address>0x107dc</run_address>
         <size>0x58</size>
         <input_file_ref idref="fl-57"/>
      </object_component>
      <object_component id="oc-586">
         <name>.text:PMM_setVCore</name>
         <load_address>0x10834</load_address>
         <run_address>0x10834</run_address>
         <size>0x52</size>
         <input_file_ref idref="fl-1b"/>
      </object_component>
      <object_component id="oc-5c3">
         <name>.text:SD24_B_init</name>
         <load_address>0x10886</load_address>
         <run_address>0x10886</run_address>
         <size>0x50</size>
         <input_file_ref idref="fl-21"/>
      </object_component>
      <object_component id="oc-50f">
         <name>.text:Timer_A_initContinuousMode</name>
         <load_address>0x108d6</load_address>
         <run_address>0x108d6</run_address>
         <size>0x50</size>
         <input_file_ref idref="fl-25"/>
      </object_component>
      <object_component id="oc-5f7">
         <name>.text</name>
         <load_address>0x10926</load_address>
         <run_address>0x10926</run_address>
         <size>0x40</size>
         <input_file_ref idref="fl-56"/>
      </object_component>
      <object_component id="oc-592">
         <name>.text:UCS_initFLLSettle</name>
         <load_address>0x10966</load_address>
         <run_address>0x10966</run_address>
         <size>0x36</size>
         <input_file_ref idref="fl-29"/>
      </object_component>
      <object_component id="oc-5d2">
         <name>.text:SD24_B_initConverter</name>
         <load_address>0x1099c</load_address>
         <run_address>0x1099c</run_address>
         <size>0x2c</size>
         <input_file_ref idref="fl-21"/>
      </object_component>
      <object_component id="oc-599">
         <name>.text:GPIO_setAsPeripheralModuleFunctionInputPin</name>
         <load_address>0x109c8</load_address>
         <run_address>0x109c8</run_address>
         <size>0x28</size>
         <input_file_ref idref="fl-14"/>
      </object_component>
      <object_component id="oc-91">
         <name>.text:decompress:ZI:__TI_zero_init</name>
         <load_address>0x109f0</load_address>
         <run_address>0x109f0</run_address>
         <size>0x24</size>
         <input_file_ref idref="fl-53"/>
      </object_component>
      <object_component id="oc-5b4">
         <name>.text:EUSCI_A_UART_enableInterrupt</name>
         <load_address>0x10a14</load_address>
         <run_address>0x10a14</run_address>
         <size>0x22</size>
         <input_file_ref idref="fl-10"/>
      </object_component>
      <object_component id="oc-604">
         <name>.text:EUSCI_A_UART_transmitData</name>
         <load_address>0x10a36</load_address>
         <run_address>0x10a36</run_address>
         <size>0x22</size>
         <input_file_ref idref="fl-10"/>
      </object_component>
      <object_component id="oc-4ee">
         <name>.text:WDT_A_hold</name>
         <load_address>0x10a58</load_address>
         <run_address>0x10a58</run_address>
         <size>0x20</size>
         <input_file_ref idref="fl-2e"/>
      </object_component>
      <object_component id="oc-52e">
         <name>.text:clearResultText</name>
         <load_address>0x10a78</load_address>
         <run_address>0x10a78</run_address>
         <size>0x1e</size>
         <input_file_ref idref="fl-3"/>
      </object_component>
      <object_component id="oc-4f4">
         <name>.text:set_clock_signals</name>
         <load_address>0x10a96</load_address>
         <run_address>0x10a96</run_address>
         <size>0x1e</size>
         <input_file_ref idref="fl-2"/>
      </object_component>
      <object_component id="oc-5c9">
         <name>.text:SD24_B_setInterruptDelay</name>
         <load_address>0x10ab4</load_address>
         <run_address>0x10ab4</run_address>
         <size>0x1a</size>
         <input_file_ref idref="fl-21"/>
      </object_component>
      <object_component id="oc-4b9">
         <name>.text:SD24_B_getResults</name>
         <load_address>0x10ace</load_address>
         <run_address>0x10ace</run_address>
         <size>0x18</size>
         <input_file_ref idref="fl-21"/>
      </object_component>
      <object_component id="oc-5e4">
         <name>.text:SD24_B_setOversampling</name>
         <load_address>0x10ae6</load_address>
         <run_address>0x10ae6</run_address>
         <size>0x18</size>
         <input_file_ref idref="fl-21"/>
      </object_component>
      <object_component id="oc-515">
         <name>.text:SD24_B_startConverterConversion</name>
         <load_address>0x10afe</load_address>
         <run_address>0x10afe</run_address>
         <size>0x18</size>
         <input_file_ref idref="fl-21"/>
      </object_component>
      <object_component id="oc-51b">
         <name>.text:SD24_B_stopConverterConversion</name>
         <load_address>0x10b16</load_address>
         <run_address>0x10b16</run_address>
         <size>0x18</size>
         <input_file_ref idref="fl-21"/>
      </object_component>
      <object_component id="oc-556">
         <name>.text</name>
         <load_address>0x10b2e</load_address>
         <run_address>0x10b2e</run_address>
         <size>0x18</size>
         <input_file_ref idref="fl-74"/>
      </object_component>
      <object_component id="oc-5d8">
         <name>.text:SD24_B_clearInterrupt</name>
         <load_address>0x10b46</load_address>
         <run_address>0x10b46</run_address>
         <size>0x16</size>
         <input_file_ref idref="fl-21"/>
      </object_component>
      <object_component id="oc-5de">
         <name>.text:SD24_B_enableInterrupt</name>
         <load_address>0x10b5c</load_address>
         <run_address>0x10b5c</run_address>
         <size>0x16</size>
         <input_file_ref idref="fl-21"/>
      </object_component>
      <object_component id="oc-42c">
         <name>.text:memcpy</name>
         <load_address>0x10b72</load_address>
         <run_address>0x10b72</run_address>
         <size>0x14</size>
         <input_file_ref idref="fl-71"/>
      </object_component>
      <object_component id="oc-74">
         <name>.text:decompress:none:__TI_decompress_none</name>
         <load_address>0x10b86</load_address>
         <run_address>0x10b86</run_address>
         <size>0x12</size>
         <input_file_ref idref="fl-52"/>
      </object_component>
      <object_component id="oc-5ae">
         <name>.text:EUSCI_A_UART_clearInterrupt</name>
         <load_address>0x10b98</load_address>
         <run_address>0x10b98</run_address>
         <size>0xe</size>
         <input_file_ref idref="fl-10"/>
      </object_component>
      <object_component id="oc-534">
         <name>.text:Timer_A_startCounter</name>
         <load_address>0x10ba6</load_address>
         <run_address>0x10ba6</run_address>
         <size>0xc</size>
         <input_file_ref idref="fl-25"/>
      </object_component>
      <object_component id="oc-60a">
         <name>.text:EUSCI_A_UART_queryStatusFlags</name>
         <load_address>0x10bb2</load_address>
         <run_address>0x10bb2</run_address>
         <size>0xa</size>
         <input_file_ref idref="fl-10"/>
      </object_component>
      <object_component id="oc-5fc">
         <name>.text:abs</name>
         <load_address>0x10bbc</load_address>
         <run_address>0x10bbc</run_address>
         <size>0xa</size>
         <input_file_ref idref="fl-7b"/>
      </object_component>
      <object_component id="oc-64b">
         <name>.text</name>
         <load_address>0x10bc6</load_address>
         <run_address>0x10bc6</run_address>
         <size>0xa</size>
         <input_file_ref idref="fl-6e"/>
      </object_component>
      <object_component id="oc-4ab">
         <name>.text:Timer_A_stop</name>
         <load_address>0x10bd0</load_address>
         <run_address>0x10bd0</run_address>
         <size>0x8</size>
         <input_file_ref idref="fl-25"/>
      </object_component>
      <object_component id="oc-5a8">
         <name>.text:EUSCI_A_UART_enable</name>
         <load_address>0x10bd8</load_address>
         <run_address>0x10bd8</run_address>
         <size>0x6</size>
         <input_file_ref idref="fl-10"/>
      </object_component>
      <object_component id="oc-4b1">
         <name>.text:Timer_A_clear</name>
         <load_address>0x10bde</load_address>
         <run_address>0x10bde</run_address>
         <size>0x6</size>
         <input_file_ref idref="fl-25"/>
      </object_component>
      <object_component id="oc-506">
         <name>.text:Timer_A_clearTimerInterrupt</name>
         <load_address>0x10be4</load_address>
         <run_address>0x10be4</run_address>
         <size>0x6</size>
         <input_file_ref idref="fl-25"/>
      </object_component>
      <object_component id="oc-485">
         <name>.text:abort</name>
         <load_address>0x10bea</load_address>
         <run_address>0x10bea</run_address>
         <size>0x6</size>
         <input_file_ref idref="fl-58"/>
      </object_component>
      <object_component id="oc-45d">
         <name>.text:_system_pre_init</name>
         <load_address>0x10bf0</load_address>
         <run_address>0x10bf0</run_address>
         <size>0x4</size>
         <input_file_ref idref="fl-79"/>
      </object_component>
      <object_component id="oc-4cd">
         <name>.text:_system_post_cinit</name>
         <load_address>0x10bf4</load_address>
         <run_address>0x10bf4</run_address>
         <size>0x2</size>
         <input_file_ref idref="fl-80"/>
      </object_component>
      <object_component id="oc-44a">
         <name>.text:_isr:SD24BISR</name>
         <load_address>0x4000</load_address>
         <run_address>0x4000</run_address>
         <size>0x5e</size>
         <input_file_ref idref="fl-3"/>
      </object_component>
      <object_component id="oc-43e">
         <name>.text:_isr:TIMER1_A1_ISR</name>
         <load_address>0x405e</load_address>
         <run_address>0x405e</run_address>
         <size>0x32</size>
         <input_file_ref idref="fl-3"/>
      </object_component>
      <object_component id="oc-af">
         <name>.text:_isr:_c_int00_noargs_noexit</name>
         <load_address>0x4090</load_address>
         <run_address>0x4090</run_address>
         <size>0x1a</size>
         <input_file_ref idref="fl-50"/>
      </object_component>
      <object_component id="oc-444">
         <name>.text:_isr:EUSCI_A1_ISR</name>
         <load_address>0x40aa</load_address>
         <run_address>0x40aa</run_address>
         <size>0xa</size>
         <input_file_ref idref="fl-3"/>
      </object_component>
      <object_component id="oc-450">
         <name>.text:_isr:USCI_A0_ISR</name>
         <load_address>0x40b4</load_address>
         <run_address>0x40b4</run_address>
         <size>0xa</size>
         <input_file_ref idref="fl-3"/>
      </object_component>
      <object_component id="oc-439">
         <name>.text:_isr:__TI_ISR_TRAP</name>
         <load_address>0x40be</load_address>
         <run_address>0x40be</run_address>
         <size>0x8</size>
         <input_file_ref idref="fl-6d"/>
      </object_component>
      <object_component id="oc-6dc">
         <name>.cinit..data.load</name>
         <load_address>0x4108</load_address>
         <run_address>0x4108</run_address>
         <size>0xf</size>
      </object_component>
      <object_component id="oc-6d9">
         <name>__TI_handler_table</name>
         <load_address>0x4118</load_address>
         <run_address>0x4118</run_address>
         <size>0xc</size>
      </object_component>
      <object_component id="oc-6db">
         <name>.cinit..bss.load</name>
         <load_address>0x4124</load_address>
         <run_address>0x4124</run_address>
         <size>0x6</size>
      </object_component>
      <object_component id="oc-6da">
         <name>__TI_cinit_table</name>
         <load_address>0x412a</load_address>
         <run_address>0x412a</run_address>
         <size>0x10</size>
      </object_component>
      <object_component id="oc-637">
         <name>.const:GPIO_PORT_TO_BASE</name>
         <load_address>0x40c6</load_address>
         <run_address>0x40c6</run_address>
         <size>0x1c</size>
         <input_file_ref idref="fl-14"/>
      </object_component>
      <object_component id="oc-59f">
         <name>.const:$P$T0$1</name>
         <load_address>0x40e2</load_address>
         <run_address>0x40e2</run_address>
         <size>0x10</size>
         <input_file_ref idref="fl-5"/>
      </object_component>
      <object_component id="oc-50c">
         <name>.const:$P$T0$1</name>
         <load_address>0x40f2</load_address>
         <run_address>0x40f2</run_address>
         <size>0xa</size>
         <input_file_ref idref="fl-3"/>
      </object_component>
      <object_component id="oc-5c0">
         <name>.const:$P$T1$2</name>
         <load_address>0x40fc</load_address>
         <run_address>0x40fc</run_address>
         <size>0x8</size>
         <input_file_ref idref="fl-5"/>
      </object_component>
      <object_component id="oc-5cf">
         <name>.const:$P$T2$3</name>
         <load_address>0x4104</load_address>
         <run_address>0x4104</run_address>
         <size>0x4</size>
         <input_file_ref idref="fl-5"/>
      </object_component>
      <object_component id="oc-673">
         <name>.binit</name>
         <load_address>0x4000</load_address>
         <run_address>0x4000</run_address>
         <size>0x0</size>
      </object_component>
      <object_component id="oc-7a">
         <name>.int40</name>
         <load_address>0xffd0</load_address>
         <run_address>0xffd0</run_address>
         <size>0x2</size>
         <input_file_ref idref="fl-5a"/>
      </object_component>
      <object_component id="oc-7b">
         <name>.int41</name>
         <load_address>0xffd2</load_address>
         <run_address>0xffd2</run_address>
         <size>0x2</size>
         <input_file_ref idref="fl-5b"/>
      </object_component>
      <object_component id="oc-7c">
         <name>.int42</name>
         <load_address>0xffd4</load_address>
         <run_address>0xffd4</run_address>
         <size>0x2</size>
         <input_file_ref idref="fl-5c"/>
      </object_component>
      <object_component id="oc-7d">
         <name>.int43</name>
         <load_address>0xffd6</load_address>
         <run_address>0xffd6</run_address>
         <size>0x2</size>
         <input_file_ref idref="fl-5d"/>
      </object_component>
      <object_component id="oc-7e">
         <name>.int44</name>
         <load_address>0xffd8</load_address>
         <run_address>0xffd8</run_address>
         <size>0x2</size>
         <input_file_ref idref="fl-5e"/>
      </object_component>
      <object_component id="oc-7f">
         <name>.int45</name>
         <load_address>0xffda</load_address>
         <run_address>0xffda</run_address>
         <size>0x2</size>
         <input_file_ref idref="fl-5f"/>
      </object_component>
      <object_component id="oc-80">
         <name>.int46</name>
         <load_address>0xffdc</load_address>
         <run_address>0xffdc</run_address>
         <size>0x2</size>
         <input_file_ref idref="fl-60"/>
      </object_component>
      <object_component id="oc-81">
         <name>.int47</name>
         <load_address>0xffde</load_address>
         <run_address>0xffde</run_address>
         <size>0x2</size>
         <input_file_ref idref="fl-61"/>
      </object_component>
      <object_component id="oc-82">
         <name>.int48</name>
         <load_address>0xffe0</load_address>
         <run_address>0xffe0</run_address>
         <size>0x2</size>
         <input_file_ref idref="fl-3"/>
      </object_component>
      <object_component id="oc-83">
         <name>.int49</name>
         <load_address>0xffe2</load_address>
         <run_address>0xffe2</run_address>
         <size>0x2</size>
         <input_file_ref idref="fl-62"/>
      </object_component>
      <object_component id="oc-84">
         <name>.int50</name>
         <load_address>0xffe4</load_address>
         <run_address>0xffe4</run_address>
         <size>0x2</size>
         <input_file_ref idref="fl-63"/>
      </object_component>
      <object_component id="oc-85">
         <name>.int51</name>
         <load_address>0xffe6</load_address>
         <run_address>0xffe6</run_address>
         <size>0x2</size>
         <input_file_ref idref="fl-64"/>
      </object_component>
      <object_component id="oc-86">
         <name>.int52</name>
         <load_address>0xffe8</load_address>
         <run_address>0xffe8</run_address>
         <size>0x2</size>
         <input_file_ref idref="fl-65"/>
      </object_component>
      <object_component id="oc-87">
         <name>.int53</name>
         <load_address>0xffea</load_address>
         <run_address>0xffea</run_address>
         <size>0x2</size>
         <input_file_ref idref="fl-3"/>
      </object_component>
      <object_component id="oc-88">
         <name>.int54</name>
         <load_address>0xffec</load_address>
         <run_address>0xffec</run_address>
         <size>0x2</size>
         <input_file_ref idref="fl-66"/>
      </object_component>
      <object_component id="oc-89">
         <name>.int55</name>
         <load_address>0xffee</load_address>
         <run_address>0xffee</run_address>
         <size>0x2</size>
         <input_file_ref idref="fl-67"/>
      </object_component>
      <object_component id="oc-8a">
         <name>.int56</name>
         <load_address>0xfff0</load_address>
         <run_address>0xfff0</run_address>
         <size>0x2</size>
         <input_file_ref idref="fl-3"/>
      </object_component>
      <object_component id="oc-8b">
         <name>.int57</name>
         <load_address>0xfff2</load_address>
         <run_address>0xfff2</run_address>
         <size>0x2</size>
         <input_file_ref idref="fl-68"/>
      </object_component>
      <object_component id="oc-8c">
         <name>.int58</name>
         <load_address>0xfff4</load_address>
         <run_address>0xfff4</run_address>
         <size>0x2</size>
         <input_file_ref idref="fl-69"/>
      </object_component>
      <object_component id="oc-8d">
         <name>.int59</name>
         <load_address>0xfff6</load_address>
         <run_address>0xfff6</run_address>
         <size>0x2</size>
         <input_file_ref idref="fl-3"/>
      </object_component>
      <object_component id="oc-8e">
         <name>.int60</name>
         <load_address>0xfff8</load_address>
         <run_address>0xfff8</run_address>
         <size>0x2</size>
         <input_file_ref idref="fl-6a"/>
      </object_component>
      <object_component id="oc-8f">
         <name>.int61</name>
         <load_address>0xfffa</load_address>
         <run_address>0xfffa</run_address>
         <size>0x2</size>
         <input_file_ref idref="fl-6b"/>
      </object_component>
      <object_component id="oc-90">
         <name>.int62</name>
         <load_address>0xfffc</load_address>
         <run_address>0xfffc</run_address>
         <size>0x2</size>
         <input_file_ref idref="fl-6c"/>
      </object_component>
      <object_component id="oc-420">
         <name>.reset</name>
         <load_address>0xfffe</load_address>
         <run_address>0xfffe</run_address>
         <size>0x2</size>
         <input_file_ref idref="fl-4f"/>
      </object_component>
      <object_component id="oc-4f5">
         <name>.debug_info</name>
         <load_address>0x0</load_address>
         <run_address>0x0</run_address>
         <size>0x18d</size>
         <input_file_ref idref="fl-2"/>
      </object_component>
      <object_component id="oc-5bb">
         <name>.debug_info</name>
         <load_address>0x18d</load_address>
         <run_address>0x18d</run_address>
         <size>0xee</size>
         <input_file_ref idref="fl-2"/>
      </object_component>
      <object_component id="oc-5eb">
         <name>.debug_info</name>
         <load_address>0x27b</load_address>
         <run_address>0x27b</run_address>
         <size>0x1b0</size>
         <input_file_ref idref="fl-2"/>
      </object_component>
      <object_component id="oc-53b">
         <name>.debug_info</name>
         <load_address>0x42b</load_address>
         <run_address>0x42b</run_address>
         <size>0x392</size>
         <input_file_ref idref="fl-2"/>
      </object_component>
      <object_component id="oc-547">
         <name>.debug_info</name>
         <load_address>0x7bd</load_address>
         <run_address>0x7bd</run_address>
         <size>0x8b</size>
         <input_file_ref idref="fl-2"/>
      </object_component>
      <object_component id="oc-54c">
         <name>.debug_info</name>
         <load_address>0x848</load_address>
         <run_address>0x848</run_address>
         <size>0x18b</size>
         <input_file_ref idref="fl-2"/>
      </object_component>
      <object_component id="oc-4c0">
         <name>.debug_info</name>
         <load_address>0x9d3</load_address>
         <run_address>0x9d3</run_address>
         <size>0x60a</size>
         <input_file_ref idref="fl-3"/>
      </object_component>
      <object_component id="oc-4a9">
         <name>.debug_info</name>
         <load_address>0xfdd</load_address>
         <run_address>0xfdd</run_address>
         <size>0x1ae</size>
         <input_file_ref idref="fl-3"/>
      </object_component>
      <object_component id="oc-50d">
         <name>.debug_info</name>
         <load_address>0x118b</load_address>
         <run_address>0x118b</run_address>
         <size>0xf1</size>
         <input_file_ref idref="fl-3"/>
      </object_component>
      <object_component id="oc-52f">
         <name>.debug_info</name>
         <load_address>0x127c</load_address>
         <run_address>0x127c</run_address>
         <size>0x12c</size>
         <input_file_ref idref="fl-3"/>
      </object_component>
      <object_component id="oc-47e">
         <name>.debug_info</name>
         <load_address>0x13a8</load_address>
         <run_address>0x13a8</run_address>
         <size>0x2d0</size>
         <input_file_ref idref="fl-3"/>
      </object_component>
      <object_component id="oc-445">
         <name>.debug_info</name>
         <load_address>0x1678</load_address>
         <run_address>0x1678</run_address>
         <size>0x127</size>
         <input_file_ref idref="fl-3"/>
      </object_component>
      <object_component id="oc-451">
         <name>.debug_info</name>
         <load_address>0x179f</load_address>
         <run_address>0x179f</run_address>
         <size>0x125</size>
         <input_file_ref idref="fl-3"/>
      </object_component>
      <object_component id="oc-43f">
         <name>.debug_info</name>
         <load_address>0x18c4</load_address>
         <run_address>0x18c4</run_address>
         <size>0x150</size>
         <input_file_ref idref="fl-3"/>
      </object_component>
      <object_component id="oc-44b">
         <name>.debug_info</name>
         <load_address>0x1a14</load_address>
         <run_address>0x1a14</run_address>
         <size>0x137</size>
         <input_file_ref idref="fl-3"/>
      </object_component>
      <object_component id="oc-63d">
         <name>.debug_info</name>
         <load_address>0x1b4b</load_address>
         <run_address>0x1b4b</run_address>
         <size>0x5d7</size>
         <input_file_ref idref="fl-5"/>
      </object_component>
      <object_component id="oc-5a0">
         <name>.debug_info</name>
         <load_address>0x2122</load_address>
         <run_address>0x2122</run_address>
         <size>0xf8</size>
         <input_file_ref idref="fl-5"/>
      </object_component>
      <object_component id="oc-5c1">
         <name>.debug_info</name>
         <load_address>0x221a</load_address>
         <run_address>0x221a</run_address>
         <size>0xf8</size>
         <input_file_ref idref="fl-5"/>
      </object_component>
      <object_component id="oc-5d0">
         <name>.debug_info</name>
         <load_address>0x2312</load_address>
         <run_address>0x2312</run_address>
         <size>0xf8</size>
         <input_file_ref idref="fl-5"/>
      </object_component>
      <object_component id="oc-4fb">
         <name>.debug_info</name>
         <load_address>0x240a</load_address>
         <run_address>0x240a</run_address>
         <size>0x1fe</size>
         <input_file_ref idref="fl-5"/>
      </object_component>
      <object_component id="oc-501">
         <name>.debug_info</name>
         <load_address>0x2608</load_address>
         <run_address>0x2608</run_address>
         <size>0x21f</size>
         <input_file_ref idref="fl-5"/>
      </object_component>
      <object_component id="oc-529">
         <name>.debug_info</name>
         <load_address>0x2827</load_address>
         <run_address>0x2827</run_address>
         <size>0x20e</size>
         <input_file_ref idref="fl-5"/>
      </object_component>
      <object_component id="oc-427">
         <name>.debug_info</name>
         <load_address>0x2a35</load_address>
         <run_address>0x2a35</run_address>
         <size>0x84</size>
         <input_file_ref idref="fl-7"/>
      </object_component>
      <object_component id="oc-63f">
         <name>.debug_info</name>
         <load_address>0x2ab9</load_address>
         <run_address>0x2ab9</run_address>
         <size>0x174</size>
         <input_file_ref idref="fl-10"/>
      </object_component>
      <object_component id="oc-5a3">
         <name>.debug_info</name>
         <load_address>0x2c2d</load_address>
         <run_address>0x2c2d</run_address>
         <size>0x210</size>
         <input_file_ref idref="fl-10"/>
      </object_component>
      <object_component id="oc-605">
         <name>.debug_info</name>
         <load_address>0x2e3d</load_address>
         <run_address>0x2e3d</run_address>
         <size>0x223</size>
         <input_file_ref idref="fl-10"/>
      </object_component>
      <object_component id="oc-5b5">
         <name>.debug_info</name>
         <load_address>0x3060</load_address>
         <run_address>0x3060</run_address>
         <size>0x220</size>
         <input_file_ref idref="fl-10"/>
      </object_component>
      <object_component id="oc-5af">
         <name>.debug_info</name>
         <load_address>0x3280</load_address>
         <run_address>0x3280</run_address>
         <size>0x1e8</size>
         <input_file_ref idref="fl-10"/>
      </object_component>
      <object_component id="oc-5a9">
         <name>.debug_info</name>
         <load_address>0x3468</load_address>
         <run_address>0x3468</run_address>
         <size>0x1d5</size>
         <input_file_ref idref="fl-10"/>
      </object_component>
      <object_component id="oc-60b">
         <name>.debug_info</name>
         <load_address>0x363d</load_address>
         <run_address>0x363d</run_address>
         <size>0x1f0</size>
         <input_file_ref idref="fl-10"/>
      </object_component>
      <object_component id="oc-667">
         <name>.debug_info</name>
         <load_address>0x382d</load_address>
         <run_address>0x382d</run_address>
         <size>0x17e</size>
         <input_file_ref idref="fl-14"/>
      </object_component>
      <object_component id="oc-638">
         <name>.debug_info</name>
         <load_address>0x39ab</load_address>
         <run_address>0x39ab</run_address>
         <size>0x11e</size>
         <input_file_ref idref="fl-14"/>
      </object_component>
      <object_component id="oc-59a">
         <name>.debug_info</name>
         <load_address>0x3ac9</load_address>
         <run_address>0x3ac9</run_address>
         <size>0x250</size>
         <input_file_ref idref="fl-14"/>
      </object_component>
      <object_component id="oc-622">
         <name>.debug_info</name>
         <load_address>0x3d19</load_address>
         <run_address>0x3d19</run_address>
         <size>0x21a</size>
         <input_file_ref idref="fl-1b"/>
      </object_component>
      <object_component id="oc-628">
         <name>.debug_info</name>
         <load_address>0x3f33</load_address>
         <run_address>0x3f33</run_address>
         <size>0x21e</size>
         <input_file_ref idref="fl-1b"/>
      </object_component>
      <object_component id="oc-587">
         <name>.debug_info</name>
         <load_address>0x4151</load_address>
         <run_address>0x4151</run_address>
         <size>0x21a</size>
         <input_file_ref idref="fl-1b"/>
      </object_component>
      <object_component id="oc-646">
         <name>.debug_info</name>
         <load_address>0x436b</load_address>
         <run_address>0x436b</run_address>
         <size>0x17a</size>
         <input_file_ref idref="fl-21"/>
      </object_component>
      <object_component id="oc-5c4">
         <name>.debug_info</name>
         <load_address>0x44e5</load_address>
         <run_address>0x44e5</run_address>
         <size>0x1d9</size>
         <input_file_ref idref="fl-21"/>
      </object_component>
      <object_component id="oc-5d3">
         <name>.debug_info</name>
         <load_address>0x46be</load_address>
         <run_address>0x46be</run_address>
         <size>0x202</size>
         <input_file_ref idref="fl-21"/>
      </object_component>
      <object_component id="oc-516">
         <name>.debug_info</name>
         <load_address>0x48c0</load_address>
         <run_address>0x48c0</run_address>
         <size>0x228</size>
         <input_file_ref idref="fl-21"/>
      </object_component>
      <object_component id="oc-51c">
         <name>.debug_info</name>
         <load_address>0x4ae8</load_address>
         <run_address>0x4ae8</run_address>
         <size>0x226</size>
         <input_file_ref idref="fl-21"/>
      </object_component>
      <object_component id="oc-5ca">
         <name>.debug_info</name>
         <load_address>0x4d0e</load_address>
         <run_address>0x4d0e</run_address>
         <size>0x258</size>
         <input_file_ref idref="fl-21"/>
      </object_component>
      <object_component id="oc-5e5">
         <name>.debug_info</name>
         <load_address>0x4f66</load_address>
         <run_address>0x4f66</run_address>
         <size>0x264</size>
         <input_file_ref idref="fl-21"/>
      </object_component>
      <object_component id="oc-4ba">
         <name>.debug_info</name>
         <load_address>0x51ca</load_address>
         <run_address>0x51ca</run_address>
         <size>0x245</size>
         <input_file_ref idref="fl-21"/>
      </object_component>
      <object_component id="oc-5df">
         <name>.debug_info</name>
         <load_address>0x540f</load_address>
         <run_address>0x540f</run_address>
         <size>0x219</size>
         <input_file_ref idref="fl-21"/>
      </object_component>
      <object_component id="oc-5d9">
         <name>.debug_info</name>
         <load_address>0x5628</load_address>
         <run_address>0x5628</run_address>
         <size>0x217</size>
         <input_file_ref idref="fl-21"/>
      </object_component>
      <object_component id="oc-5f4">
         <name>.debug_info</name>
         <load_address>0x583f</load_address>
         <run_address>0x583f</run_address>
         <size>0x18d</size>
         <input_file_ref idref="fl-25"/>
      </object_component>
      <object_component id="oc-535">
         <name>.debug_info</name>
         <load_address>0x59cc</load_address>
         <run_address>0x59cc</run_address>
         <size>0x1fe</size>
         <input_file_ref idref="fl-25"/>
      </object_component>
      <object_component id="oc-510">
         <name>.debug_info</name>
         <load_address>0x5bca</load_address>
         <run_address>0x5bca</run_address>
         <size>0x1fa</size>
         <input_file_ref idref="fl-25"/>
      </object_component>
      <object_component id="oc-4b2">
         <name>.debug_info</name>
         <load_address>0x5dc4</load_address>
         <run_address>0x5dc4</run_address>
         <size>0x1ba</size>
         <input_file_ref idref="fl-25"/>
      </object_component>
      <object_component id="oc-4ac">
         <name>.debug_info</name>
         <load_address>0x5f7e</load_address>
         <run_address>0x5f7e</run_address>
         <size>0x1bb</size>
         <input_file_ref idref="fl-25"/>
      </object_component>
      <object_component id="oc-507">
         <name>.debug_info</name>
         <load_address>0x6139</load_address>
         <run_address>0x6139</run_address>
         <size>0x1d9</size>
         <input_file_ref idref="fl-25"/>
      </object_component>
      <object_component id="oc-636">
         <name>.debug_info</name>
         <load_address>0x6312</load_address>
         <run_address>0x6312</run_address>
         <size>0x23b</size>
         <input_file_ref idref="fl-29"/>
      </object_component>
      <object_component id="oc-58d">
         <name>.debug_info</name>
         <load_address>0x654d</load_address>
         <run_address>0x654d</run_address>
         <size>0x286</size>
         <input_file_ref idref="fl-29"/>
      </object_component>
      <object_component id="oc-593">
         <name>.debug_info</name>
         <load_address>0x67d3</load_address>
         <run_address>0x67d3</run_address>
         <size>0x1d6</size>
         <input_file_ref idref="fl-29"/>
      </object_component>
      <object_component id="oc-630">
         <name>.debug_info</name>
         <load_address>0x69a9</load_address>
         <run_address>0x69a9</run_address>
         <size>0x214</size>
         <input_file_ref idref="fl-29"/>
      </object_component>
      <object_component id="oc-4ef">
         <name>.debug_info</name>
         <load_address>0x6bbd</load_address>
         <run_address>0x6bbd</run_address>
         <size>0x1cf</size>
         <input_file_ref idref="fl-2e"/>
      </object_component>
      <object_component id="oc-41e">
         <name>.debug_info</name>
         <load_address>0x6d8c</load_address>
         <run_address>0x6d8c</run_address>
         <size>0xf5</size>
         <input_file_ref idref="fl-4f"/>
      </object_component>
      <object_component id="oc-b0">
         <name>.debug_info</name>
         <load_address>0x6e81</load_address>
         <run_address>0x6e81</run_address>
         <size>0x196</size>
         <input_file_ref idref="fl-50"/>
      </object_component>
      <object_component id="oc-498">
         <name>.debug_info</name>
         <load_address>0x7017</load_address>
         <run_address>0x7017</run_address>
         <size>0x170</size>
         <input_file_ref idref="fl-51"/>
      </object_component>
      <object_component id="oc-6f">
         <name>.debug_info</name>
         <load_address>0x7187</load_address>
         <run_address>0x7187</run_address>
         <size>0x245</size>
         <input_file_ref idref="fl-51"/>
      </object_component>
      <object_component id="oc-422">
         <name>.debug_info</name>
         <load_address>0x73cc</load_address>
         <run_address>0x73cc</run_address>
         <size>0x60</size>
         <input_file_ref idref="fl-51"/>
      </object_component>
      <object_component id="oc-493">
         <name>.debug_info</name>
         <load_address>0x742c</load_address>
         <run_address>0x742c</run_address>
         <size>0x46</size>
         <input_file_ref idref="fl-51"/>
      </object_component>
      <object_component id="oc-438">
         <name>.debug_info</name>
         <load_address>0x7472</load_address>
         <run_address>0x7472</run_address>
         <size>0x1c6</size>
         <input_file_ref idref="fl-52"/>
      </object_component>
      <object_component id="oc-75">
         <name>.debug_info</name>
         <load_address>0x7638</load_address>
         <run_address>0x7638</run_address>
         <size>0x1c8</size>
         <input_file_ref idref="fl-52"/>
      </object_component>
      <object_component id="oc-433">
         <name>.debug_info</name>
         <load_address>0x7800</load_address>
         <run_address>0x7800</run_address>
         <size>0x46</size>
         <input_file_ref idref="fl-52"/>
      </object_component>
      <object_component id="oc-4a2">
         <name>.debug_info</name>
         <load_address>0x7846</load_address>
         <run_address>0x7846</run_address>
         <size>0x2c</size>
         <input_file_ref idref="fl-52"/>
      </object_component>
      <object_component id="oc-45c">
         <name>.debug_info</name>
         <load_address>0x7872</load_address>
         <run_address>0x7872</run_address>
         <size>0x174</size>
         <input_file_ref idref="fl-53"/>
      </object_component>
      <object_component id="oc-92">
         <name>.debug_info</name>
         <load_address>0x79e6</load_address>
         <run_address>0x79e6</run_address>
         <size>0x1ba</size>
         <input_file_ref idref="fl-53"/>
      </object_component>
      <object_component id="oc-457">
         <name>.debug_info</name>
         <load_address>0x7ba0</load_address>
         <run_address>0x7ba0</run_address>
         <size>0x46</size>
         <input_file_ref idref="fl-53"/>
      </object_component>
      <object_component id="oc-5f8">
         <name>.debug_info</name>
         <load_address>0x7be6</load_address>
         <run_address>0x7be6</run_address>
         <size>0x130</size>
         <input_file_ref idref="fl-56"/>
      </object_component>
      <object_component id="oc-656">
         <name>.debug_info</name>
         <load_address>0x7d16</load_address>
         <run_address>0x7d16</run_address>
         <size>0x11b</size>
         <input_file_ref idref="fl-57"/>
      </object_component>
      <object_component id="oc-486">
         <name>.debug_info</name>
         <load_address>0x7e31</load_address>
         <run_address>0x7e31</run_address>
         <size>0x117</size>
         <input_file_ref idref="fl-58"/>
      </object_component>
      <object_component id="oc-43a">
         <name>.debug_info</name>
         <load_address>0x7f48</load_address>
         <run_address>0x7f48</run_address>
         <size>0x107</size>
         <input_file_ref idref="fl-6d"/>
      </object_component>
      <object_component id="oc-64c">
         <name>.debug_info</name>
         <load_address>0x804f</load_address>
         <run_address>0x804f</run_address>
         <size>0x118</size>
         <input_file_ref idref="fl-6e"/>
      </object_component>
      <object_component id="oc-603">
         <name>.debug_info</name>
         <load_address>0x8167</load_address>
         <run_address>0x8167</run_address>
         <size>0x1cd</size>
         <input_file_ref idref="fl-70"/>
      </object_component>
      <object_component id="oc-523">
         <name>.debug_info</name>
         <load_address>0x8334</load_address>
         <run_address>0x8334</run_address>
         <size>0x205</size>
         <input_file_ref idref="fl-70"/>
      </object_component>
      <object_component id="oc-49b">
         <name>.debug_info</name>
         <load_address>0x8539</load_address>
         <run_address>0x8539</run_address>
         <size>0x2c</size>
         <input_file_ref idref="fl-70"/>
      </object_component>
      <object_component id="oc-49a">
         <name>.debug_info</name>
         <load_address>0x8565</load_address>
         <run_address>0x8565</run_address>
         <size>0x17c</size>
         <input_file_ref idref="fl-71"/>
      </object_component>
      <object_component id="oc-42d">
         <name>.debug_info</name>
         <load_address>0x86e1</load_address>
         <run_address>0x86e1</run_address>
         <size>0x191</size>
         <input_file_ref idref="fl-71"/>
      </object_component>
      <object_component id="oc-557">
         <name>.debug_info</name>
         <load_address>0x8872</load_address>
         <run_address>0x8872</run_address>
         <size>0x128</size>
         <input_file_ref idref="fl-74"/>
      </object_component>
      <object_component id="oc-45e">
         <name>.debug_info</name>
         <load_address>0x899a</load_address>
         <run_address>0x899a</run_address>
         <size>0x148</size>
         <input_file_ref idref="fl-79"/>
      </object_component>
      <object_component id="oc-5fd">
         <name>.debug_info</name>
         <load_address>0x8ae2</load_address>
         <run_address>0x8ae2</run_address>
         <size>0x135</size>
         <input_file_ref idref="fl-7b"/>
      </object_component>
      <object_component id="oc-4d9">
         <name>.debug_info</name>
         <load_address>0x8c17</load_address>
         <run_address>0x8c17</run_address>
         <size>0x3f5</size>
         <input_file_ref idref="fl-7d"/>
      </object_component>
      <object_component id="oc-467">
         <name>.debug_info</name>
         <load_address>0x900c</load_address>
         <run_address>0x900c</run_address>
         <size>0x21e</size>
         <input_file_ref idref="fl-7d"/>
      </object_component>
      <object_component id="oc-560">
         <name>.debug_info</name>
         <load_address>0x922a</load_address>
         <run_address>0x922a</run_address>
         <size>0x39</size>
         <input_file_ref idref="fl-7d"/>
      </object_component>
      <object_component id="oc-4d4">
         <name>.debug_info</name>
         <load_address>0x9263</load_address>
         <run_address>0x9263</run_address>
         <size>0x2c</size>
         <input_file_ref idref="fl-7d"/>
      </object_component>
      <object_component id="oc-565">
         <name>.debug_info</name>
         <load_address>0x928f</load_address>
         <run_address>0x928f</run_address>
         <size>0xcd</size>
         <input_file_ref idref="fl-7d"/>
      </object_component>
      <object_component id="oc-55c">
         <name>.debug_info</name>
         <load_address>0x935c</load_address>
         <run_address>0x935c</run_address>
         <size>0x266</size>
         <input_file_ref idref="fl-7e"/>
      </object_component>
      <object_component id="oc-4cb">
         <name>.debug_info</name>
         <load_address>0x95c2</load_address>
         <run_address>0x95c2</run_address>
         <size>0x1b0</size>
         <input_file_ref idref="fl-7e"/>
      </object_component>
      <object_component id="oc-617">
         <name>.debug_info</name>
         <load_address>0x9772</load_address>
         <run_address>0x9772</run_address>
         <size>0x2c</size>
         <input_file_ref idref="fl-7e"/>
      </object_component>
      <object_component id="oc-4d1">
         <name>.debug_info</name>
         <load_address>0x979e</load_address>
         <run_address>0x979e</run_address>
         <size>0x145</size>
         <input_file_ref idref="fl-80"/>
      </object_component>
      <object_component id="oc-6e0">
         <name>.debug_info</name>
         <load_address>0x98e3</load_address>
         <run_address>0x98e3</run_address>
         <size>0xc6</size>
      </object_component>
      <object_component id="oc-4f8">
         <name>.debug_line</name>
         <load_address>0x0</load_address>
         <run_address>0x0</run_address>
         <size>0x4a</size>
         <input_file_ref idref="fl-2"/>
      </object_component>
      <object_component id="oc-5be">
         <name>.debug_line</name>
         <load_address>0x4a</load_address>
         <run_address>0x4a</run_address>
         <size>0x9d</size>
         <input_file_ref idref="fl-2"/>
      </object_component>
      <object_component id="oc-5ee">
         <name>.debug_line</name>
         <load_address>0xe7</load_address>
         <run_address>0xe7</run_address>
         <size>0x97</size>
         <input_file_ref idref="fl-2"/>
      </object_component>
      <object_component id="oc-53e">
         <name>.debug_line</name>
         <load_address>0x17e</load_address>
         <run_address>0x17e</run_address>
         <size>0x98</size>
         <input_file_ref idref="fl-2"/>
      </object_component>
      <object_component id="oc-54a">
         <name>.debug_line</name>
         <load_address>0x216</load_address>
         <run_address>0x216</run_address>
         <size>0x20</size>
         <input_file_ref idref="fl-2"/>
      </object_component>
      <object_component id="oc-54f">
         <name>.debug_line</name>
         <load_address>0x236</load_address>
         <run_address>0x236</run_address>
         <size>0x73</size>
         <input_file_ref idref="fl-2"/>
      </object_component>
      <object_component id="oc-555">
         <name>.debug_line</name>
         <load_address>0x2a9</load_address>
         <run_address>0x2a9</run_address>
         <size>0x2a5</size>
         <input_file_ref idref="fl-3"/>
      </object_component>
      <object_component id="oc-546">
         <name>.debug_line</name>
         <load_address>0x54e</load_address>
         <run_address>0x54e</run_address>
         <size>0x2d</size>
         <input_file_ref idref="fl-3"/>
      </object_component>
      <object_component id="oc-5f2">
         <name>.debug_line</name>
         <load_address>0x57b</load_address>
         <run_address>0x57b</run_address>
         <size>0x2d</size>
         <input_file_ref idref="fl-3"/>
      </object_component>
      <object_component id="oc-532">
         <name>.debug_line</name>
         <load_address>0x5a8</load_address>
         <run_address>0x5a8</run_address>
         <size>0x4c</size>
         <input_file_ref idref="fl-3"/>
      </object_component>
      <object_component id="oc-481">
         <name>.debug_line</name>
         <load_address>0x5f4</load_address>
         <run_address>0x5f4</run_address>
         <size>0x65</size>
         <input_file_ref idref="fl-3"/>
      </object_component>
      <object_component id="oc-448">
         <name>.debug_line</name>
         <load_address>0x659</load_address>
         <run_address>0x659</run_address>
         <size>0x43</size>
         <input_file_ref idref="fl-3"/>
      </object_component>
      <object_component id="oc-454">
         <name>.debug_line</name>
         <load_address>0x69c</load_address>
         <run_address>0x69c</run_address>
         <size>0x43</size>
         <input_file_ref idref="fl-3"/>
      </object_component>
      <object_component id="oc-442">
         <name>.debug_line</name>
         <load_address>0x6df</load_address>
         <run_address>0x6df</run_address>
         <size>0x4d</size>
         <input_file_ref idref="fl-3"/>
      </object_component>
      <object_component id="oc-44e">
         <name>.debug_line</name>
         <load_address>0x72c</load_address>
         <run_address>0x72c</run_address>
         <size>0x4e</size>
         <input_file_ref idref="fl-3"/>
      </object_component>
      <object_component id="oc-669">
         <name>.debug_line</name>
         <load_address>0x77a</load_address>
         <run_address>0x77a</run_address>
         <size>0x1f4</size>
         <input_file_ref idref="fl-5"/>
      </object_component>
      <object_component id="oc-63c">
         <name>.debug_line</name>
         <load_address>0x96e</load_address>
         <run_address>0x96e</run_address>
         <size>0x34</size>
         <input_file_ref idref="fl-5"/>
      </object_component>
      <object_component id="oc-644">
         <name>.debug_line</name>
         <load_address>0x9a2</load_address>
         <run_address>0x9a2</run_address>
         <size>0x34</size>
         <input_file_ref idref="fl-5"/>
      </object_component>
      <object_component id="oc-649">
         <name>.debug_line</name>
         <load_address>0x9d6</load_address>
         <run_address>0x9d6</run_address>
         <size>0x34</size>
         <input_file_ref idref="fl-5"/>
      </object_component>
      <object_component id="oc-4fe">
         <name>.debug_line</name>
         <load_address>0xa0a</load_address>
         <run_address>0xa0a</run_address>
         <size>0x5a</size>
         <input_file_ref idref="fl-5"/>
      </object_component>
      <object_component id="oc-504">
         <name>.debug_line</name>
         <load_address>0xa64</load_address>
         <run_address>0xa64</run_address>
         <size>0x63</size>
         <input_file_ref idref="fl-5"/>
      </object_component>
      <object_component id="oc-52c">
         <name>.debug_line</name>
         <load_address>0xac7</load_address>
         <run_address>0xac7</run_address>
         <size>0x5b</size>
         <input_file_ref idref="fl-5"/>
      </object_component>
      <object_component id="oc-42a">
         <name>.debug_line</name>
         <load_address>0xb22</load_address>
         <run_address>0xb22</run_address>
         <size>0x20</size>
         <input_file_ref idref="fl-7"/>
      </object_component>
      <object_component id="oc-66b">
         <name>.debug_line</name>
         <load_address>0xb42</load_address>
         <run_address>0xb42</run_address>
         <size>0x20</size>
         <input_file_ref idref="fl-10"/>
      </object_component>
      <object_component id="oc-5a6">
         <name>.debug_line</name>
         <load_address>0xb62</load_address>
         <run_address>0xb62</run_address>
         <size>0x84</size>
         <input_file_ref idref="fl-10"/>
      </object_component>
      <object_component id="oc-608">
         <name>.debug_line</name>
         <load_address>0xbe6</load_address>
         <run_address>0xbe6</run_address>
         <size>0x6a</size>
         <input_file_ref idref="fl-10"/>
      </object_component>
      <object_component id="oc-5b8">
         <name>.debug_line</name>
         <load_address>0xc50</load_address>
         <run_address>0xc50</run_address>
         <size>0x67</size>
         <input_file_ref idref="fl-10"/>
      </object_component>
      <object_component id="oc-5b2">
         <name>.debug_line</name>
         <load_address>0xcb7</load_address>
         <run_address>0xcb7</run_address>
         <size>0x64</size>
         <input_file_ref idref="fl-10"/>
      </object_component>
      <object_component id="oc-5ac">
         <name>.debug_line</name>
         <load_address>0xd1b</load_address>
         <run_address>0xd1b</run_address>
         <size>0x64</size>
         <input_file_ref idref="fl-10"/>
      </object_component>
      <object_component id="oc-60e">
         <name>.debug_line</name>
         <load_address>0xd7f</load_address>
         <run_address>0xd7f</run_address>
         <size>0x64</size>
         <input_file_ref idref="fl-10"/>
      </object_component>
      <object_component id="oc-671">
         <name>.debug_line</name>
         <load_address>0xde3</load_address>
         <run_address>0xde3</run_address>
         <size>0x20</size>
         <input_file_ref idref="fl-14"/>
      </object_component>
      <object_component id="oc-666">
         <name>.debug_line</name>
         <load_address>0xe03</load_address>
         <run_address>0xe03</run_address>
         <size>0x46</size>
         <input_file_ref idref="fl-14"/>
      </object_component>
      <object_component id="oc-59d">
         <name>.debug_line</name>
         <load_address>0xe49</load_address>
         <run_address>0xe49</run_address>
         <size>0x66</size>
         <input_file_ref idref="fl-14"/>
      </object_component>
      <object_component id="oc-625">
         <name>.debug_line</name>
         <load_address>0xeaf</load_address>
         <run_address>0xeaf</run_address>
         <size>0xc0</size>
         <input_file_ref idref="fl-1b"/>
      </object_component>
      <object_component id="oc-62b">
         <name>.debug_line</name>
         <load_address>0xf6f</load_address>
         <run_address>0xf6f</run_address>
         <size>0x76</size>
         <input_file_ref idref="fl-1b"/>
      </object_component>
      <object_component id="oc-58a">
         <name>.debug_line</name>
         <load_address>0xfe5</load_address>
         <run_address>0xfe5</run_address>
         <size>0x74</size>
         <input_file_ref idref="fl-1b"/>
      </object_component>
      <object_component id="oc-66d">
         <name>.debug_line</name>
         <load_address>0x1059</load_address>
         <run_address>0x1059</run_address>
         <size>0x20</size>
         <input_file_ref idref="fl-21"/>
      </object_component>
      <object_component id="oc-5c7">
         <name>.debug_line</name>
         <load_address>0x1079</load_address>
         <run_address>0x1079</run_address>
         <size>0x62</size>
         <input_file_ref idref="fl-21"/>
      </object_component>
      <object_component id="oc-5d6">
         <name>.debug_line</name>
         <load_address>0x10db</load_address>
         <run_address>0x10db</run_address>
         <size>0x62</size>
         <input_file_ref idref="fl-21"/>
      </object_component>
      <object_component id="oc-519">
         <name>.debug_line</name>
         <load_address>0x113d</load_address>
         <run_address>0x113d</run_address>
         <size>0x62</size>
         <input_file_ref idref="fl-21"/>
      </object_component>
      <object_component id="oc-51f">
         <name>.debug_line</name>
         <load_address>0x119f</load_address>
         <run_address>0x119f</run_address>
         <size>0x62</size>
         <input_file_ref idref="fl-21"/>
      </object_component>
      <object_component id="oc-5cd">
         <name>.debug_line</name>
         <load_address>0x1201</load_address>
         <run_address>0x1201</run_address>
         <size>0x62</size>
[...]
         <value>0x5fb</value>
      </symbol>
      <symbol id="sm-326">
         <name>UCA1IFG</name>
         <value>0x5fc</value>
      </symbol>
      <symbol id="sm-327">
         <name>UCA1IFG_L</name>
         <value>0x5fc</value>
      </symbol>
      <symbol id="sm-328">
         <name>UCA1IFG_H</name>
         <value>0x5fd</value>
      </symbol>
      <symbol id="sm-329">
         <name>UCA1IV</name>
         <value>0x5fe</value>
      </symbol>
      <symbol id="sm-32a">
         <name>UCA2CTLW0</name>
         <value>0x600</value>
      </symbol>
      <symbol id="sm-32b">
         <name>UCA2CTLW0_L</name>
         <value>0x600</value>
      </symbol>
      <symbol id="sm-32c">
         <name>UCA2CTLW0_H</name>
         <value>0x601</value>
      </symbol>
      <symbol id="sm-32d">
         <name>UCA2CTLW1</name>
         <value>0x602</value>
      </symbol>
      <symbol id="sm-32e">
         <name>UCA2CTLW1_L</name>
         <value>0x602</value>
      </symbol>
      <symbol id="sm-32f">
         <name>UCA2CTLW1_H</name>
         <value>0x603</value>
      </symbol>
      <symbol id="sm-330">
         <name>UCA2BRW</name>
         <value>0x606</value>
      </symbol>
      <symbol id="sm-331">
         <name>UCA2BRW_L</name>
         <value>0x606</value>
      </symbol>
      <symbol id="sm-332">
         <name>UCA2BRW_H</name>
         <value>0x607</value>
      </symbol>
      <symbol id="sm-333">
         <name>UCA2MCTLW</name>
         <value>0x608</value>
      </symbol>
      <symbol id="sm-334">
         <name>UCA2MCTLW_L</name>
         <value>0x608</value>
      </symbol>
      <symbol id="sm-335">
         <name>UCA2MCTLW_H</name>
         <value>0x609</value>
      </symbol>
      <symbol id="sm-336">
         <name>UCA2STATW</name>
         <value>0x60a</value>
      </symbol>
      <symbol id="sm-337">
         <name>UCA2RXBUF</name>
         <value>0x60c</value>
      </symbol>
      <symbol id="sm-338">
         <name>UCA2RXBUF_L</name>
         <value>0x60c</value>
      </symbol>
      <symbol id="sm-339">
         <name>UCA2RXBUF_H</name>
         <value>0x60d</value>
      </symbol>
      <symbol id="sm-33a">
         <name>UCA2TXBUF</name>
         <value>0x60e</value>
      </symbol>
      <symbol id="sm-33b">
         <name>UCA2TXBUF_L</name>
         <value>0x60e</value>
      </symbol>
      <symbol id="sm-33c">
         <name>UCA2TXBUF_H</name>
         <value>0x60f</value>
      </symbol>
      <symbol id="sm-33d">
         <name>UCA2ABCTL</name>
         <value>0x610</value>
      </symbol>
      <symbol id="sm-33e">
         <name>UCA2IRCTL</name>
         <value>0x612</value>
      </symbol>
      <symbol id="sm-33f">
         <name>UCA2IRCTL_L</name>
         <value>0x612</value>
      </symbol>
      <symbol id="sm-340">
         <name>UCA2IRCTL_H</name>
         <value>0x613</value>
      </symbol>
      <symbol id="sm-341">
         <name>UCA2IE</name>
         <value>0x61a</value>
      </symbol>
      <symbol id="sm-342">
         <name>UCA2IE_L</name>
         <value>0x61a</value>
      </symbol>
      <symbol id="sm-343">
         <name>UCA2IE_H</name>
         <value>0x61b</value>
      </symbol>
      <symbol id="sm-344">
         <name>UCA2IFG</name>
         <value>0x61c</value>
      </symbol>
      <symbol id="sm-345">
         <name>UCA2IFG_L</name>
         <value>0x61c</value>
      </symbol>
      <symbol id="sm-346">
         <name>UCA2IFG_H</name>
         <value>0x61d</value>
      </symbol>
      <symbol id="sm-347">
         <name>UCA2IV</name>
         <value>0x61e</value>
      </symbol>
      <symbol id="sm-348">
         <name>WDTCTL</name>
         <value>0x15c</value>
      </symbol>
      <symbol id="sm-349">
         <name>WDTCTL_L</name>
         <value>0x15c</value>
      </symbol>
      <symbol id="sm-34a">
         <name>WDTCTL_H</name>
         <value>0x15d</value>
      </symbol>
      <symbol id="sm-34b">
         <name>__TI_CINIT_Base</name>
         <value>0x412a</value>
      </symbol>
      <symbol id="sm-34c">
         <name>__TI_CINIT_Limit</name>
         <value>0x413a</value>
      </symbol>
      <symbol id="sm-34d">
         <name>__TI_Handler_Table_Base</name>
         <value>0x4118</value>
      </symbol>
      <symbol id="sm-34e">
         <name>__TI_Handler_Table_Limit</name>
         <value>0x4124</value>
      </symbol>
      <symbol id="sm-34f">
         <name>__STACK_SIZE</name>
         <value>0x50</value>
      </symbol>
      <symbol id="sm-350">
         <name>__STACK_END</name>
         <value>0x3c00</value>
      </symbol>
      <symbol id="sm-351">
         <name>__c_args__</name>
         <value>0xffffffff</value>
      </symbol>
      <symbol id="sm-352">
         <name>__TI_pprof_out_hndl</name>
         <value>0xffffffff</value>
      </symbol>
      <symbol id="sm-353">
         <name>__TI_prof_data_start</name>
         <value>0xffffffff</value>
      </symbol>
      <symbol id="sm-354">
         <name>__TI_prof_data_size</name>
         <value>0xffffffff</value>
      </symbol>
      <symbol id="sm-3d3">
         <name>set_clock_signals</name>
         <value>0x10a96</value>
         <object_component_ref idref="oc-4f4"/>
      </symbol>
      <symbol id="sm-41a">
         <name>currResult</name>
         <value>0x1c08</value>
      </symbol>
      <symbol id="sm-41b">
         <name>resultText</name>
         <value>0x1c00</value>
      </symbol>
      <symbol id="sm-41c">
         <name>i</name>
         <value>0x1c0c</value>
      </symbol>
      <symbol id="sm-41d">
         <name>timerOverflowCounter</name>
         <value>0x1c18</value>
         <object_component_ref idref="oc-4a8"/>
      </symbol>
      <symbol id="sm-41e">
         <name>TIMER1_A1_ISR</name>
         <value>0x405e</value>
         <object_component_ref idref="oc-43e"/>
      </symbol>
      <symbol id="sm-41f">
         <name>__TI_int48</name>
         <value>0xffe0</value>
         <object_component_ref idref="oc-82"/>
      </symbol>
      <symbol id="sm-420">
         <name>__TI_int59</name>
         <value>0xfff6</value>
         <object_component_ref idref="oc-8d"/>
      </symbol>
      <symbol id="sm-421">
         <name>__TI_int56</name>
         <value>0xfff0</value>
         <object_component_ref idref="oc-8a"/>
      </symbol>
      <symbol id="sm-422">
         <name>__TI_int53</name>
         <value>0xffea</value>
         <object_component_ref idref="oc-87"/>
      </symbol>
      <symbol id="sm-423">
         <name>USCI_A0_ISR</name>
         <value>0x40b4</value>
         <object_component_ref idref="oc-450"/>
      </symbol>
      <symbol id="sm-424">
         <name>EUSCI_A1_ISR</name>
         <value>0x40aa</value>
         <object_component_ref idref="oc-444"/>
      </symbol>
      <symbol id="sm-425">
         <name>main</name>
         <value>0x101c2</value>
         <object_component_ref idref="oc-47d"/>
      </symbol>
      <symbol id="sm-426">
         <name>timerRunning</name>
         <value>0x1c0e</value>
         <object_component_ref idref="oc-4a8"/>
      </symbol>
      <symbol id="sm-427">
         <name>minResult</name>
         <value>0x1c14</value>
         <object_component_ref idref="oc-4a8"/>
      </symbol>
      <symbol id="sm-428">
         <name>clearResultText</name>
         <value>0x10a78</value>
         <object_component_ref idref="oc-52e"/>
      </symbol>
      <symbol id="sm-429">
         <name>SD24BISR</name>
         <value>0x4000</value>
         <object_component_ref idref="oc-44a"/>
      </symbol>
      <symbol id="sm-42a">
         <name>maxResult</name>
         <value>0x1c10</value>
         <object_component_ref idref="oc-4a8"/>
      </symbol>
      <symbol id="sm-42b">
         <name>maxTimerOverflows</name>
         <value>0x1c1a</value>
         <object_component_ref idref="oc-4a8"/>
      </symbol>
      <symbol id="sm-45f">
         <name>ext_uart_transmit_resultText</name>
         <value>0x10784</value>
         <object_component_ref idref="oc-528"/>
      </symbol>
      <symbol id="sm-460">
         <name>init_sdc</name>
         <value>0x1028c</value>
         <object_component_ref idref="oc-500"/>
      </symbol>
      <symbol id="sm-461">
         <name>init_uart</name>
         <value>0x1062c</value>
         <object_component_ref idref="oc-4fa"/>
      </symbol>
      <symbol id="sm-4a4">
         <name>EUSCI_A_UART_enableInterrupt</name>
         <value>0x10a14</value>
         <object_component_ref idref="oc-5b4"/>
      </symbol>
      <symbol id="sm-4a5">
         <name>EUSCI_A_UART_queryStatusFlags</name>
         <value>0x10bb2</value>
         <object_component_ref idref="oc-60a"/>
      </symbol>
      <symbol id="sm-4a6">
         <name>EUSCI_A_UART_init</name>
         <value>0x10490</value>
         <object_component_ref idref="oc-5a2"/>
      </symbol>
      <symbol id="sm-4a7">
         <name>EUSCI_A_UART_enable</name>
         <value>0x10bd8</value>
         <object_component_ref idref="oc-5a8"/>
      </symbol>
      <symbol id="sm-4a8">
         <name>EUSCI_A_UART_clearInterrupt</name>
         <value>0x10b98</value>
         <object_component_ref idref="oc-5ae"/>
      </symbol>
      <symbol id="sm-4a9">
         <name>EUSCI_A_UART_transmitData</name>
         <value>0x10a36</value>
         <object_component_ref idref="oc-604"/>
      </symbol>
      <symbol id="sm-4bf">
         <name>GPIO_setAsPeripheralModuleFunctionInputPin</name>
         <value>0x109c8</value>
         <object_component_ref idref="oc-599"/>
      </symbol>
      <symbol id="sm-4ec">
         <name>PMM_setVCore</name>
         <value>0x10834</value>
         <object_component_ref idref="oc-586"/>
      </symbol>
      <symbol id="sm-4ed">
         <name>PMM_setVCoreDown</name>
         <value>0x103ee</value>
         <object_component_ref idref="oc-627"/>
      </symbol>
      <symbol id="sm-4ee">
         <name>PMM_setVCoreUp</name>
         <value>0x100e2</value>
         <object_component_ref idref="oc-621"/>
      </symbol>
      <symbol id="sm-537">
         <name>SD24_B_setOversampling</name>
         <value>0x10ae6</value>
         <object_component_ref idref="oc-5e4"/>
      </symbol>
      <symbol id="sm-538">
         <name>SD24_B_clearInterrupt</name>
         <value>0x10b46</value>
         <object_component_ref idref="oc-5d8"/>
      </symbol>
      <symbol id="sm-539">
         <name>SD24_B_getResults</name>
         <value>0x10ace</value>
         <object_component_ref idref="oc-4b9"/>
      </symbol>
      <symbol id="sm-53a">
         <name>SD24_B_stopConverterConversion</name>
         <value>0x10b16</value>
         <object_component_ref idref="oc-51b"/>
      </symbol>
      <symbol id="sm-53b">
         <name>SD24_B_setInterruptDelay</name>
         <value>0x10ab4</value>
         <object_component_ref idref="oc-5c9"/>
      </symbol>
      <symbol id="sm-53c">
         <name>SD24_B_initConverter</name>
         <value>0x1099c</value>
         <object_component_ref idref="oc-5d2"/>
      </symbol>
      <symbol id="sm-53d">
         <name>SD24_B_enableInterrupt</name>
         <value>0x10b5c</value>
         <object_component_ref idref="oc-5de"/>
      </symbol>
      <symbol id="sm-53e">
         <name>SD24_B_init</name>
         <value>0x10886</value>
         <object_component_ref idref="oc-5c3"/>
      </symbol>
      <symbol id="sm-53f">
         <name>SD24_B_startConverterConversion</name>
         <value>0x10afe</value>
         <object_component_ref idref="oc-515"/>
      </symbol>
      <symbol id="sm-56b">
         <name>Timer_A_initContinuousMode</name>
         <value>0x108d6</value>
         <object_component_ref idref="oc-50f"/>
      </symbol>
      <symbol id="sm-56c">
         <name>Timer_A_startCounter</name>
         <value>0x10ba6</value>
         <object_component_ref idref="oc-534"/>
      </symbol>
      <symbol id="sm-56d">
         <name>Timer_A_stop</name>
         <value>0x10bd0</value>
         <object_component_ref idref="oc-4ab"/>
      </symbol>
      <symbol id="sm-56e">
         <name>Timer_A_clear</name>
         <value>0x10bde</value>
         <object_component_ref idref="oc-4b1"/>
      </symbol>
      <symbol id="sm-56f">
         <name>Timer_A_clearTimerInterrupt</name>
         <value>0x10be4</value>
         <object_component_ref idref="oc-506"/>
      </symbol>
      <symbol id="sm-5a5">
         <name>UCS_initClockSignal</name>
         <value>0x10348</value>
         <object_component_ref idref="oc-58c"/>
      </symbol>
      <symbol id="sm-5a6">
         <name>UCS_initFLLSettle</name>
         <value>0x10966</value>
         <object_component_ref idref="oc-592"/>
      </symbol>
      <symbol id="sm-5a7">
         <name>UCS_initFLL</name>
         <value>0x10000</value>
         <object_component_ref idref="oc-62f"/>
      </symbol>
      <symbol id="sm-5b4">
         <name>WDT_A_hold</name>
         <value>0x10a58</value>
         <object_component_ref idref="oc-4ee"/>
      </symbol>
      <symbol id="sm-5bc">
         <name>_stack</name>
         <value>0x3bb0</value>
         <object_component_ref idref="oc-41d"/>
      </symbol>
      <symbol id="sm-5bd">
         <name>_reset_vector</name>
         <value>0xfffe</value>
         <object_component_ref idref="oc-420"/>
      </symbol>
      <symbol id="sm-5c7">
         <name>_c_int00_noargs_noexit</name>
         <value>0x4090</value>
         <object_component_ref idref="oc-af"/>
      </symbol>
      <symbol id="sm-5e5">
         <name>__TI_decompress_lzss</name>
         <value>0x106a6</value>
         <object_component_ref idref="oc-6e"/>
      </symbol>
      <symbol id="sm-5fb">
         <name>__TI_decompress_none</name>
         <value>0x10b86</value>
         <object_component_ref idref="oc-74"/>
      </symbol>
      <symbol id="sm-60e">
         <name>__TI_zero_init</name>
         <value>0x109f0</value>
         <object_component_ref idref="oc-91"/>
      </symbol>
      <symbol id="sm-61c">
         <name>__mspabi_remli</name>
         <value>0x10926</value>
         <object_component_ref idref="oc-5f7"/>
      </symbol>
      <symbol id="sm-61d">
         <name>__mspabi_divli</name>
         <value>0x10926</value>
         <object_component_ref idref="oc-5f7"/>
      </symbol>
      <symbol id="sm-62b">
         <name>__mspabi_remul</name>
         <value>0x107dc</value>
         <object_component_ref idref="oc-655"/>
      </symbol>
      <symbol id="sm-62c">
         <name>__mspabi_divul</name>
         <value>0x107dc</value>
         <object_component_ref idref="oc-655"/>
      </symbol>
      <symbol id="sm-636">
         <name>C$$EXIT</name>
         <value>0x10bea</value>
         <object_component_ref idref="oc-485"/>
      </symbol>
      <symbol id="sm-637">
         <name>abort</name>
         <value>0x10bea</value>
         <object_component_ref idref="oc-485"/>
      </symbol>
      <symbol id="sm-63b">
         <name>__TI_int40</name>
         <value>0xffd0</value>
         <object_component_ref idref="oc-7a"/>
      </symbol>
      <symbol id="sm-63e">
         <name>__TI_int41</name>
         <value>0xffd2</value>
         <object_component_ref idref="oc-7b"/>
      </symbol>
      <symbol id="sm-641">
         <name>__TI_int42</name>
         <value>0xffd4</value>
         <object_component_ref idref="oc-7c"/>
      </symbol>
      <symbol id="sm-644">
         <name>__TI_int43</name>
         <value>0xffd6</value>
         <object_component_ref idref="oc-7d"/>
      </symbol>
      <symbol id="sm-647">
         <name>__TI_int44</name>
         <value>0xffd8</value>
         <object_component_ref idref="oc-7e"/>
      </symbol>
      <symbol id="sm-64a">
         <name>__TI_int45</name>
         <value>0xffda</value>
         <object_component_ref idref="oc-7f"/>
      </symbol>
      <symbol id="sm-64d">
         <name>__TI_int46</name>
         <value>0xffdc</value>
         <object_component_ref idref="oc-80"/>
      </symbol>
      <symbol id="sm-650">
         <name>__TI_int47</name>
         <value>0xffde</value>
         <object_component_ref idref="oc-81"/>
      </symbol>
      <symbol id="sm-653">
         <name>__TI_int49</name>
         <value>0xffe2</value>
         <object_component_ref idref="oc-83"/>
      </symbol>
      <symbol id="sm-656">
         <name>__TI_int50</name>
         <value>0xffe4</value>
         <object_component_ref idref="oc-84"/>
      </symbol>
      <symbol id="sm-659">
         <name>__TI_int51</name>
         <value>0xffe6</value>
         <object_component_ref idref="oc-85"/>
      </symbol>
      <symbol id="sm-65c">
         <name>__TI_int52</name>
         <value>0xffe8</value>
         <object_component_ref idref="oc-86"/>
      </symbol>
      <symbol id="sm-65f">
         <name>__TI_int54</name>
         <value>0xffec</value>
         <object_component_ref idref="oc-88"/>
      </symbol>
      <symbol id="sm-662">
         <name>__TI_int55</name>
         <value>0xffee</value>
         <object_component_ref idref="oc-89"/>
      </symbol>
      <symbol id="sm-665">
         <name>__TI_int57</name>
         <value>0xfff2</value>
         <object_component_ref idref="oc-8b"/>
      </symbol>
      <symbol id="sm-668">
         <name>__TI_int58</name>
         <value>0xfff4</value>
         <object_component_ref idref="oc-8c"/>
      </symbol>
      <symbol id="sm-66b">
         <name>__TI_int60</name>
         <value>0xfff8</value>
         <object_component_ref idref="oc-8e"/>
      </symbol>
      <symbol id="sm-66e">
         <name>__TI_int61</name>
         <value>0xfffa</value>
         <object_component_ref idref="oc-8f"/>
      </symbol>
      <symbol id="sm-671">
         <name>__TI_int62</name>
         <value>0xfffc</value>
         <object_component_ref idref="oc-90"/>
      </symbol>
      <symbol id="sm-679">
         <name>__TI_ISR_TRAP</name>
         <value>0x40be</value>
         <object_component_ref idref="oc-439"/>
      </symbol>
      <symbol id="sm-682">
         <name>__mspabi_slli</name>
         <value>0x10bc6</value>
         <object_component_ref idref="oc-64b"/>
      </symbol>
      <symbol id="sm-697">
         <name>ltoa</name>
         <value>0x105ac</value>
         <object_component_ref idref="oc-522"/>
      </symbol>
      <symbol id="sm-6a5">
         <name>memcpy</name>
         <value>0x10b72</value>
         <object_component_ref idref="oc-42c"/>
      </symbol>
      <symbol id="sm-6af">
         <name>__mspabi_mpyi_f5hw</name>
         <value>0x10b2e</value>
         <object_component_ref idref="oc-556"/>
      </symbol>
      <symbol id="sm-6bc">
         <name>_system_pre_init</name>
         <value>0x10bf0</value>
         <object_component_ref idref="oc-45d"/>
      </symbol>
      <symbol id="sm-6c7">
         <name>abs</name>
         <value>0x10bbc</value>
         <object_component_ref idref="oc-5fc"/>
      </symbol>
      <symbol id="sm-6ea">
         <name>_auto_init_hold_wdt</name>
         <value>0x1052a</value>
         <object_component_ref idref="oc-463"/>
      </symbol>
      <symbol id="sm-700">
         <name>copy_in</name>
         <value>0x1071e</value>
         <object_component_ref idref="oc-4c7"/>
      </symbol>
      <symbol id="sm-70a">
         <name>_system_post_cinit</name>
         <value>0x10bf4</value>
         <object_component_ref idref="oc-4cd"/>
      </symbol>
      <symbol id="sm-70c">
         <name>__TI_BINIT_Base</name>
         <value>0x0</value>
      </symbol>
      <symbol id="sm-70d">
         <name>__TI_BINIT_Limit</name>
         <value>0x0</value>
      </symbol>
      <symbol id="sm-70e">
         <name>__TI_INITARRAY_Base</name>
         <value>0x0</value>
      </symbol>
      <symbol id="sm-70f">
         <name>__TI_INITARRAY_Limit</name>
         <value>0x0</value>
      </symbol>
   </symbol_table>
   <title>Link successful</title>
</link_info>
